Archive member included to satisfy reference by file (symbol)

c:/program files/microchip/xc8/v2.41/avr/bin/../lib/gcc/avr/5.4.0/avr5/memx-const\libgcc.a(_copy_data.o)
                              build/default/debug/ECU_Layer/ecu_layer_init.o (__do_copy_data)
c:/program files/microchip/xc8/v2.41/avr/bin/../lib/gcc/avr/5.4.0/../../../../avr/lib/avr5/memx-const\libc.a(exit.o)
                              C:/Program Files/Microchip/MPLABX/v6.10/packs/Microchip/ATmega_DFP/3.0.158/xc8/avr/lib/avr5/memx-const/crtatmega32.o (exit)
c:/program files/microchip/xc8/v2.41/avr/bin/../lib/gcc/avr/5.4.0/../../../../avr/lib/avr5/memx-const\libc.a(_Exit.o)
                              c:/program files/microchip/xc8/v2.41/avr/bin/../lib/gcc/avr/5.4.0/../../../../avr/lib/avr5/memx-const\libc.a(exit.o) (_Exit)
c:/program files/microchip/xc8/v2.41/avr/bin/../lib/gcc/avr/5.4.0/avr5/memx-const\libgcc.a(_exit.o)
                              c:/program files/microchip/xc8/v2.41/avr/bin/../lib/gcc/avr/5.4.0/../../../../avr/lib/avr5/memx-const\libc.a(_Exit.o) (_exit)

Discarded input sections

 .data          0x0000000000000000        0x0 C:/Program Files/Microchip/MPLABX/v6.10/packs/Microchip/ATmega_DFP/3.0.158/xc8/avr/lib/avr5/memx-const/crtatmega32.o
 .bss           0x0000000000000000        0x0 C:/Program Files/Microchip/MPLABX/v6.10/packs/Microchip/ATmega_DFP/3.0.158/xc8/avr/lib/avr5/memx-const/crtatmega32.o
 .text          0x0000000000000000        0x0 build/default/debug/ECU_Layer/ecu_layer_init.o
 .data          0x0000000000000000        0x0 build/default/debug/ECU_Layer/ecu_layer_init.o
 .bss           0x0000000000000000        0x0 build/default/debug/ECU_Layer/ecu_layer_init.o
 .text          0x0000000000000000        0x0 build/default/debug/MCAL_Layer/GPIO/hal_gpio.o
 .data          0x0000000000000000        0x0 build/default/debug/MCAL_Layer/GPIO/hal_gpio.o
 .bss           0x0000000000000000        0x0 build/default/debug/MCAL_Layer/GPIO/hal_gpio.o
 .text.gpio_pin_get_direction_status
                0x0000000000000000       0x5c build/default/debug/MCAL_Layer/GPIO/hal_gpio.o
 .text.gpio_pin_read_logic
                0x0000000000000000       0x5c build/default/debug/MCAL_Layer/GPIO/hal_gpio.o
 .text.gpio_pin_toggle_logic
                0x0000000000000000       0x52 build/default/debug/MCAL_Layer/GPIO/hal_gpio.o
 .text.gpio_port_get_direction_status
                0x0000000000000000       0x2e build/default/debug/MCAL_Layer/GPIO/hal_gpio.o
 .text.gpio_port_read_logic
                0x0000000000000000       0x2e build/default/debug/MCAL_Layer/GPIO/hal_gpio.o
 .text.gpio_port_toggle_logic
                0x0000000000000000       0x24 build/default/debug/MCAL_Layer/GPIO/hal_gpio.o
 .data.pin_registers
                0x0000000000000000        0x8 build/default/debug/MCAL_Layer/GPIO/hal_gpio.o
 .text          0x0000000000000000        0x0 build/default/debug/application.o
 .data          0x0000000000000000        0x0 build/default/debug/application.o
 .bss           0x0000000000000000        0x0 build/default/debug/application.o
 .text.application_initialize
                0x0000000000000000        0x6 build/default/debug/application.o
 .text          0x0000000000000000        0x0 build/default/debug/ECU_Layer/SEVEN_SEGMENT/ecu_seven_segment.o
 .data          0x0000000000000000        0x0 build/default/debug/ECU_Layer/SEVEN_SEGMENT/ecu_seven_segment.o
 .bss           0x0000000000000000        0x0 build/default/debug/ECU_Layer/SEVEN_SEGMENT/ecu_seven_segment.o
 .text.seven_segment_initialize
                0x0000000000000000       0x4c build/default/debug/ECU_Layer/SEVEN_SEGMENT/ecu_seven_segment.o
 .text.seven_segment_write_number
                0x0000000000000000       0x6e build/default/debug/ECU_Layer/SEVEN_SEGMENT/ecu_seven_segment.o
 .debug_info    0x0000000000000000      0x5b8 build/default/debug/ECU_Layer/SEVEN_SEGMENT/ecu_seven_segment.o
 .debug_abbrev  0x0000000000000000      0x10b build/default/debug/ECU_Layer/SEVEN_SEGMENT/ecu_seven_segment.o
 .debug_loc     0x0000000000000000      0x141 build/default/debug/ECU_Layer/SEVEN_SEGMENT/ecu_seven_segment.o
 .debug_aranges
                0x0000000000000000       0x28 build/default/debug/ECU_Layer/SEVEN_SEGMENT/ecu_seven_segment.o
 .debug_ranges  0x0000000000000000       0x18 build/default/debug/ECU_Layer/SEVEN_SEGMENT/ecu_seven_segment.o
 .debug_line    0x0000000000000000      0x161 build/default/debug/ECU_Layer/SEVEN_SEGMENT/ecu_seven_segment.o
 .debug_str     0x0000000000000000       0x34 build/default/debug/ECU_Layer/SEVEN_SEGMENT/ecu_seven_segment.o
 .comment       0x0000000000000000       0x30 build/default/debug/ECU_Layer/SEVEN_SEGMENT/ecu_seven_segment.o
 .debug_frame   0x0000000000000000       0x58 build/default/debug/ECU_Layer/SEVEN_SEGMENT/ecu_seven_segment.o
 .text          0x0000000000000000        0x0 build/default/debug/ECU_Layer/LED/ecu_led.o
 .data          0x0000000000000000        0x0 build/default/debug/ECU_Layer/LED/ecu_led.o
 .bss           0x0000000000000000        0x0 build/default/debug/ECU_Layer/LED/ecu_led.o
 .text.led_turn_off
                0x0000000000000000       0x68 build/default/debug/ECU_Layer/LED/ecu_led.o
 .text.led_toggle
                0x0000000000000000       0x66 build/default/debug/ECU_Layer/LED/ecu_led.o
 .text          0x0000000000000000        0x0 c:/program files/microchip/xc8/v2.41/avr/bin/../lib/gcc/avr/5.4.0/avr5/memx-const\libgcc.a(_copy_data.o)
 .data          0x0000000000000000        0x0 c:/program files/microchip/xc8/v2.41/avr/bin/../lib/gcc/avr/5.4.0/avr5/memx-const\libgcc.a(_copy_data.o)
 .bss           0x0000000000000000        0x0 c:/program files/microchip/xc8/v2.41/avr/bin/../lib/gcc/avr/5.4.0/avr5/memx-const\libgcc.a(_copy_data.o)
 .text.libgcc.mul
                0x0000000000000000        0x0 c:/program files/microchip/xc8/v2.41/avr/bin/../lib/gcc/avr/5.4.0/avr5/memx-const\libgcc.a(_copy_data.o)
 .text.libgcc.div
                0x0000000000000000        0x0 c:/program files/microchip/xc8/v2.41/avr/bin/../lib/gcc/avr/5.4.0/avr5/memx-const\libgcc.a(_copy_data.o)
 .text.libgcc   0x0000000000000000        0x0 c:/program files/microchip/xc8/v2.41/avr/bin/../lib/gcc/avr/5.4.0/avr5/memx-const\libgcc.a(_copy_data.o)
 .text.libgcc.prologue
                0x0000000000000000        0x0 c:/program files/microchip/xc8/v2.41/avr/bin/../lib/gcc/avr/5.4.0/avr5/memx-const\libgcc.a(_copy_data.o)
 .text.libgcc.builtins
                0x0000000000000000        0x0 c:/program files/microchip/xc8/v2.41/avr/bin/../lib/gcc/avr/5.4.0/avr5/memx-const\libgcc.a(_copy_data.o)
 .text.libgcc.fmul
                0x0000000000000000        0x0 c:/program files/microchip/xc8/v2.41/avr/bin/../lib/gcc/avr/5.4.0/avr5/memx-const\libgcc.a(_copy_data.o)
 .text.libgcc.fixed
                0x0000000000000000        0x0 c:/program files/microchip/xc8/v2.41/avr/bin/../lib/gcc/avr/5.4.0/avr5/memx-const\libgcc.a(_copy_data.o)
 .text          0x0000000000000000        0x0 c:/program files/microchip/xc8/v2.41/avr/bin/../lib/gcc/avr/5.4.0/../../../../avr/lib/avr5/memx-const\libc.a(exit.o)
 .data          0x0000000000000000        0x0 c:/program files/microchip/xc8/v2.41/avr/bin/../lib/gcc/avr/5.4.0/../../../../avr/lib/avr5/memx-const\libc.a(exit.o)
 .bss           0x0000000000000000        0x0 c:/program files/microchip/xc8/v2.41/avr/bin/../lib/gcc/avr/5.4.0/../../../../avr/lib/avr5/memx-const\libc.a(exit.o)
 .stack.descriptors
                0x0000000000000000       0x73 c:/program files/microchip/xc8/v2.41/avr/bin/../lib/gcc/avr/5.4.0/../../../../avr/lib/avr5/memx-const\libc.a(exit.o)
 .text          0x0000000000000000        0x0 c:/program files/microchip/xc8/v2.41/avr/bin/../lib/gcc/avr/5.4.0/../../../../avr/lib/avr5/memx-const\libc.a(_Exit.o)
 .data          0x0000000000000000        0x0 c:/program files/microchip/xc8/v2.41/avr/bin/../lib/gcc/avr/5.4.0/../../../../avr/lib/avr5/memx-const\libc.a(_Exit.o)
 .bss           0x0000000000000000        0x0 c:/program files/microchip/xc8/v2.41/avr/bin/../lib/gcc/avr/5.4.0/../../../../avr/lib/avr5/memx-const\libc.a(_Exit.o)
 .stack.descriptors
                0x0000000000000000       0x13 c:/program files/microchip/xc8/v2.41/avr/bin/../lib/gcc/avr/5.4.0/../../../../avr/lib/avr5/memx-const\libc.a(_Exit.o)
 .text          0x0000000000000000        0x0 c:/program files/microchip/xc8/v2.41/avr/bin/../lib/gcc/avr/5.4.0/avr5/memx-const\libgcc.a(_exit.o)
 .data          0x0000000000000000        0x0 c:/program files/microchip/xc8/v2.41/avr/bin/../lib/gcc/avr/5.4.0/avr5/memx-const\libgcc.a(_exit.o)
 .bss           0x0000000000000000        0x0 c:/program files/microchip/xc8/v2.41/avr/bin/../lib/gcc/avr/5.4.0/avr5/memx-const\libgcc.a(_exit.o)
 .text.libgcc.mul
                0x0000000000000000        0x0 c:/program files/microchip/xc8/v2.41/avr/bin/../lib/gcc/avr/5.4.0/avr5/memx-const\libgcc.a(_exit.o)
 .text.libgcc.div
                0x0000000000000000        0x0 c:/program files/microchip/xc8/v2.41/avr/bin/../lib/gcc/avr/5.4.0/avr5/memx-const\libgcc.a(_exit.o)
 .text.libgcc   0x0000000000000000        0x0 c:/program files/microchip/xc8/v2.41/avr/bin/../lib/gcc/avr/5.4.0/avr5/memx-const\libgcc.a(_exit.o)
 .text.libgcc.prologue
                0x0000000000000000        0x0 c:/program files/microchip/xc8/v2.41/avr/bin/../lib/gcc/avr/5.4.0/avr5/memx-const\libgcc.a(_exit.o)
 .stack.descriptors
                0x0000000000000000       0x13 c:/program files/microchip/xc8/v2.41/avr/bin/../lib/gcc/avr/5.4.0/avr5/memx-const\libgcc.a(_exit.o)
 .text.libgcc.builtins
                0x0000000000000000        0x0 c:/program files/microchip/xc8/v2.41/avr/bin/../lib/gcc/avr/5.4.0/avr5/memx-const\libgcc.a(_exit.o)
 .text.libgcc.fmul
                0x0000000000000000        0x0 c:/program files/microchip/xc8/v2.41/avr/bin/../lib/gcc/avr/5.4.0/avr5/memx-const\libgcc.a(_exit.o)
 .text.libgcc.fixed
                0x0000000000000000        0x0 c:/program files/microchip/xc8/v2.41/avr/bin/../lib/gcc/avr/5.4.0/avr5/memx-const\libgcc.a(_exit.o)

Memory Configuration

Name             Origin             Length             Attributes
text             0x0000000000000000 0x0000000000008000 xr
data             0x0000000000800060 0x0000000000000800 rw !x
eeprom           0x0000000000810000 0x0000000000000400 rw !x
fuse             0x0000000000820000 0x0000000000000002 rw !x
lock             0x0000000000830000 0x0000000000000400 rw !x
signature        0x0000000000840000 0x0000000000000400 rw !x
user_signatures  0x0000000000850000 0x0000000000000400 rw !x
bootrow          0x0000000000860000 0x0000000000000400 rw !x
*default*        0x0000000000000000 0xffffffffffffffff

Linker script and memory map

LOAD C:/Program Files/Microchip/MPLABX/v6.10/packs/Microchip/ATmega_DFP/3.0.158/xc8/avr/lib/avr5/memx-const/crtatmega32.o
                0x0000000000000001                __MPLAB_BUILD = 0x1
LOAD build/default/debug/ECU_Layer/ecu_layer_init.o
LOAD build/default/debug/MCAL_Layer/GPIO/hal_gpio.o
LOAD build/default/debug/application.o
LOAD build/default/debug/ECU_Layer/SEVEN_SEGMENT/ecu_seven_segment.o
LOAD build/default/debug/ECU_Layer/LED/ecu_led.o
START GROUP
LOAD c:/program files/microchip/xc8/v2.41/avr/bin/../lib/gcc/avr/5.4.0/../../../../avr/lib/avr5/memx-const\libm.a
END GROUP
                0x0000000000000001                __MPLAB_DEBUG = 0x1
                0x0000000000000001                __DEBUG = 0x1
                0x0000000000000001                __MPLAB_DEBUGGER_SIMULATOR = 0x1
START GROUP
LOAD c:/program files/microchip/xc8/v2.41/avr/bin/../lib/gcc/avr/5.4.0/avr5/memx-const\libgcc.a
LOAD c:/program files/microchip/xc8/v2.41/avr/bin/../lib/gcc/avr/5.4.0/../../../../avr/lib/avr5/memx-const\libm.a
LOAD c:/program files/microchip/xc8/v2.41/avr/bin/../lib/gcc/avr/5.4.0/../../../../avr/lib/avr5/memx-const\libc.a
LOAD C:/Program Files/Microchip/MPLABX/v6.10/packs/Microchip/ATmega_DFP/3.0.158/xc8/avr/lib/avr5/memx-const\libatmega32.a
END GROUP
                0x0000000000000000                __TEXT_REGION_ORIGIN__ = DEFINED (__TEXT_REGION_ORIGIN__)?__TEXT_REGION_ORIGIN__:0x0
                [0x0000000000800060]                __DATA_REGION_ORIGIN__ = DEFINED (__DATA_REGION_ORIGIN__)?__DATA_REGION_ORIGIN__:0x800060
                [0x0000000000008000]                __TEXT_REGION_LENGTH__ = DEFINED (__TEXT_REGION_LENGTH__)?__TEXT_REGION_LENGTH__:0x20000
                [0x0000000000000800]                __DATA_REGION_LENGTH__ = DEFINED (__DATA_REGION_LENGTH__)?__DATA_REGION_LENGTH__:0xffa0
                [0x0000000000000400]                __EEPROM_REGION_LENGTH__ = DEFINED (__EEPROM_REGION_LENGTH__)?__EEPROM_REGION_LENGTH__:0x10000
                [0x0000000000000002]                __FUSE_REGION_LENGTH__ = DEFINED (__FUSE_REGION_LENGTH__)?__FUSE_REGION_LENGTH__:0x400
                0x0000000000000400                __LOCK_REGION_LENGTH__ = DEFINED (__LOCK_REGION_LENGTH__)?__LOCK_REGION_LENGTH__:0x400
                0x0000000000000400                __SIGNATURE_REGION_LENGTH__ = DEFINED (__SIGNATURE_REGION_LENGTH__)?__SIGNATURE_REGION_LENGTH__:0x400
                0x0000000000000400                __USER_SIGNATURE_REGION_LENGTH__ = DEFINED (__USER_SIGNATURE_REGION_LENGTH__)?__USER_SIGNATURE_REGION_LENGTH__:0x400
                0x0000000000000400                __BOOTROW_REGION_LENGTH__ = DEFINED (__BOOTROW_REGION_LENGTH__)?__BOOTROW_REGION_LENGTH__:0x400

.hash
 *(.hash)

.dynsym
 *(.dynsym)

.dynstr
 *(.dynstr)

.gnu.version
 *(.gnu.version)

.gnu.version_d
 *(.gnu.version_d)

.gnu.version_r
 *(.gnu.version_r)

.rel.init
 *(.rel.init)

.rela.init
 *(.rela.init)

.rel.text
 *(.rel.text)
 *(.rel.text.*)
 *(.rel.gnu.linkonce.t*)

.rela.text
 *(.rela.text)
 *(.rela.text.*)
 *(.rela.gnu.linkonce.t*)

.rel.fini
 *(.rel.fini)

.rela.fini
 *(.rela.fini)

.rel.rodata
 *(.rel.rodata)
 *(.rel.rodata.*)
 *(.rel.gnu.linkonce.r*)

.rela.rodata
 *(.rela.rodata)
 *(.rela.rodata.*)
 *(.rela.gnu.linkonce.r*)

.rel.data
 *(.rel.data)
 *(.rel.data.*)
 *(.rel.gnu.linkonce.d*)

.rela.data
 *(.rela.data)
 *(.rela.data.*)
 *(.rela.gnu.linkonce.d*)

.rel.ctors
 *(.rel.ctors)

.rela.ctors
 *(.rela.ctors)

.rel.dtors
 *(.rel.dtors)

.rela.dtors
 *(.rela.dtors)

.rel.got
 *(.rel.got)

.rela.got
 *(.rela.got)

.rel.bss
 *(.rel.bss)

.rela.bss
 *(.rela.bss)

.rel.plt
 *(.rel.plt)

.rela.plt
 *(.rela.plt)

.text           0x0000000000000000       0xb4
 *(.vectors)
 .vectors       0x0000000000000000       0x54 C:/Program Files/Microchip/MPLABX/v6.10/packs/Microchip/ATmega_DFP/3.0.158/xc8/avr/lib/avr5/memx-const/crtatmega32.o
                0x0000000000000000                __vector_default
                0x0000000000000000                __vectors
 *(.vectors)
 *(.progmem.gcc*)
 *(.dinit)
 .dinit         0x0000000000000054        0xc data_init
                0x0000000000000060                . = ALIGN (0x2)
 *fill*         0x0000000000000060        0x0 
                0x0000000000000060                __trampolines_start = .
 *(.trampolines)
 .trampolines   0x0000000000000060        0x0 linker stubs
 *(.trampolines*)
                0x0000000000000060                __trampolines_end = .
 *libprintf_flt.a:*(.progmem.data)
 *libc.a:*(.progmem.data)
                0x0000000000000060                . = ALIGN (0x2)
 *(.jumptables)
 *(.jumptables*)
 *(.lowtext)
 *(.lowtext*)
                0x0000000000000060                __ctors_start = .
 *(.ctors)
                0x0000000000000060                __ctors_end = .
                0x0000000000000060                __dtors_start = .
 *(.dtors)
                0x0000000000000060                __dtors_end = .
 SORT(*)(.ctors)
 SORT(*)(.dtors)
 *(.init0)
 .init0         0x0000000000000060        0x0 C:/Program Files/Microchip/MPLABX/v6.10/packs/Microchip/ATmega_DFP/3.0.158/xc8/avr/lib/avr5/memx-const/crtatmega32.o
                0x0000000000000060                __init
 *(.init0)
 *(.init1)
 *(.init1)
 *(.init2)
 .init2         0x0000000000000060        0xc C:/Program Files/Microchip/MPLABX/v6.10/packs/Microchip/ATmega_DFP/3.0.158/xc8/avr/lib/avr5/memx-const/crtatmega32.o
 *(.init2)
 *(.init3)
 *(.init3)
 *(.init4)
 .init4         0x000000000000006c       0x3c c:/program files/microchip/xc8/v2.41/avr/bin/../lib/gcc/avr/5.4.0/avr5/memx-const\libgcc.a(_copy_data.o)
                0x000000000000006c                __do_copy_data
                0x000000000000009a                __do_clear_bss
 *(.init4)
 *(.init5)
 *(.init5)
 *(.init6)
 *(.init6)
 *(.init7)
 *(.init7)
 *(.init8)
 *(.init8)
 *(.init9)
 .init9         0x00000000000000a8        0x8 C:/Program Files/Microchip/MPLABX/v6.10/packs/Microchip/ATmega_DFP/3.0.158/xc8/avr/lib/avr5/memx-const/crtatmega32.o
 *(.init9)
                0x00000000000000b0                . = ALIGN (0x2)
 *(.fini9)
 .fini9         0x00000000000000b0        0x0 c:/program files/microchip/xc8/v2.41/avr/bin/../lib/gcc/avr/5.4.0/avr5/memx-const\libgcc.a(_exit.o)
                0x00000000000000b0                _exit
 *(.fini9)
 *(.fini8)
 *(.fini8)
 *(.fini7)
 *(.fini7)
 *(.fini6)
 *(.fini6)
 *(.fini5)
 *(.fini5)
 *(.fini4)
 *(.fini4)
 *(.fini3)
 *(.fini3)
 *(.fini2)
 *(.fini2)
 *(.fini1)
 *(.fini1)
 *(.fini0)
 .fini0         0x00000000000000b0        0x4 c:/program files/microchip/xc8/v2.41/avr/bin/../lib/gcc/avr/5.4.0/avr5/memx-const\libgcc.a(_exit.o)
 *(.fini0)
                0x00000000000000b4                _etext = .

.data           0x0000000000800060        0x0 load address 0x00000000000000b4
                [!provide]                        PROVIDE (__data_start, .)
 *(.gnu.linkonce.d*)
 *(.gnu.linkonce.r*)
                0x0000000000800060                . = ALIGN (0x2)
 *fill*         0x0000000000800060        0x0 
                0x0000000000800060                _edata = .
                [!provide]                        PROVIDE (__data_end, .)

.bss            0x0000000000800060        0x0
                [!provide]                        PROVIDE (__bss_start, .)
 *(COMMON)
                [!provide]                        PROVIDE (__bss_end, .)
                0x00000000000000b4                __data_load_start = LOADADDR (.data)
                0x00000000000000b4                __data_load_end = (__data_load_start + SIZEOF (.data))

.noinit         0x0000000000800060        0x0
                [!provide]                        PROVIDE (__noinit_start, .)
 *(.noinit*)
                [!provide]                        PROVIDE (__noinit_end, .)
                0x0000000000800060                _end = .

.eeprom         0x0000000000810000        0x0
 *(.eeprom*)
                0x0000000000810000                __eeprom_end = .

.fuse
 *(.fuse)
 *(.lfuse)
 *(.hfuse)
 *(.efuse)

.lock
 *(.lock*)

.signature
 *(.signature*)

.user_signatures
 *(.user_signatures*)

.bootrow
 *(.bootrow*)

.stab
 *(.stab)

.stabstr
 *(.stabstr)

.stab.excl
 *(.stab.excl)

.stab.exclstr
 *(.stab.exclstr)

.stab.index
 *(.stab.index)

.stab.indexstr
 *(.stab.indexstr)

.comment        0x0000000000000000       0x5b
 *(.comment)
 .comment       0x0000000000000000       0x2f build/default/debug/ECU_Layer/ecu_layer_init.o
                                         0x30 (size before relaxing)
 .comment       0x000000000000002f       0x30 build/default/debug/MCAL_Layer/GPIO/hal_gpio.o
 .comment       0x000000000000002f       0x30 build/default/debug/application.o
 .comment       0x000000000000002f       0x30 build/default/debug/ECU_Layer/LED/ecu_led.o
 .comment       0x000000000000002f       0x2c c:/program files/microchip/xc8/v2.41/avr/bin/../lib/gcc/avr/5.4.0/../../../../avr/lib/avr5/memx-const\libc.a(exit.o)
                                         0x2d (size before relaxing)
 .comment       0x000000000000005b       0x2d c:/program files/microchip/xc8/v2.41/avr/bin/../lib/gcc/avr/5.4.0/../../../../avr/lib/avr5/memx-const\libc.a(_Exit.o)

.stack.descriptors.hdr
                0x0000000000000000       0x2a
 .stack.descriptors.hdr
                0x0000000000000000        0xe c:/program files/microchip/xc8/v2.41/avr/bin/../lib/gcc/avr/5.4.0/../../../../avr/lib/avr5/memx-const\libc.a(exit.o)
 .stack.descriptors.hdr
                0x000000000000000e        0xe c:/program files/microchip/xc8/v2.41/avr/bin/../lib/gcc/avr/5.4.0/../../../../avr/lib/avr5/memx-const\libc.a(_Exit.o)
 .stack.descriptors.hdr
                0x000000000000001c        0xe c:/program files/microchip/xc8/v2.41/avr/bin/../lib/gcc/avr/5.4.0/avr5/memx-const\libgcc.a(_exit.o)

.note.GNU-stack
                0x0000000000000000        0x0
 .note.GNU-stack
                0x0000000000000000        0x0 c:/program files/microchip/xc8/v2.41/avr/bin/../lib/gcc/avr/5.4.0/../../../../avr/lib/avr5/memx-const\libc.a(exit.o)
 .note.GNU-stack
                0x0000000000000000        0x0 c:/program files/microchip/xc8/v2.41/avr/bin/../lib/gcc/avr/5.4.0/../../../../avr/lib/avr5/memx-const\libc.a(_Exit.o)

.note.gnu.build-id
 *(.note.gnu.build-id)

.debug
 *(.debug)

.line
 *(.line)

.debug_srcinfo
 *(.debug_srcinfo)

.debug_sfnames
 *(.debug_sfnames)

.debug_aranges  0x0000000000000000       0xf0
 *(.debug_aranges)
 .debug_aranges
                0x0000000000000000       0x20 build/default/debug/ECU_Layer/ecu_layer_init.o
 .debug_aranges
                0x0000000000000020       0x70 build/default/debug/MCAL_Layer/GPIO/hal_gpio.o
 .debug_aranges
                0x0000000000000090       0x28 build/default/debug/application.o
 .debug_aranges
                0x00000000000000b8       0x38 build/default/debug/ECU_Layer/LED/ecu_led.o

.debug_pubnames
 *(.debug_pubnames)

.debug_info     0x0000000000000000     0x1dd5
 *(.debug_info .gnu.linkonce.wi.*)
 .debug_info    0x0000000000000000      0x4e6 C:/Program Files/Microchip/MPLABX/v6.10/packs/Microchip/ATmega_DFP/3.0.158/xc8/avr/lib/avr5/memx-const/crtatmega32.o
 .debug_info    0x00000000000004e6      0x4b4 build/default/debug/ECU_Layer/ecu_layer_init.o
 .debug_info    0x000000000000099a      0x8cf build/default/debug/MCAL_Layer/GPIO/hal_gpio.o
 .debug_info    0x0000000000001269      0x5b1 build/default/debug/application.o
 .debug_info    0x000000000000181a      0x5bb build/default/debug/ECU_Layer/LED/ecu_led.o

.debug_abbrev   0x0000000000000000      0x90f
 *(.debug_abbrev)
 .debug_abbrev  0x0000000000000000      0x4a3 C:/Program Files/Microchip/MPLABX/v6.10/packs/Microchip/ATmega_DFP/3.0.158/xc8/avr/lib/avr5/memx-const/crtatmega32.o
 .debug_abbrev  0x00000000000004a3       0xbf build/default/debug/ECU_Layer/ecu_layer_init.o
 .debug_abbrev  0x0000000000000562      0x12f build/default/debug/MCAL_Layer/GPIO/hal_gpio.o
 .debug_abbrev  0x0000000000000691      0x17e build/default/debug/application.o
 .debug_abbrev  0x000000000000080f      0x100 build/default/debug/ECU_Layer/LED/ecu_led.o

.debug_line     0x0000000000000000      0x96d
 *(.debug_line .debug_line.* .debug_line_end)
 .debug_line    0x0000000000000000      0x119 C:/Program Files/Microchip/MPLABX/v6.10/packs/Microchip/ATmega_DFP/3.0.158/xc8/avr/lib/avr5/memx-const/crtatmega32.o
 .debug_line    0x0000000000000119       0xd4 build/default/debug/ECU_Layer/ecu_layer_init.o
 .debug_line    0x00000000000001ed      0x398 build/default/debug/MCAL_Layer/GPIO/hal_gpio.o
 .debug_line    0x0000000000000585      0x207 build/default/debug/application.o
 .debug_line    0x000000000000078c      0x1e1 build/default/debug/ECU_Layer/LED/ecu_led.o

.debug_frame    0x0000000000000000      0x1c0
 *(.debug_frame)
 .debug_frame   0x0000000000000000       0x24 build/default/debug/ECU_Layer/ecu_layer_init.o
 .debug_frame   0x0000000000000024       0xd4 build/default/debug/MCAL_Layer/GPIO/hal_gpio.o
 .debug_frame   0x00000000000000f8       0x34 build/default/debug/application.o
 .debug_frame   0x000000000000012c       0x94 build/default/debug/ECU_Layer/LED/ecu_led.o

.debug_str      0x0000000000000000      0x28a
 *(.debug_str)
 .debug_str     0x0000000000000000      0x196 C:/Program Files/Microchip/MPLABX/v6.10/packs/Microchip/ATmega_DFP/3.0.158/xc8/avr/lib/avr5/memx-const/crtatmega32.o
 .debug_str     0x0000000000000196        0xf build/default/debug/ECU_Layer/ecu_layer_init.o
 .debug_str     0x00000000000001a5       0x3d build/default/debug/MCAL_Layer/GPIO/hal_gpio.o
 .debug_str     0x00000000000001e2       0x56 build/default/debug/application.o
 .debug_str     0x0000000000000238       0x52 build/default/debug/ECU_Layer/LED/ecu_led.o

.debug_loc      0x0000000000000000      0x60f
 *(.debug_loc)
 .debug_loc     0x0000000000000000       0x14 build/default/debug/ECU_Layer/ecu_layer_init.o
 .debug_loc     0x0000000000000014      0x30f build/default/debug/MCAL_Layer/GPIO/hal_gpio.o
 .debug_loc     0x0000000000000323       0xa0 build/default/debug/application.o
 .debug_loc     0x00000000000003c3      0x24c build/default/debug/ECU_Layer/LED/ecu_led.o

.debug_macinfo
 *(.debug_macinfo)

.debug_weaknames
 *(.debug_weaknames)

.debug_funcnames
 *(.debug_funcnames)

.debug_typenames
 *(.debug_typenames)

.debug_varnames
 *(.debug_varnames)

.debug_pubtypes
 *(.debug_pubtypes)

.debug_ranges   0x0000000000000000       0xb0
 *(.debug_ranges)
 .debug_ranges  0x0000000000000000       0x10 build/default/debug/ECU_Layer/ecu_layer_init.o
 .debug_ranges  0x0000000000000010       0x60 build/default/debug/MCAL_Layer/GPIO/hal_gpio.o
 .debug_ranges  0x0000000000000070       0x18 build/default/debug/application.o
 .debug_ranges  0x0000000000000088       0x28 build/default/debug/ECU_Layer/LED/ecu_led.o

.debug_macro
 *(.debug_macro)
OUTPUT(dist/default/debug/Test_AVR.X.debug.elf elf32-avr)
LOAD linker stubs
LOAD data_init

.note.gnu.avr.deviceinfo
                0x0000000000000000       0x3c
 .note.gnu.avr.deviceinfo
                0x0000000000000000       0x3c C:/Program Files/Microchip/MPLABX/v6.10/packs/Microchip/ATmega_DFP/3.0.158/xc8/avr/lib/avr5/memx-const/crtatmega32.o

.bss.counter    0x0000000000800073        0x1
 .bss.counter   0x0000000000800073        0x1 build/default/debug/application.o
                0x0000000000800073                counter

.bss.seconds    0x0000000000800074        0x1
 .bss.seconds   0x0000000000800074        0x1 build/default/debug/application.o
                0x0000000000800074                seconds

.text.gpio_pin_direction_initialize
                0x00000000000000b4       0xa6
 .text.gpio_pin_direction_initialize
                0x00000000000000b4       0xa6 build/default/debug/MCAL_Layer/GPIO/hal_gpio.o
                0x00000000000000b4                gpio_pin_direction_initialize

.text.gpio_pin_write_logic
                0x000000000000015a       0x98
 .text.gpio_pin_write_logic
                0x000000000000015a       0x98 build/default/debug/MCAL_Layer/GPIO/hal_gpio.o
                0x000000000000015a                gpio_pin_write_logic

.text.main      0x00000000000001f2       0x96
 .text.main     0x00000000000001f2       0x96 build/default/debug/application.o
                0x00000000000001f2                main

.text.led_turn_on
                0x0000000000000288       0x68
 .text.led_turn_on
                0x0000000000000288       0x68 build/default/debug/ECU_Layer/LED/ecu_led.o
                0x0000000000000288                led_turn_on

.text.led_initialize
                0x00000000000002f0       0x66
 .text.led_initialize
                0x00000000000002f0       0x66 build/default/debug/ECU_Layer/LED/ecu_led.o
                0x00000000000002f0                led_initialize

.text.gpio_pin_initialize
                0x0000000000000356       0x38
 .text.gpio_pin_initialize
                0x0000000000000356       0x38 build/default/debug/MCAL_Layer/GPIO/hal_gpio.o
                0x0000000000000356                gpio_pin_initialize

.text.ecu_layer_initialize
                0x000000000000038e       0x20
 .text.ecu_layer_initialize
                0x000000000000038e       0x20 build/default/debug/ECU_Layer/ecu_layer_init.o
                0x000000000000038e                ecu_layer_initialize

.text.gpio_port_direction_initialize
                0x00000000000003ae       0x20
 .text.gpio_port_direction_initialize
                0x00000000000003ae       0x20 build/default/debug/MCAL_Layer/GPIO/hal_gpio.o
                0x00000000000003ae                gpio_port_direction_initialize

.text.gpio_port_write_logic
                0x00000000000003ce       0x20
 .text.gpio_port_write_logic
                0x00000000000003ce       0x20 build/default/debug/MCAL_Layer/GPIO/hal_gpio.o
                0x00000000000003ce                gpio_port_write_logic

.text.exit      0x00000000000003ee       0x16
 .text.exit     0x00000000000003ee       0x16 c:/program files/microchip/xc8/v2.41/avr/bin/../lib/gcc/avr/5.4.0/../../../../avr/lib/avr5/memx-const\libc.a(exit.o)
                0x00000000000003ee                exit

.text           0x0000000000000404        0x4
 .text          0x0000000000000404        0x4 C:/Program Files/Microchip/MPLABX/v6.10/packs/Microchip/ATmega_DFP/3.0.158/xc8/avr/lib/avr5/memx-const/crtatmega32.o
                0x0000000000000404                __vector_1
                0x0000000000000404                __vector_12
                0x0000000000000404                __bad_interrupt
                0x0000000000000404                __vector_6
                0x0000000000000404                __vector_3
                0x0000000000000404                __vector_11
                0x0000000000000404                __vector_13
                0x0000000000000404                __vector_17
                0x0000000000000404                __vector_19
                0x0000000000000404                __vector_7
                0x0000000000000404                __vector_5
                0x0000000000000404                __vector_4
                0x0000000000000404                __vector_9
                0x0000000000000404                __vector_2
                0x0000000000000404                __vector_15
                0x0000000000000404                __vector_8
                0x0000000000000404                __vector_14
                0x0000000000000404                __vector_10
                0x0000000000000404                __vector_16
                0x0000000000000404                __vector_18
                0x0000000000000404                __vector_20

.text._Exit     0x0000000000000408        0x4
 .text._Exit    0x0000000000000408        0x4 c:/program files/microchip/xc8/v2.41/avr/bin/../lib/gcc/avr/5.4.0/../../../../avr/lib/avr5/memx-const\libc.a(_Exit.o)
                0x0000000000000408                _Exit

.text.__dummy_fini
                0x000000000000040c        0x2
 .text.__dummy_fini
                0x000000000000040c        0x2 c:/program files/microchip/xc8/v2.41/avr/bin/../lib/gcc/avr/5.4.0/../../../../avr/lib/avr5/memx-const\libc.a(exit.o)
                0x000000000000040c                _fini

.text.__dummy_funcs_on_exit
                0x000000000000040e        0x2
 .text.__dummy_funcs_on_exit
                0x000000000000040e        0x2 c:/program files/microchip/xc8/v2.41/avr/bin/../lib/gcc/avr/5.4.0/../../../../avr/lib/avr5/memx-const\libc.a(exit.o)
                0x000000000000040e                __funcs_on_exit

.text.__dummy_simulator_exit
                0x0000000000000410        0x2
 .text.__dummy_simulator_exit
                0x0000000000000410        0x2 c:/program files/microchip/xc8/v2.41/avr/bin/../lib/gcc/avr/5.4.0/../../../../avr/lib/avr5/memx-const\libc.a(exit.o)
                0x0000000000000410                __simulator_exit

.data.port_registers
                0x0000000000800060        0x8 load address 0x0000000000000412
 .data.port_registers
                0x0000000000800060        0x8 build/default/debug/MCAL_Layer/GPIO/hal_gpio.o
                0x0000000000800060                port_registers

.data.data_direction_registers
                0x0000000000800068        0x8 load address 0x000000000000041a
 .data.data_direction_registers
                0x0000000000800068        0x8 build/default/debug/MCAL_Layer/GPIO/hal_gpio.o
                0x0000000000800068                data_direction_registers

.data.green_led
                0x0000000000800070        0x1 load address 0x0000000000000422
 .data.green_led
                0x0000000000800070        0x1 build/default/debug/ECU_Layer/ecu_layer_init.o
                0x0000000000800070                green_led

.data.yellow_led
                0x0000000000800071        0x1 load address 0x0000000000000423
 .data.yellow_led
                0x0000000000800071        0x1 build/default/debug/ECU_Layer/ecu_layer_init.o
                0x0000000000800071                yellow_led

.data.red_led   0x0000000000800072        0x1 load address 0x0000000000000424
 .data.red_led  0x0000000000800072        0x1 build/default/debug/ECU_Layer/ecu_layer_init.o
                0x0000000000800072                red_led
