Archive member included to satisfy reference by file (symbol)

c:/program files/microchip/xc8/v2.41/avr/bin/../lib/gcc/avr/5.4.0/avr5/memx-const\libgcc.a(_copy_data.o)
                              build/default/production/ECU_Layer/ecu_layer_init.o (__do_copy_data)
c:/program files/microchip/xc8/v2.41/avr/bin/../lib/gcc/avr/5.4.0/../../../../avr/lib/avr5/memx-const\libc.a(exit.o)
                              C:/Program Files/Microchip/MPLABX/v6.10/packs/Microchip/ATmega_DFP/3.0.158/xc8/avr/lib/avr5/memx-const/crtatmega32.o (exit)
c:/program files/microchip/xc8/v2.41/avr/bin/../lib/gcc/avr/5.4.0/../../../../avr/lib/avr5/memx-const\libc.a(_Exit.o)
                              c:/program files/microchip/xc8/v2.41/avr/bin/../lib/gcc/avr/5.4.0/../../../../avr/lib/avr5/memx-const\libc.a(exit.o) (_Exit)
c:/program files/microchip/xc8/v2.41/avr/bin/../lib/gcc/avr/5.4.0/avr5/memx-const\libgcc.a(_exit.o)
                              c:/program files/microchip/xc8/v2.41/avr/bin/../lib/gcc/avr/5.4.0/../../../../avr/lib/avr5/memx-const\libc.a(_Exit.o) (_exit)

Discarded input sections

 .data          0x0000000000000000        0x0 C:/Program Files/Microchip/MPLABX/v6.10/packs/Microchip/ATmega_DFP/3.0.158/xc8/avr/lib/avr5/memx-const/crtatmega32.o
 .bss           0x0000000000000000        0x0 C:/Program Files/Microchip/MPLABX/v6.10/packs/Microchip/ATmega_DFP/3.0.158/xc8/avr/lib/avr5/memx-const/crtatmega32.o
 .text          0x0000000000000000        0x0 build/default/production/ECU_Layer/ecu_layer_init.o
 .data          0x0000000000000000        0x0 build/default/production/ECU_Layer/ecu_layer_init.o
 .bss           0x0000000000000000        0x0 build/default/production/ECU_Layer/ecu_layer_init.o
 .text          0x0000000000000000        0x0 build/default/production/MCAL_Layer/GPIO/hal_gpio.o
 .data          0x0000000000000000        0x0 build/default/production/MCAL_Layer/GPIO/hal_gpio.o
 .bss           0x0000000000000000        0x0 build/default/production/MCAL_Layer/GPIO/hal_gpio.o
 .text.gpio_pin_get_direction_status
                0x0000000000000000       0x5c build/default/production/MCAL_Layer/GPIO/hal_gpio.o
 .text.gpio_pin_toggle_logic
                0x0000000000000000       0x52 build/default/production/MCAL_Layer/GPIO/hal_gpio.o
 .text.gpio_port_direction_initialize
                0x0000000000000000       0x20 build/default/production/MCAL_Layer/GPIO/hal_gpio.o
 .text.gpio_port_get_direction_status
                0x0000000000000000       0x2e build/default/production/MCAL_Layer/GPIO/hal_gpio.o
 .text.gpio_port_write_logic
                0x0000000000000000       0x20 build/default/production/MCAL_Layer/GPIO/hal_gpio.o
 .text.gpio_port_read_logic
                0x0000000000000000       0x2e build/default/production/MCAL_Layer/GPIO/hal_gpio.o
 .text.gpio_port_toggle_logic
                0x0000000000000000       0x24 build/default/production/MCAL_Layer/GPIO/hal_gpio.o
 .text          0x0000000000000000        0x0 build/default/production/application.o
 .data          0x0000000000000000        0x0 build/default/production/application.o
 .bss           0x0000000000000000        0x0 build/default/production/application.o
 .text.application_initialize
                0x0000000000000000        0x6 build/default/production/application.o
 .data.btn_valid_last_status
                0x0000000000000000        0x1 build/default/production/application.o
 .text          0x0000000000000000        0x0 build/default/production/ECU_Layer/DC_MOTOR/ecu_dc_motor.o
 .data          0x0000000000000000        0x0 build/default/production/ECU_Layer/DC_MOTOR/ecu_dc_motor.o
 .bss           0x0000000000000000        0x0 build/default/production/ECU_Layer/DC_MOTOR/ecu_dc_motor.o
 .text          0x0000000000000000        0x0 build/default/production/ECU_Layer/BUTTON/ecu_button.o
 .data          0x0000000000000000        0x0 build/default/production/ECU_Layer/BUTTON/ecu_button.o
 .bss           0x0000000000000000        0x0 build/default/production/ECU_Layer/BUTTON/ecu_button.o
 .text          0x0000000000000000        0x0 c:/program files/microchip/xc8/v2.41/avr/bin/../lib/gcc/avr/5.4.0/avr5/memx-const\libgcc.a(_copy_data.o)
 .data          0x0000000000000000        0x0 c:/program files/microchip/xc8/v2.41/avr/bin/../lib/gcc/avr/5.4.0/avr5/memx-const\libgcc.a(_copy_data.o)
 .bss           0x0000000000000000        0x0 c:/program files/microchip/xc8/v2.41/avr/bin/../lib/gcc/avr/5.4.0/avr5/memx-const\libgcc.a(_copy_data.o)
 .text.libgcc.mul
                0x0000000000000000        0x0 c:/program files/microchip/xc8/v2.41/avr/bin/../lib/gcc/avr/5.4.0/avr5/memx-const\libgcc.a(_copy_data.o)
 .text.libgcc.div
                0x0000000000000000        0x0 c:/program files/microchip/xc8/v2.41/avr/bin/../lib/gcc/avr/5.4.0/avr5/memx-const\libgcc.a(_copy_data.o)
 .text.libgcc   0x0000000000000000        0x0 c:/program files/microchip/xc8/v2.41/avr/bin/../lib/gcc/avr/5.4.0/avr5/memx-const\libgcc.a(_copy_data.o)
 .text.libgcc.prologue
                0x0000000000000000        0x0 c:/program files/microchip/xc8/v2.41/avr/bin/../lib/gcc/avr/5.4.0/avr5/memx-const\libgcc.a(_copy_data.o)
 .text.libgcc.builtins
                0x0000000000000000        0x0 c:/program files/microchip/xc8/v2.41/avr/bin/../lib/gcc/avr/5.4.0/avr5/memx-const\libgcc.a(_copy_data.o)
 .text.libgcc.fmul
                0x0000000000000000        0x0 c:/program files/microchip/xc8/v2.41/avr/bin/../lib/gcc/avr/5.4.0/avr5/memx-const\libgcc.a(_copy_data.o)
 .text.libgcc.fixed
                0x0000000000000000        0x0 c:/program files/microchip/xc8/v2.41/avr/bin/../lib/gcc/avr/5.4.0/avr5/memx-const\libgcc.a(_copy_data.o)
 .text          0x0000000000000000        0x0 c:/program files/microchip/xc8/v2.41/avr/bin/../lib/gcc/avr/5.4.0/../../../../avr/lib/avr5/memx-const\libc.a(exit.o)
 .data          0x0000000000000000        0x0 c:/program files/microchip/xc8/v2.41/avr/bin/../lib/gcc/avr/5.4.0/../../../../avr/lib/avr5/memx-const\libc.a(exit.o)
 .bss           0x0000000000000000        0x0 c:/program files/microchip/xc8/v2.41/avr/bin/../lib/gcc/avr/5.4.0/../../../../avr/lib/avr5/memx-const\libc.a(exit.o)
 .stack.descriptors
                0x0000000000000000       0x73 c:/program files/microchip/xc8/v2.41/avr/bin/../lib/gcc/avr/5.4.0/../../../../avr/lib/avr5/memx-const\libc.a(exit.o)
 .text          0x0000000000000000        0x0 c:/program files/microchip/xc8/v2.41/avr/bin/../lib/gcc/avr/5.4.0/../../../../avr/lib/avr5/memx-const\libc.a(_Exit.o)
 .data          0x0000000000000000        0x0 c:/program files/microchip/xc8/v2.41/avr/bin/../lib/gcc/avr/5.4.0/../../../../avr/lib/avr5/memx-const\libc.a(_Exit.o)
 .bss           0x0000000000000000        0x0 c:/program files/microchip/xc8/v2.41/avr/bin/../lib/gcc/avr/5.4.0/../../../../avr/lib/avr5/memx-const\libc.a(_Exit.o)
 .stack.descriptors
                0x0000000000000000       0x13 c:/program files/microchip/xc8/v2.41/avr/bin/../lib/gcc/avr/5.4.0/../../../../avr/lib/avr5/memx-const\libc.a(_Exit.o)
 .text          0x0000000000000000        0x0 c:/program files/microchip/xc8/v2.41/avr/bin/../lib/gcc/avr/5.4.0/avr5/memx-const\libgcc.a(_exit.o)
 .data          0x0000000000000000        0x0 c:/program files/microchip/xc8/v2.41/avr/bin/../lib/gcc/avr/5.4.0/avr5/memx-const\libgcc.a(_exit.o)
 .bss           0x0000000000000000        0x0 c:/program files/microchip/xc8/v2.41/avr/bin/../lib/gcc/avr/5.4.0/avr5/memx-const\libgcc.a(_exit.o)
 .text.libgcc.mul
                0x0000000000000000        0x0 c:/program files/microchip/xc8/v2.41/avr/bin/../lib/gcc/avr/5.4.0/avr5/memx-const\libgcc.a(_exit.o)
 .text.libgcc.div
                0x0000000000000000        0x0 c:/program files/microchip/xc8/v2.41/avr/bin/../lib/gcc/avr/5.4.0/avr5/memx-const\libgcc.a(_exit.o)
 .text.libgcc   0x0000000000000000        0x0 c:/program files/microchip/xc8/v2.41/avr/bin/../lib/gcc/avr/5.4.0/avr5/memx-const\libgcc.a(_exit.o)
 .text.libgcc.prologue
                0x0000000000000000        0x0 c:/program files/microchip/xc8/v2.41/avr/bin/../lib/gcc/avr/5.4.0/avr5/memx-const\libgcc.a(_exit.o)
 .stack.descriptors
                0x0000000000000000       0x13 c:/program files/microchip/xc8/v2.41/avr/bin/../lib/gcc/avr/5.4.0/avr5/memx-const\libgcc.a(_exit.o)
 .text.libgcc.builtins
                0x0000000000000000        0x0 c:/program files/microchip/xc8/v2.41/avr/bin/../lib/gcc/avr/5.4.0/avr5/memx-const\libgcc.a(_exit.o)
 .text.libgcc.fmul
                0x0000000000000000        0x0 c:/program files/microchip/xc8/v2.41/avr/bin/../lib/gcc/avr/5.4.0/avr5/memx-const\libgcc.a(_exit.o)
 .text.libgcc.fixed
                0x0000000000000000        0x0 c:/program files/microchip/xc8/v2.41/avr/bin/../lib/gcc/avr/5.4.0/avr5/memx-const\libgcc.a(_exit.o)

Memory Configuration

Name             Origin             Length             Attributes
text             0x0000000000000000 0x0000000000008000 xr
data             0x0000000000800060 0x0000000000000800 rw !x
eeprom           0x0000000000810000 0x0000000000000400 rw !x
fuse             0x0000000000820000 0x0000000000000002 rw !x
lock             0x0000000000830000 0x0000000000000400 rw !x
signature        0x0000000000840000 0x0000000000000400 rw !x
user_signatures  0x0000000000850000 0x0000000000000400 rw !x
bootrow          0x0000000000860000 0x0000000000000400 rw !x
*default*        0x0000000000000000 0xffffffffffffffff

Linker script and memory map

LOAD C:/Program Files/Microchip/MPLABX/v6.10/packs/Microchip/ATmega_DFP/3.0.158/xc8/avr/lib/avr5/memx-const/crtatmega32.o
                0x0000000000000001                __MPLAB_BUILD = 0x1
LOAD build/default/production/ECU_Layer/ecu_layer_init.o
LOAD build/default/production/MCAL_Layer/GPIO/hal_gpio.o
LOAD build/default/production/application.o
LOAD build/default/production/ECU_Layer/DC_MOTOR/ecu_dc_motor.o
LOAD build/default/production/ECU_Layer/BUTTON/ecu_button.o
START GROUP
LOAD c:/program files/microchip/xc8/v2.41/avr/bin/../lib/gcc/avr/5.4.0/../../../../avr/lib/avr5/memx-const\libm.a
END GROUP
START GROUP
LOAD c:/program files/microchip/xc8/v2.41/avr/bin/../lib/gcc/avr/5.4.0/avr5/memx-const\libgcc.a
LOAD c:/program files/microchip/xc8/v2.41/avr/bin/../lib/gcc/avr/5.4.0/../../../../avr/lib/avr5/memx-const\libm.a
LOAD c:/program files/microchip/xc8/v2.41/avr/bin/../lib/gcc/avr/5.4.0/../../../../avr/lib/avr5/memx-const\libc.a
LOAD C:/Program Files/Microchip/MPLABX/v6.10/packs/Microchip/ATmega_DFP/3.0.158/xc8/avr/lib/avr5/memx-const\libatmega32.a
END GROUP
                0x0000000000000000                __TEXT_REGION_ORIGIN__ = DEFINED (__TEXT_REGION_ORIGIN__)?__TEXT_REGION_ORIGIN__:0x0
                [0x0000000000800060]                __DATA_REGION_ORIGIN__ = DEFINED (__DATA_REGION_ORIGIN__)?__DATA_REGION_ORIGIN__:0x800060
                [0x0000000000008000]                __TEXT_REGION_LENGTH__ = DEFINED (__TEXT_REGION_LENGTH__)?__TEXT_REGION_LENGTH__:0x20000
                [0x0000000000000800]                __DATA_REGION_LENGTH__ = DEFINED (__DATA_REGION_LENGTH__)?__DATA_REGION_LENGTH__:0xffa0
                [0x0000000000000400]                __EEPROM_REGION_LENGTH__ = DEFINED (__EEPROM_REGION_LENGTH__)?__EEPROM_REGION_LENGTH__:0x10000
                [0x0000000000000002]                __FUSE_REGION_LENGTH__ = DEFINED (__FUSE_REGION_LENGTH__)?__FUSE_REGION_LENGTH__:0x400
                0x0000000000000400                __LOCK_REGION_LENGTH__ = DEFINED (__LOCK_REGION_LENGTH__)?__LOCK_REGION_LENGTH__:0x400
                0x0000000000000400                __SIGNATURE_REGION_LENGTH__ = DEFINED (__SIGNATURE_REGION_LENGTH__)?__SIGNATURE_REGION_LENGTH__:0x400
                0x0000000000000400                __USER_SIGNATURE_REGION_LENGTH__ = DEFINED (__USER_SIGNATURE_REGION_LENGTH__)?__USER_SIGNATURE_REGION_LENGTH__:0x400
                0x0000000000000400                __BOOTROW_REGION_LENGTH__ = DEFINED (__BOOTROW_REGION_LENGTH__)?__BOOTROW_REGION_LENGTH__:0x400

.hash
 *(.hash)

.dynsym
 *(.dynsym)

.dynstr
 *(.dynstr)

.gnu.version
 *(.gnu.version)

.gnu.version_d
 *(.gnu.version_d)

.gnu.version_r
 *(.gnu.version_r)

.rel.init
 *(.rel.init)

.rela.init
 *(.rela.init)

.rel.text
 *(.rel.text)
 *(.rel.text.*)
 *(.rel.gnu.linkonce.t*)

.rela.text
 *(.rela.text)
 *(.rela.text.*)
 *(.rela.gnu.linkonce.t*)

.rel.fini
 *(.rel.fini)

.rela.fini
 *(.rela.fini)

.rel.rodata
 *(.rel.rodata)
 *(.rel.rodata.*)
 *(.rel.gnu.linkonce.r*)

.rela.rodata
 *(.rela.rodata)
 *(.rela.rodata.*)
 *(.rela.gnu.linkonce.r*)

.rel.data
 *(.rel.data)
 *(.rel.data.*)
 *(.rel.gnu.linkonce.d*)

.rela.data
 *(.rela.data)
 *(.rela.data.*)
 *(.rela.gnu.linkonce.d*)

.rel.ctors
 *(.rel.ctors)

.rela.ctors
 *(.rela.ctors)

.rel.dtors
 *(.rel.dtors)

.rela.dtors
 *(.rela.dtors)

.rel.got
 *(.rel.got)

.rela.got
 *(.rela.got)

.rel.bss
 *(.rel.bss)

.rela.bss
 *(.rela.bss)

.rel.plt
 *(.rel.plt)

.rela.plt
 *(.rela.plt)

.text           0x0000000000000000       0xbc
 *(.vectors)
 .vectors       0x0000000000000000       0x54 C:/Program Files/Microchip/MPLABX/v6.10/packs/Microchip/ATmega_DFP/3.0.158/xc8/avr/lib/avr5/memx-const/crtatmega32.o
                0x0000000000000000                __vector_default
                0x0000000000000000                __vectors
 *(.vectors)
 *(.progmem.gcc*)
 *(.dinit)
 .dinit         0x0000000000000054       0x13 data_init
                0x0000000000000068                . = ALIGN (0x2)
 *fill*         0x0000000000000067        0x1 
                0x0000000000000068                __trampolines_start = .
 *(.trampolines)
 .trampolines   0x0000000000000068        0x0 linker stubs
 *(.trampolines*)
                0x0000000000000068                __trampolines_end = .
 *libprintf_flt.a:*(.progmem.data)
 *libc.a:*(.progmem.data)
                0x0000000000000068                . = ALIGN (0x2)
 *(.jumptables)
 *(.jumptables*)
 *(.lowtext)
 *(.lowtext*)
                0x0000000000000068                __ctors_start = .
 *(.ctors)
                0x0000000000000068                __ctors_end = .
                0x0000000000000068                __dtors_start = .
 *(.dtors)
                0x0000000000000068                __dtors_end = .
 SORT(*)(.ctors)
 SORT(*)(.dtors)
 *(.init0)
 .init0         0x0000000000000068        0x0 C:/Program Files/Microchip/MPLABX/v6.10/packs/Microchip/ATmega_DFP/3.0.158/xc8/avr/lib/avr5/memx-const/crtatmega32.o
                0x0000000000000068                __init
 *(.init0)
 *(.init1)
 *(.init1)
 *(.init2)
 .init2         0x0000000000000068        0xc C:/Program Files/Microchip/MPLABX/v6.10/packs/Microchip/ATmega_DFP/3.0.158/xc8/avr/lib/avr5/memx-const/crtatmega32.o
 *(.init2)
 *(.init3)
 *(.init3)
 *(.init4)
 .init4         0x0000000000000074       0x3c c:/program files/microchip/xc8/v2.41/avr/bin/../lib/gcc/avr/5.4.0/avr5/memx-const\libgcc.a(_copy_data.o)
                0x0000000000000074                __do_copy_data
                0x00000000000000a2                __do_clear_bss
 *(.init4)
 *(.init5)
 *(.init5)
 *(.init6)
 *(.init6)
 *(.init7)
 *(.init7)
 *(.init8)
 *(.init8)
 *(.init9)
 .init9         0x00000000000000b0        0x8 C:/Program Files/Microchip/MPLABX/v6.10/packs/Microchip/ATmega_DFP/3.0.158/xc8/avr/lib/avr5/memx-const/crtatmega32.o
 *(.init9)
                0x00000000000000b8                . = ALIGN (0x2)
 *(.fini9)
 .fini9         0x00000000000000b8        0x0 c:/program files/microchip/xc8/v2.41/avr/bin/../lib/gcc/avr/5.4.0/avr5/memx-const\libgcc.a(_exit.o)
                0x00000000000000b8                _exit
 *(.fini9)
 *(.fini8)
 *(.fini8)
 *(.fini7)
 *(.fini7)
 *(.fini6)
 *(.fini6)
 *(.fini5)
 *(.fini5)
 *(.fini4)
 *(.fini4)
 *(.fini3)
 *(.fini3)
 *(.fini2)
 *(.fini2)
 *(.fini1)
 *(.fini1)
 *(.fini0)
 .fini0         0x00000000000000b8        0x4 c:/program files/microchip/xc8/v2.41/avr/bin/../lib/gcc/avr/5.4.0/avr5/memx-const\libgcc.a(_exit.o)
 *(.fini0)
                0x00000000000000bc                _etext = .

.data           0x0000000000800060        0x0 load address 0x00000000000000bc
                [!provide]                        PROVIDE (__data_start, .)
 *(.gnu.linkonce.d*)
 *(.gnu.linkonce.r*)
                0x0000000000800060                . = ALIGN (0x2)
                0x0000000000800060                _edata = .
                [!provide]                        PROVIDE (__data_end, .)

.bss            0x0000000000800060        0x0
                [!provide]                        PROVIDE (__bss_start, .)
 *(COMMON)
                [!provide]                        PROVIDE (__bss_end, .)
                0x00000000000000bc                __data_load_start = LOADADDR (.data)
                0x00000000000000bc                __data_load_end = (__data_load_start + SIZEOF (.data))

.noinit         0x0000000000800060        0x0
                [!provide]                        PROVIDE (__noinit_start, .)
 *(.noinit*)
                [!provide]                        PROVIDE (__noinit_end, .)
                0x0000000000800060                _end = .

.eeprom         0x0000000000810000        0x0
 *(.eeprom*)
                0x0000000000810000                __eeprom_end = .

.fuse
 *(.fuse)
 *(.lfuse)
 *(.hfuse)
 *(.efuse)

.lock
 *(.lock*)

.signature
 *(.signature*)

.user_signatures
 *(.user_signatures*)

.bootrow
 *(.bootrow*)

.stab
 *(.stab)

.stabstr
 *(.stabstr)

.stab.excl
 *(.stab.excl)

.stab.exclstr
 *(.stab.exclstr)

.stab.index
 *(.stab.index)

.stab.indexstr
 *(.stab.indexstr)

.comment        0x0000000000000000       0x5b
 *(.comment)
 .comment       0x0000000000000000       0x2f build/default/production/ECU_Layer/ecu_layer_init.o
                                         0x30 (size before relaxing)
 .comment       0x000000000000002f       0x30 build/default/production/MCAL_Layer/GPIO/hal_gpio.o
 .comment       0x000000000000002f       0x30 build/default/production/application.o
 .comment       0x000000000000002f       0x30 build/default/production/ECU_Layer/DC_MOTOR/ecu_dc_motor.o
 .comment       0x000000000000002f       0x30 build/default/production/ECU_Layer/BUTTON/ecu_button.o
 .comment       0x000000000000002f       0x2c c:/program files/microchip/xc8/v2.41/avr/bin/../lib/gcc/avr/5.4.0/../../../../avr/lib/avr5/memx-const\libc.a(exit.o)
                                         0x2d (size before relaxing)
 .comment       0x000000000000005b       0x2d c:/program files/microchip/xc8/v2.41/avr/bin/../lib/gcc/avr/5.4.0/../../../../avr/lib/avr5/memx-const\libc.a(_Exit.o)

.stack.descriptors.hdr
                0x0000000000000000       0x2a
 .stack.descriptors.hdr
                0x0000000000000000        0xe c:/program files/microchip/xc8/v2.41/avr/bin/../lib/gcc/avr/5.4.0/../../../../avr/lib/avr5/memx-const\libc.a(exit.o)
 .stack.descriptors.hdr
                0x000000000000000e        0xe c:/program files/microchip/xc8/v2.41/avr/bin/../lib/gcc/avr/5.4.0/../../../../avr/lib/avr5/memx-const\libc.a(_Exit.o)
 .stack.descriptors.hdr
                0x000000000000001c        0xe c:/program files/microchip/xc8/v2.41/avr/bin/../lib/gcc/avr/5.4.0/avr5/memx-const\libgcc.a(_exit.o)

.note.GNU-stack
                0x0000000000000000        0x0
 .note.GNU-stack
                0x0000000000000000        0x0 c:/program files/microchip/xc8/v2.41/avr/bin/../lib/gcc/avr/5.4.0/../../../../avr/lib/avr5/memx-const\libc.a(exit.o)
 .note.GNU-stack
                0x0000000000000000        0x0 c:/program files/microchip/xc8/v2.41/avr/bin/../lib/gcc/avr/5.4.0/../../../../avr/lib/avr5/memx-const\libc.a(_Exit.o)

.note.gnu.build-id
 *(.note.gnu.build-id)

.debug
 *(.debug)

.line
 *(.line)

.debug_srcinfo
 *(.debug_srcinfo)

.debug_sfnames
 *(.debug_sfnames)

.debug_aranges  0x0000000000000000      0x118
 *(.debug_aranges)
 .debug_aranges
                0x0000000000000000       0x20 build/default/production/ECU_Layer/ecu_layer_init.o
 .debug_aranges
                0x0000000000000020       0x70 build/default/production/MCAL_Layer/GPIO/hal_gpio.o
 .debug_aranges
                0x0000000000000090       0x28 build/default/production/application.o
 .debug_aranges
                0x00000000000000b8       0x38 build/default/production/ECU_Layer/DC_MOTOR/ecu_dc_motor.o
 .debug_aranges
                0x00000000000000f0       0x28 build/default/production/ECU_Layer/BUTTON/ecu_button.o

.debug_pubnames
 *(.debug_pubnames)

.debug_info     0x0000000000000000     0x25f3
 *(.debug_info .gnu.linkonce.wi.*)
 .debug_info    0x0000000000000000      0x4e6 C:/Program Files/Microchip/MPLABX/v6.10/packs/Microchip/ATmega_DFP/3.0.158/xc8/avr/lib/avr5/memx-const/crtatmega32.o
 .debug_info    0x00000000000004e6      0x617 build/default/production/ECU_Layer/ecu_layer_init.o
 .debug_info    0x0000000000000afd      0x8c2 build/default/production/MCAL_Layer/GPIO/hal_gpio.o
 .debug_info    0x00000000000013bf      0x70c build/default/production/application.o
 .debug_info    0x0000000000001acb      0x5bf build/default/production/ECU_Layer/DC_MOTOR/ecu_dc_motor.o
 .debug_info    0x000000000000208a      0x569 build/default/production/ECU_Layer/BUTTON/ecu_button.o

.debug_abbrev   0x0000000000000000      0xa0d
 *(.debug_abbrev)
 .debug_abbrev  0x0000000000000000      0x4a3 C:/Program Files/Microchip/MPLABX/v6.10/packs/Microchip/ATmega_DFP/3.0.158/xc8/avr/lib/avr5/memx-const/crtatmega32.o
 .debug_abbrev  0x00000000000004a3       0xe0 build/default/production/ECU_Layer/ecu_layer_init.o
 .debug_abbrev  0x0000000000000583      0x12f build/default/production/MCAL_Layer/GPIO/hal_gpio.o
 .debug_abbrev  0x00000000000006b2      0x14c build/default/production/application.o
 .debug_abbrev  0x00000000000007fe      0x10b build/default/production/ECU_Layer/DC_MOTOR/ecu_dc_motor.o
 .debug_abbrev  0x0000000000000909      0x104 build/default/production/ECU_Layer/BUTTON/ecu_button.o

.debug_line     0x0000000000000000      0xa61
 *(.debug_line .debug_line.* .debug_line_end)
 .debug_line    0x0000000000000000      0x119 C:/Program Files/Microchip/MPLABX/v6.10/packs/Microchip/ATmega_DFP/3.0.158/xc8/avr/lib/avr5/memx-const/crtatmega32.o
 .debug_line    0x0000000000000119       0xff build/default/production/ECU_Layer/ecu_layer_init.o
 .debug_line    0x0000000000000218      0x398 build/default/production/MCAL_Layer/GPIO/hal_gpio.o
 .debug_line    0x00000000000005b0      0x1e0 build/default/production/application.o
 .debug_line    0x0000000000000790      0x181 build/default/production/ECU_Layer/DC_MOTOR/ecu_dc_motor.o
 .debug_line    0x0000000000000911      0x150 build/default/production/ECU_Layer/BUTTON/ecu_button.o

.debug_frame    0x0000000000000000      0x220
 *(.debug_frame)
 .debug_frame   0x0000000000000000       0x24 build/default/production/ECU_Layer/ecu_layer_init.o
 .debug_frame   0x0000000000000024       0xd4 build/default/production/MCAL_Layer/GPIO/hal_gpio.o
 .debug_frame   0x00000000000000f8       0x34 build/default/production/application.o
 .debug_frame   0x000000000000012c       0x94 build/default/production/ECU_Layer/DC_MOTOR/ecu_dc_motor.o
 .debug_frame   0x00000000000001c0       0x60 build/default/production/ECU_Layer/BUTTON/ecu_button.o

.debug_str      0x0000000000000000      0x2d0
 *(.debug_str)
 .debug_str     0x0000000000000000      0x196 C:/Program Files/Microchip/MPLABX/v6.10/packs/Microchip/ATmega_DFP/3.0.158/xc8/avr/lib/avr5/memx-const/crtatmega32.o
 .debug_str     0x0000000000000196       0x26 build/default/production/ECU_Layer/ecu_layer_init.o
 .debug_str     0x00000000000001bc       0x3d build/default/production/MCAL_Layer/GPIO/hal_gpio.o
 .debug_str     0x00000000000001f9       0x5c build/default/production/application.o
 .debug_str     0x0000000000000255       0x3e build/default/production/ECU_Layer/DC_MOTOR/ecu_dc_motor.o
 .debug_str     0x0000000000000293       0x3d build/default/production/ECU_Layer/BUTTON/ecu_button.o

.debug_loc      0x0000000000000000      0x695
 *(.debug_loc)
 .debug_loc     0x0000000000000000       0x14 build/default/production/ECU_Layer/ecu_layer_init.o
 .debug_loc     0x0000000000000014      0x30f build/default/production/MCAL_Layer/GPIO/hal_gpio.o
 .debug_loc     0x0000000000000323       0x14 build/default/production/application.o
 .debug_loc     0x0000000000000337      0x214 build/default/production/ECU_Layer/DC_MOTOR/ecu_dc_motor.o
 .debug_loc     0x000000000000054b      0x14a build/default/production/ECU_Layer/BUTTON/ecu_button.o

.debug_macinfo
 *(.debug_macinfo)

.debug_weaknames
 *(.debug_weaknames)

.debug_funcnames
 *(.debug_funcnames)

.debug_typenames
 *(.debug_typenames)

.debug_varnames
 *(.debug_varnames)

.debug_pubtypes
 *(.debug_pubtypes)

.debug_ranges   0x0000000000000000       0xc8
 *(.debug_ranges)
 .debug_ranges  0x0000000000000000       0x10 build/default/production/ECU_Layer/ecu_layer_init.o
 .debug_ranges  0x0000000000000010       0x60 build/default/production/MCAL_Layer/GPIO/hal_gpio.o
 .debug_ranges  0x0000000000000070       0x18 build/default/production/application.o
 .debug_ranges  0x0000000000000088       0x28 build/default/production/ECU_Layer/DC_MOTOR/ecu_dc_motor.o
 .debug_ranges  0x00000000000000b0       0x18 build/default/production/ECU_Layer/BUTTON/ecu_button.o

.debug_macro
 *(.debug_macro)
OUTPUT(dist/default/production/Test_AVR.X.production.elf elf32-avr)
LOAD linker stubs
LOAD data_init

.note.gnu.avr.deviceinfo
                0x0000000000000000       0x3c
 .note.gnu.avr.deviceinfo
                0x0000000000000000       0x3c C:/Program Files/Microchip/MPLABX/v6.10/packs/Microchip/ATmega_DFP/3.0.158/xc8/avr/lib/avr5/memx-const/crtatmega32.o

.bss.index      0x0000000000800081        0x1
 .bss.index     0x0000000000800081        0x1 build/default/production/application.o
                0x0000000000800081                index

.bss.btn_valid  0x000000000080007f        0x2
 .bss.btn_valid
                0x000000000080007f        0x2 build/default/production/application.o
                0x000000000080007f                btn_valid

.text.main      0x00000000000000bc       0xf8
 .text.main     0x00000000000000bc       0xf8 build/default/production/application.o
                0x00000000000000bc                main

.text.gpio_pin_direction_initialize
                0x00000000000001b4       0xa6
 .text.gpio_pin_direction_initialize
                0x00000000000001b4       0xa6 build/default/production/MCAL_Layer/GPIO/hal_gpio.o
                0x00000000000001b4                gpio_pin_direction_initialize

.text.gpio_pin_write_logic
                0x000000000000025a       0x98
 .text.gpio_pin_write_logic
                0x000000000000025a       0x98 build/default/production/MCAL_Layer/GPIO/hal_gpio.o
                0x000000000000025a                gpio_pin_write_logic

.text.button_read_state
                0x00000000000002f2       0x8a
 .text.button_read_state
                0x00000000000002f2       0x8a build/default/production/ECU_Layer/BUTTON/ecu_button.o
                0x00000000000002f2                button_read_state

.text.gpio_pin_read_logic
                0x000000000000037c       0x5c
 .text.gpio_pin_read_logic
                0x000000000000037c       0x5c build/default/production/MCAL_Layer/GPIO/hal_gpio.o
                0x000000000000037c                gpio_pin_read_logic

.text.gpio_pin_initialize
                0x00000000000003d8       0x38
 .text.gpio_pin_initialize
                0x00000000000003d8       0x38 build/default/production/MCAL_Layer/GPIO/hal_gpio.o
                0x00000000000003d8                gpio_pin_initialize

.text.dc_motor_move_right
                0x0000000000000410       0x34
 .text.dc_motor_move_right
                0x0000000000000410       0x34 build/default/production/ECU_Layer/DC_MOTOR/ecu_dc_motor.o
                0x0000000000000410                dc_motor_move_right

.text.dc_motor_move_left
                0x0000000000000444       0x34
 .text.dc_motor_move_left
                0x0000000000000444       0x34 build/default/production/ECU_Layer/DC_MOTOR/ecu_dc_motor.o
                0x0000000000000444                dc_motor_move_left

.text.dc_motor_stop
                0x0000000000000478       0x34
 .text.dc_motor_stop
                0x0000000000000478       0x34 build/default/production/ECU_Layer/DC_MOTOR/ecu_dc_motor.o
                0x0000000000000478                dc_motor_stop

.text.dc_motor_initialize
                0x00000000000004ac       0x30
 .text.dc_motor_initialize
                0x00000000000004ac       0x30 build/default/production/ECU_Layer/DC_MOTOR/ecu_dc_motor.o
                0x00000000000004ac                dc_motor_initialize

.text.ecu_layer_initialize
                0x00000000000004dc       0x20
 .text.ecu_layer_initialize
                0x00000000000004dc       0x20 build/default/production/ECU_Layer/ecu_layer_init.o
                0x00000000000004dc                ecu_layer_initialize

.text.exit      0x00000000000004fc       0x16
 .text.exit     0x00000000000004fc       0x16 c:/program files/microchip/xc8/v2.41/avr/bin/../lib/gcc/avr/5.4.0/../../../../avr/lib/avr5/memx-const\libc.a(exit.o)
                0x00000000000004fc                exit

.text.button_initialize
                0x0000000000000512       0x12
 .text.button_initialize
                0x0000000000000512       0x12 build/default/production/ECU_Layer/BUTTON/ecu_button.o
                0x0000000000000512                button_initialize

.text           0x0000000000000524        0x4
 .text          0x0000000000000524        0x4 C:/Program Files/Microchip/MPLABX/v6.10/packs/Microchip/ATmega_DFP/3.0.158/xc8/avr/lib/avr5/memx-const/crtatmega32.o
                0x0000000000000524                __vector_1
                0x0000000000000524                __vector_12
                0x0000000000000524                __bad_interrupt
                0x0000000000000524                __vector_6
                0x0000000000000524                __vector_3
                0x0000000000000524                __vector_11
                0x0000000000000524                __vector_13
                0x0000000000000524                __vector_17
                0x0000000000000524                __vector_19
                0x0000000000000524                __vector_7
                0x0000000000000524                __vector_5
                0x0000000000000524                __vector_4
                0x0000000000000524                __vector_9
                0x0000000000000524                __vector_2
                0x0000000000000524                __vector_15
                0x0000000000000524                __vector_8
                0x0000000000000524                __vector_14
                0x0000000000000524                __vector_10
                0x0000000000000524                __vector_16
                0x0000000000000524                __vector_18
                0x0000000000000524                __vector_20

.text._Exit     0x0000000000000528        0x4
 .text._Exit    0x0000000000000528        0x4 c:/program files/microchip/xc8/v2.41/avr/bin/../lib/gcc/avr/5.4.0/../../../../avr/lib/avr5/memx-const\libc.a(_Exit.o)
                0x0000000000000528                _Exit

.text.__dummy_fini
                0x000000000000052c        0x2
 .text.__dummy_fini
                0x000000000000052c        0x2 c:/program files/microchip/xc8/v2.41/avr/bin/../lib/gcc/avr/5.4.0/../../../../avr/lib/avr5/memx-const\libc.a(exit.o)
                0x000000000000052c                _fini

.text.__dummy_funcs_on_exit
                0x000000000000052e        0x2
 .text.__dummy_funcs_on_exit
                0x000000000000052e        0x2 c:/program files/microchip/xc8/v2.41/avr/bin/../lib/gcc/avr/5.4.0/../../../../avr/lib/avr5/memx-const\libc.a(exit.o)
                0x000000000000052e                __funcs_on_exit

.text.__dummy_simulator_exit
                0x0000000000000530        0x2
 .text.__dummy_simulator_exit
                0x0000000000000530        0x2 c:/program files/microchip/xc8/v2.41/avr/bin/../lib/gcc/avr/5.4.0/../../../../avr/lib/avr5/memx-const\libc.a(exit.o)
                0x0000000000000530                __simulator_exit

.data.pin_registers
                0x0000000000800060        0x8 load address 0x0000000000000532
 .data.pin_registers
                0x0000000000800060        0x8 build/default/production/MCAL_Layer/GPIO/hal_gpio.o
                0x0000000000800060                pin_registers

.data.port_registers
                0x0000000000800068        0x8 load address 0x000000000000053a
 .data.port_registers
                0x0000000000800068        0x8 build/default/production/MCAL_Layer/GPIO/hal_gpio.o
                0x0000000000800068                port_registers

.data.data_direction_registers
                0x0000000000800070        0x8 load address 0x0000000000000542
 .data.data_direction_registers
                0x0000000000800070        0x8 build/default/production/MCAL_Layer/GPIO/hal_gpio.o
                0x0000000000800070                data_direction_registers

.data.btn       0x0000000000800078        0x3 load address 0x000000000000054a
 .data.btn      0x0000000000800078        0x3 build/default/production/ECU_Layer/ecu_layer_init.o
                0x0000000000800078                btn

.data.motor_2   0x000000000080007b        0x2 load address 0x000000000000054d
 .data.motor_2  0x000000000080007b        0x2 build/default/production/ECU_Layer/ecu_layer_init.o
                0x000000000080007b                motor_2

.data.motor_1   0x000000000080007d        0x2 load address 0x000000000000054f
 .data.motor_1  0x000000000080007d        0x2 build/default/production/ECU_Layer/ecu_layer_init.o
                0x000000000080007d                motor_1

.data.btn_valid_status
                0x0000000000800082        0x1 load address 0x0000000000000551
 .data.btn_valid_status
                0x0000000000800082        0x1 build/default/production/application.o
                0x0000000000800082                btn_valid_status

.data.btn_status
                0x0000000000800083        0x1 load address 0x0000000000000552
 .data.btn_status
                0x0000000000800083        0x1 build/default/production/application.o
                0x0000000000800083                btn_status
