Archive member included to satisfy reference by file (symbol)

c:/program files/microchip/xc8/v2.46/avr/bin/../lib/gcc/avr/5.4.0/avr5/memx-const\libgcc.a(_copy_data.o)
                              build/default/production/ECU_Layer/ecu_layer_init.o (__do_copy_data)
c:/program files/microchip/xc8/v2.46/avr/bin/../lib/gcc/avr/5.4.0/../../../../avr/lib/avr5/memx-const\libc.a(exit.o)
                              C:/Program Files/Microchip/xc8/v2.46/dfp/xc8/avr/lib/avr5/memx-const/crtatmega32.o (exit)
c:/program files/microchip/xc8/v2.46/avr/bin/../lib/gcc/avr/5.4.0/../../../../avr/lib/avr5/memx-const\libc.a(__sio_sprintf_doux.o)
                              build/default/production/ECU_Layer/Chr_LCD/ecu_chr_lcd.o (_sprintf_cdopuxX)
c:/program files/microchip/xc8/v2.46/avr/bin/../lib/gcc/avr/5.4.0/../../../../avr/lib/avr5/memx-const\libc.a(__fmt_d.o)
                              c:/program files/microchip/xc8/v2.46/avr/bin/../lib/gcc/avr/5.4.0/../../../../avr/lib/avr5/memx-const\libc.a(__sio_sprintf_doux.o) (__fmt_d_needed)
c:/program files/microchip/xc8/v2.46/avr/bin/../lib/gcc/avr/5.4.0/../../../../avr/lib/avr5/memx-const\libc.a(__fmt_o.o)
                              c:/program files/microchip/xc8/v2.46/avr/bin/../lib/gcc/avr/5.4.0/../../../../avr/lib/avr5/memx-const\libc.a(__sio_sprintf_doux.o) (__fmt_o_needed)
c:/program files/microchip/xc8/v2.46/avr/bin/../lib/gcc/avr/5.4.0/../../../../avr/lib/avr5/memx-const\libc.a(__fmt_s.o)
                              c:/program files/microchip/xc8/v2.46/avr/bin/../lib/gcc/avr/5.4.0/../../../../avr/lib/avr5/memx-const\libc.a(__sio_sprintf_doux.o) (__fmt_s_needed)
c:/program files/microchip/xc8/v2.46/avr/bin/../lib/gcc/avr/5.4.0/../../../../avr/lib/avr5/memx-const\libc.a(__fmt_u.o)
                              c:/program files/microchip/xc8/v2.46/avr/bin/../lib/gcc/avr/5.4.0/../../../../avr/lib/avr5/memx-const\libc.a(__fmt_d.o) (__cvt_u)
c:/program files/microchip/xc8/v2.46/avr/bin/../lib/gcc/avr/5.4.0/../../../../avr/lib/avr5/memx-const\libc.a(__fmt_x.o)
                              c:/program files/microchip/xc8/v2.46/avr/bin/../lib/gcc/avr/5.4.0/../../../../avr/lib/avr5/memx-const\libc.a(__sio_sprintf_doux.o) (__fmt_x_needed)
c:/program files/microchip/xc8/v2.46/avr/bin/../lib/gcc/avr/5.4.0/../../../../avr/lib/avr5/memx-const\libc.a(__pop_int.o)
                              c:/program files/microchip/xc8/v2.46/avr/bin/../lib/gcc/avr/5.4.0/../../../../avr/lib/avr5/memx-const\libc.a(__sio_sprintf_doux.o) (__pop_int_needed)
c:/program files/microchip/xc8/v2.46/avr/bin/../lib/gcc/avr/5.4.0/../../../../avr/lib/avr5/memx-const\libc.a(__printf_core.o)
                              c:/program files/microchip/xc8/v2.46/avr/bin/../lib/gcc/avr/5.4.0/../../../../avr/lib/avr5/memx-const\libc.a(__fmt_d.o) (__pad)
c:/program files/microchip/xc8/v2.46/avr/bin/../lib/gcc/avr/5.4.0/../../../../avr/lib/avr5/memx-const\libc.a(fputc.o)
                              c:/program files/microchip/xc8/v2.46/avr/bin/../lib/gcc/avr/5.4.0/../../../../avr/lib/avr5/memx-const\libc.a(__printf_core.o) (fputc)
c:/program files/microchip/xc8/v2.46/avr/bin/../lib/gcc/avr/5.4.0/../../../../avr/lib/avr5/memx-const\libc.a(strlen.o)
                              c:/program files/microchip/xc8/v2.46/avr/bin/../lib/gcc/avr/5.4.0/../../../../avr/lib/avr5/memx-const\libc.a(__fmt_s.o) (strlen)
c:/program files/microchip/xc8/v2.46/avr/bin/../lib/gcc/avr/5.4.0/../../../../avr/lib/avr5/memx-const\libc.a(tolower.o)
                              c:/program files/microchip/xc8/v2.46/avr/bin/../lib/gcc/avr/5.4.0/../../../../avr/lib/avr5/memx-const\libc.a(__printf_core.o) (tolower)
c:/program files/microchip/xc8/v2.46/avr/bin/../lib/gcc/avr/5.4.0/../../../../avr/lib/avr5/memx-const\libc.a(toupper.o)
                              c:/program files/microchip/xc8/v2.46/avr/bin/../lib/gcc/avr/5.4.0/../../../../avr/lib/avr5/memx-const\libc.a(__fmt_x.o) (toupper)
c:/program files/microchip/xc8/v2.46/avr/bin/../lib/gcc/avr/5.4.0/../../../../avr/lib/avr5/memx-const\libc.a(errno.o)
                              c:/program files/microchip/xc8/v2.46/avr/bin/../lib/gcc/avr/5.4.0/../../../../avr/lib/avr5/memx-const\libc.a(__printf_core.o) (__errno_val)
c:/program files/microchip/xc8/v2.46/avr/bin/../lib/gcc/avr/5.4.0/../../../../avr/lib/avr5/memx-const\libc.a(_Exit.o)
                              c:/program files/microchip/xc8/v2.46/avr/bin/../lib/gcc/avr/5.4.0/../../../../avr/lib/avr5/memx-const\libc.a(exit.o) (_Exit)
c:/program files/microchip/xc8/v2.46/avr/bin/../lib/gcc/avr/5.4.0/../../../../avr/lib/avr5/memx-const\libc.a(__int_vsprintf.o)
                              c:/program files/microchip/xc8/v2.46/avr/bin/../lib/gcc/avr/5.4.0/../../../../avr/lib/avr5/memx-const\libc.a(__sio_sprintf_doux.o) (__vsprintf)
c:/program files/microchip/xc8/v2.46/avr/bin/../lib/gcc/avr/5.4.0/../../../../avr/lib/avr5/memx-const\libc.a(__int_vsnprintf.o)
                              c:/program files/microchip/xc8/v2.46/avr/bin/../lib/gcc/avr/5.4.0/../../../../avr/lib/avr5/memx-const\libc.a(__int_vsprintf.o) (__vsnprintf)
c:/program files/microchip/xc8/v2.46/avr/bin/../lib/gcc/avr/5.4.0/../../../../avr/lib/avr5/memx-const\libc.a(__int_vfprintf.o)
                              c:/program files/microchip/xc8/v2.46/avr/bin/../lib/gcc/avr/5.4.0/../../../../avr/lib/avr5/memx-const\libc.a(__int_vsnprintf.o) (__vfprintf)
c:/program files/microchip/xc8/v2.46/avr/bin/../lib/gcc/avr/5.4.0/avr5/memx-const\libgcc.a(_udivmodsi4.o)
                              c:/program files/microchip/xc8/v2.46/avr/bin/../lib/gcc/avr/5.4.0/../../../../avr/lib/avr5/memx-const\libc.a(__fmt_u.o) (__udivmodsi4)
c:/program files/microchip/xc8/v2.46/avr/bin/../lib/gcc/avr/5.4.0/avr5/memx-const\libgcc.a(_exit.o)
                              c:/program files/microchip/xc8/v2.46/avr/bin/../lib/gcc/avr/5.4.0/../../../../avr/lib/avr5/memx-const\libc.a(_Exit.o) (_exit)
c:/program files/microchip/xc8/v2.46/avr/bin/../lib/gcc/avr/5.4.0/avr5/memx-const\libgcc.a(_prologue.o)
                              c:/program files/microchip/xc8/v2.46/avr/bin/../lib/gcc/avr/5.4.0/../../../../avr/lib/avr5/memx-const\libc.a(__sio_sprintf_doux.o) (__prologue_saves__)
c:/program files/microchip/xc8/v2.46/avr/bin/../lib/gcc/avr/5.4.0/avr5/memx-const\libgcc.a(_epilogue.o)
                              c:/program files/microchip/xc8/v2.46/avr/bin/../lib/gcc/avr/5.4.0/../../../../avr/lib/avr5/memx-const\libc.a(__sio_sprintf_doux.o) (__epilogue_restores__)

Allocating common symbols
Common symbol       size              file

__errno_val         0x2               c:/program files/microchip/xc8/v2.46/avr/bin/../lib/gcc/avr/5.4.0/../../../../avr/lib/avr5/memx-const\libc.a(errno.o)

Discarded input sections

 .data          0x0000000000000000        0x0 C:/Program Files/Microchip/xc8/v2.46/dfp/xc8/avr/lib/avr5/memx-const/crtatmega32.o
 .bss           0x0000000000000000        0x0 C:/Program Files/Microchip/xc8/v2.46/dfp/xc8/avr/lib/avr5/memx-const/crtatmega32.o
 .text          0x0000000000000000        0x0 build/default/production/ECU_Layer/Chr_LCD/ecu_chr_lcd.o
 .data          0x0000000000000000        0x0 build/default/production/ECU_Layer/Chr_LCD/ecu_chr_lcd.o
 .bss           0x0000000000000000        0x0 build/default/production/ECU_Layer/Chr_LCD/ecu_chr_lcd.o
 .text.lcd_8bit_send_enable_signal
                0x0000000000000000       0x3c build/default/production/ECU_Layer/Chr_LCD/ecu_chr_lcd.o
 .text.lcd_4bit_send_char_data_pos
                0x0000000000000000       0x30 build/default/production/ECU_Layer/Chr_LCD/ecu_chr_lcd.o
 .text.lcd_4bit_custom_char
                0x0000000000000000       0x96 build/default/production/ECU_Layer/Chr_LCD/ecu_chr_lcd.o
 .text.lcd_8bit_send_command
                0x0000000000000000       0x8c build/default/production/ECU_Layer/Chr_LCD/ecu_chr_lcd.o
 .text.lcd_8bit_initialize
                0x0000000000000000       0xf2 build/default/production/ECU_Layer/Chr_LCD/ecu_chr_lcd.o
 .text.lcd_8bit_set_cursor
                0x0000000000000000       0x42 build/default/production/ECU_Layer/Chr_LCD/ecu_chr_lcd.o
 .text.lcd_8bit_send_char_data
                0x0000000000000000       0x8c build/default/production/ECU_Layer/Chr_LCD/ecu_chr_lcd.o
 .text.lcd_8bit_send_char_data_pos
                0x0000000000000000       0x30 build/default/production/ECU_Layer/Chr_LCD/ecu_chr_lcd.o
 .text.lcd_8bit_send_string
                0x0000000000000000       0x48 build/default/production/ECU_Layer/Chr_LCD/ecu_chr_lcd.o
 .text.lcd_8bit_send_string_pos
                0x0000000000000000       0x3e build/default/production/ECU_Layer/Chr_LCD/ecu_chr_lcd.o
 .text.lcd_8bit_custom_char
                0x0000000000000000       0x96 build/default/production/ECU_Layer/Chr_LCD/ecu_chr_lcd.o
 .progmemx.data
                0x0000000000000000        0x3 build/default/production/ECU_Layer/Chr_LCD/ecu_chr_lcd.o
 .text.convert_byte_to_string
                0x0000000000000000       0x42 build/default/production/ECU_Layer/Chr_LCD/ecu_chr_lcd.o
 .text.convert_short_to_string
                0x0000000000000000       0x42 build/default/production/ECU_Layer/Chr_LCD/ecu_chr_lcd.o
 .text.convert_int_to_string
                0x0000000000000000       0x42 build/default/production/ECU_Layer/Chr_LCD/ecu_chr_lcd.o
 .text          0x0000000000000000        0x0 build/default/production/ECU_Layer/LED/ecu_led.o
 .data          0x0000000000000000        0x0 build/default/production/ECU_Layer/LED/ecu_led.o
 .bss           0x0000000000000000        0x0 build/default/production/ECU_Layer/LED/ecu_led.o
 .text.led_initialize
                0x0000000000000000       0x66 build/default/production/ECU_Layer/LED/ecu_led.o
 .text.led_turn_on
                0x0000000000000000       0x68 build/default/production/ECU_Layer/LED/ecu_led.o
 .text.led_turn_off
                0x0000000000000000       0x68 build/default/production/ECU_Layer/LED/ecu_led.o
 .text.led_toggle
                0x0000000000000000       0x66 build/default/production/ECU_Layer/LED/ecu_led.o
 .debug_info    0x0000000000000000      0x5b3 build/default/production/ECU_Layer/LED/ecu_led.o
 .debug_abbrev  0x0000000000000000      0x100 build/default/production/ECU_Layer/LED/ecu_led.o
 .debug_loc     0x0000000000000000      0x24c build/default/production/ECU_Layer/LED/ecu_led.o
 .debug_aranges
                0x0000000000000000       0x38 build/default/production/ECU_Layer/LED/ecu_led.o
 .debug_ranges  0x0000000000000000       0x28 build/default/production/ECU_Layer/LED/ecu_led.o
 .debug_line    0x0000000000000000      0x1e1 build/default/production/ECU_Layer/LED/ecu_led.o
 .debug_str     0x0000000000000000       0x52 build/default/production/ECU_Layer/LED/ecu_led.o
 .comment       0x0000000000000000       0x30 build/default/production/ECU_Layer/LED/ecu_led.o
 .debug_frame   0x0000000000000000       0x94 build/default/production/ECU_Layer/LED/ecu_led.o
 .text          0x0000000000000000        0x0 build/default/production/ECU_Layer/ecu_layer_init.o
 .data          0x0000000000000000        0x0 build/default/production/ECU_Layer/ecu_layer_init.o
 .bss           0x0000000000000000        0x0 build/default/production/ECU_Layer/ecu_layer_init.o
 .text          0x0000000000000000        0x0 build/default/production/MCAL_Layer/GPIO/hal_gpio.o
 .data          0x0000000000000000        0x0 build/default/production/MCAL_Layer/GPIO/hal_gpio.o
 .bss           0x0000000000000000        0x0 build/default/production/MCAL_Layer/GPIO/hal_gpio.o
 .text.gpio_pin_get_direction_status
                0x0000000000000000       0x5c build/default/production/MCAL_Layer/GPIO/hal_gpio.o
 .text.gpio_pin_read_logic
                0x0000000000000000       0x5c build/default/production/MCAL_Layer/GPIO/hal_gpio.o
 .text.gpio_pin_toggle_logic
                0x0000000000000000       0x52 build/default/production/MCAL_Layer/GPIO/hal_gpio.o
 .text.gpio_port_direction_initialize
                0x0000000000000000       0x20 build/default/production/MCAL_Layer/GPIO/hal_gpio.o
 .text.gpio_port_get_direction_status
                0x0000000000000000       0x2e build/default/production/MCAL_Layer/GPIO/hal_gpio.o
 .text.gpio_port_write_logic
                0x0000000000000000       0x20 build/default/production/MCAL_Layer/GPIO/hal_gpio.o
 .text.gpio_port_read_logic
                0x0000000000000000       0x2e build/default/production/MCAL_Layer/GPIO/hal_gpio.o
 .text.gpio_port_toggle_logic
                0x0000000000000000       0x24 build/default/production/MCAL_Layer/GPIO/hal_gpio.o
 .data.pin_registers
                0x0000000000000000        0x8 build/default/production/MCAL_Layer/GPIO/hal_gpio.o
 .text          0x0000000000000000        0x0 build/default/production/MCAL_Layer/Interrupts/EXTI/EXTI.o
 .data          0x0000000000000000        0x0 build/default/production/MCAL_Layer/Interrupts/EXTI/EXTI.o
 .bss           0x0000000000000000        0x0 build/default/production/MCAL_Layer/Interrupts/EXTI/EXTI.o
 .text.EXTI_voidInit
                0x0000000000000000        0xe build/default/production/MCAL_Layer/Interrupts/EXTI/EXTI.o
 .text.EXTI_voidSetSignalLatch
                0x0000000000000000       0xf6 build/default/production/MCAL_Layer/Interrupts/EXTI/EXTI.o
 .text.EXTI_voidDisableInterrupt
                0x0000000000000000       0x12 build/default/production/MCAL_Layer/Interrupts/EXTI/EXTI.o
 .text.EXTI_voidEnableInterrupt
                0x0000000000000000       0x12 build/default/production/MCAL_Layer/Interrupts/EXTI/EXTI.o
 .text.EXTI_u8GetFlag
                0x0000000000000000       0x16 build/default/production/MCAL_Layer/Interrupts/EXTI/EXTI.o
 .text.EXTI_voidSetCallBack
                0x0000000000000000       0x16 build/default/production/MCAL_Layer/Interrupts/EXTI/EXTI.o
 .text          0x0000000000000000        0x0 build/default/production/MCAL_Layer/Interrupts/GIE/GIE.o
 .data          0x0000000000000000        0x0 build/default/production/MCAL_Layer/Interrupts/GIE/GIE.o
 .bss           0x0000000000000000        0x0 build/default/production/MCAL_Layer/Interrupts/GIE/GIE.o
 .text.GIE_VoidEnable
                0x0000000000000000        0x4 build/default/production/MCAL_Layer/Interrupts/GIE/GIE.o
 .text.GIE_VoidDisable
                0x0000000000000000        0x8 build/default/production/MCAL_Layer/Interrupts/GIE/GIE.o
 .debug_info    0x0000000000000000      0x2fb build/default/production/MCAL_Layer/Interrupts/GIE/GIE.o
 .debug_abbrev  0x0000000000000000       0x46 build/default/production/MCAL_Layer/Interrupts/GIE/GIE.o
 .debug_aranges
                0x0000000000000000       0x28 build/default/production/MCAL_Layer/Interrupts/GIE/GIE.o
 .debug_ranges  0x0000000000000000       0x18 build/default/production/MCAL_Layer/Interrupts/GIE/GIE.o
 .debug_line    0x0000000000000000       0xe5 build/default/production/MCAL_Layer/Interrupts/GIE/GIE.o
 .debug_str     0x0000000000000000        0x0 build/default/production/MCAL_Layer/Interrupts/GIE/GIE.o
 .comment       0x0000000000000000       0x30 build/default/production/MCAL_Layer/Interrupts/GIE/GIE.o
 .debug_frame   0x0000000000000000       0x34 build/default/production/MCAL_Layer/Interrupts/GIE/GIE.o
 .text          0x0000000000000000        0x0 build/default/production/MCAL_Layer/Timers/timer.o
 .data          0x0000000000000000        0x0 build/default/production/MCAL_Layer/Timers/timer.o
 .bss           0x0000000000000000        0x0 build/default/production/MCAL_Layer/Timers/timer.o
 .text.TIMER0_voidInit
                0x0000000000000000       0x24 build/default/production/MCAL_Layer/Timers/timer.o
 .text.TIMER1_voidInit
                0x0000000000000000       0x30 build/default/production/MCAL_Layer/Timers/timer.o
 .text.TIMER2_voidInit
                0x0000000000000000       0x24 build/default/production/MCAL_Layer/Timers/timer.o
 .text.TIMER0_voidSetPreload
                0x0000000000000000        0x4 build/default/production/MCAL_Layer/Timers/timer.o
 .text.TIMER1_voidSetPreload
                0x0000000000000000        0x6 build/default/production/MCAL_Layer/Timers/timer.o
 .text.TIMER2_voidSetPreload
                0x0000000000000000        0x4 build/default/production/MCAL_Layer/Timers/timer.o
 .text.TIMER0_voidSetCTC
                0x0000000000000000        0x4 build/default/production/MCAL_Layer/Timers/timer.o
 .text.TIMER1_voidSetCTCA
                0x0000000000000000        0x6 build/default/production/MCAL_Layer/Timers/timer.o
 .text.TIMER1_voidSetCTCB
                0x0000000000000000        0x6 build/default/production/MCAL_Layer/Timers/timer.o
 .text.TIMER2_voidSetCTC
                0x0000000000000000        0x4 build/default/production/MCAL_Layer/Timers/timer.o
 .text.TIMER1_voidSetICR1
                0x0000000000000000        0x6 build/default/production/MCAL_Layer/Timers/timer.o
 .text.TIMER0_u8GetTimerCounterValue
                0x0000000000000000        0x4 build/default/production/MCAL_Layer/Timers/timer.o
 .text.TIMER1_u16GetTimerCounterValue
                0x0000000000000000        0x6 build/default/production/MCAL_Layer/Timers/timer.o
 .text.TIMER2_u8GetTimerCounterValue
                0x0000000000000000        0x4 build/default/production/MCAL_Layer/Timers/timer.o
 .text.TIMER_voidSetPWM
                0x0000000000000000        0x6 build/default/production/MCAL_Layer/Timers/timer.o
 .text.TIMER_voidICUInitEnable
                0x0000000000000000        0xe build/default/production/MCAL_Layer/Timers/timer.o
 .text.TIMER_voidICUSetTriggerEdge
                0x0000000000000000       0x20 build/default/production/MCAL_Layer/Timers/timer.o
 .text.TIMER_voidICUEnableInterrupt
                0x0000000000000000        0x8 build/default/production/MCAL_Layer/Timers/timer.o
 .text.TIMER_voidICUDisableInterrupt
                0x0000000000000000        0x8 build/default/production/MCAL_Layer/Timers/timer.o
 .text.TIMER_u16GetICR
                0x0000000000000000        0x6 build/default/production/MCAL_Layer/Timers/timer.o
 .text.TIMER_voidWDTSleep
                0x0000000000000000        0xe build/default/production/MCAL_Layer/Timers/timer.o
 .text.TIMER_voidWDTEnable
                0x0000000000000000        0x8 build/default/production/MCAL_Layer/Timers/timer.o
 .text.TIMER_voidWDTDisable
                0x0000000000000000        0xa build/default/production/MCAL_Layer/Timers/timer.o
 .text.TIMER_u8SetCallBack
                0x0000000000000000       0x1c build/default/production/MCAL_Layer/Timers/timer.o
 .text          0x0000000000000000        0x0 build/default/production/MCAL_Layer/USART/USART_program.o
 .data          0x0000000000000000        0x0 build/default/production/MCAL_Layer/USART/USART_program.o
 .bss           0x0000000000000000        0x0 build/default/production/MCAL_Layer/USART/USART_program.o
 .text.USART_u8SendData
                0x0000000000000000       0x42 build/default/production/MCAL_Layer/USART/USART_program.o
 .text.USART_u8SendStringSynch
                0x0000000000000000       0x3e build/default/production/MCAL_Layer/USART/USART_program.o
 .text.USART_u8ReceiveBufferSynch
                0x0000000000000000       0x40 build/default/production/MCAL_Layer/USART/USART_program.o
 .text.USART_u8ReceiveBufferAsynch
                0x0000000000000000       0x44 build/default/production/MCAL_Layer/USART/USART_program.o
 .text          0x0000000000000000        0x0 build/default/production/application.o
 .data          0x0000000000000000        0x0 build/default/production/application.o
 .bss           0x0000000000000000        0x0 build/default/production/application.o
 .text          0x0000000000000000        0x0 c:/program files/microchip/xc8/v2.46/avr/bin/../lib/gcc/avr/5.4.0/avr5/memx-const\libgcc.a(_copy_data.o)
 .data          0x0000000000000000        0x0 c:/program files/microchip/xc8/v2.46/avr/bin/../lib/gcc/avr/5.4.0/avr5/memx-const\libgcc.a(_copy_data.o)
 .bss           0x0000000000000000        0x0 c:/program files/microchip/xc8/v2.46/avr/bin/../lib/gcc/avr/5.4.0/avr5/memx-const\libgcc.a(_copy_data.o)
 .text.libgcc.mul
                0x0000000000000000        0x0 c:/program files/microchip/xc8/v2.46/avr/bin/../lib/gcc/avr/5.4.0/avr5/memx-const\libgcc.a(_copy_data.o)
 .text.libgcc.div
                0x0000000000000000        0x0 c:/program files/microchip/xc8/v2.46/avr/bin/../lib/gcc/avr/5.4.0/avr5/memx-const\libgcc.a(_copy_data.o)
 .text.libgcc   0x0000000000000000        0x0 c:/program files/microchip/xc8/v2.46/avr/bin/../lib/gcc/avr/5.4.0/avr5/memx-const\libgcc.a(_copy_data.o)
 .text.libgcc.prologue
                0x0000000000000000        0x0 c:/program files/microchip/xc8/v2.46/avr/bin/../lib/gcc/avr/5.4.0/avr5/memx-const\libgcc.a(_copy_data.o)
 .text.libgcc.builtins
                0x0000000000000000        0x0 c:/program files/microchip/xc8/v2.46/avr/bin/../lib/gcc/avr/5.4.0/avr5/memx-const\libgcc.a(_copy_data.o)
 .text.libgcc.fmul
                0x0000000000000000        0x0 c:/program files/microchip/xc8/v2.46/avr/bin/../lib/gcc/avr/5.4.0/avr5/memx-const\libgcc.a(_copy_data.o)
 .text.libgcc.fixed
                0x0000000000000000        0x0 c:/program files/microchip/xc8/v2.46/avr/bin/../lib/gcc/avr/5.4.0/avr5/memx-const\libgcc.a(_copy_data.o)
 .text          0x0000000000000000        0x0 c:/program files/microchip/xc8/v2.46/avr/bin/../lib/gcc/avr/5.4.0/../../../../avr/lib/avr5/memx-const\libc.a(exit.o)
 .data          0x0000000000000000        0x0 c:/program files/microchip/xc8/v2.46/avr/bin/../lib/gcc/avr/5.4.0/../../../../avr/lib/avr5/memx-const\libc.a(exit.o)
 .bss           0x0000000000000000        0x0 c:/program files/microchip/xc8/v2.46/avr/bin/../lib/gcc/avr/5.4.0/../../../../avr/lib/avr5/memx-const\libc.a(exit.o)
 .stack.descriptors
                0x0000000000000000       0x73 c:/program files/microchip/xc8/v2.46/avr/bin/../lib/gcc/avr/5.4.0/../../../../avr/lib/avr5/memx-const\libc.a(exit.o)
 .text          0x0000000000000000        0x0 c:/program files/microchip/xc8/v2.46/avr/bin/../lib/gcc/avr/5.4.0/../../../../avr/lib/avr5/memx-const\libc.a(__sio_sprintf_doux.o)
 .data          0x0000000000000000        0x0 c:/program files/microchip/xc8/v2.46/avr/bin/../lib/gcc/avr/5.4.0/../../../../avr/lib/avr5/memx-const\libc.a(__sio_sprintf_doux.o)
 .bss           0x0000000000000000        0x0 c:/program files/microchip/xc8/v2.46/avr/bin/../lib/gcc/avr/5.4.0/../../../../avr/lib/avr5/memx-const\libc.a(__sio_sprintf_doux.o)
 .stack.descriptors
                0x0000000000000000       0x3c c:/program files/microchip/xc8/v2.46/avr/bin/../lib/gcc/avr/5.4.0/../../../../avr/lib/avr5/memx-const\libc.a(__sio_sprintf_doux.o)
 .text.__wrap_sprintf
                0x0000000000000000       0x26 c:/program files/microchip/xc8/v2.46/avr/bin/../lib/gcc/avr/5.4.0/../../../../avr/lib/avr5/memx-const\libc.a(__sio_sprintf_doux.o)
 .text.__sio_sprintf_doux
                0x0000000000000000       0x1a c:/program files/microchip/xc8/v2.46/avr/bin/../lib/gcc/avr/5.4.0/../../../../avr/lib/avr5/memx-const\libc.a(__sio_sprintf_doux.o)
 .comment       0x0000000000000000       0x2d c:/program files/microchip/xc8/v2.46/avr/bin/../lib/gcc/avr/5.4.0/../../../../avr/lib/avr5/memx-const\libc.a(__sio_sprintf_doux.o)
 .stack.descriptors.hdr
                0x0000000000000000        0xe c:/program files/microchip/xc8/v2.46/avr/bin/../lib/gcc/avr/5.4.0/../../../../avr/lib/avr5/memx-const\libc.a(__sio_sprintf_doux.o)
 .note.GNU-stack
                0x0000000000000000        0x0 c:/program files/microchip/xc8/v2.46/avr/bin/../lib/gcc/avr/5.4.0/../../../../avr/lib/avr5/memx-const\libc.a(__sio_sprintf_doux.o)
 .text          0x0000000000000000        0x0 c:/program files/microchip/xc8/v2.46/avr/bin/../lib/gcc/avr/5.4.0/../../../../avr/lib/avr5/memx-const\libc.a(__fmt_d.o)
 .data          0x0000000000000000        0x0 c:/program files/microchip/xc8/v2.46/avr/bin/../lib/gcc/avr/5.4.0/../../../../avr/lib/avr5/memx-const\libc.a(__fmt_d.o)
 .bss           0x0000000000000000        0x0 c:/program files/microchip/xc8/v2.46/avr/bin/../lib/gcc/avr/5.4.0/../../../../avr/lib/avr5/memx-const\libc.a(__fmt_d.o)
 .stack.descriptors
                0x0000000000000000       0x15 c:/program files/microchip/xc8/v2.46/avr/bin/../lib/gcc/avr/5.4.0/../../../../avr/lib/avr5/memx-const\libc.a(__fmt_d.o)
 .text.__fmt_d  0x0000000000000000       0xe6 c:/program files/microchip/xc8/v2.46/avr/bin/../lib/gcc/avr/5.4.0/../../../../avr/lib/avr5/memx-const\libc.a(__fmt_d.o)
 .comment       0x0000000000000000       0x2d c:/program files/microchip/xc8/v2.46/avr/bin/../lib/gcc/avr/5.4.0/../../../../avr/lib/avr5/memx-const\libc.a(__fmt_d.o)
 .stack.descriptors.hdr
                0x0000000000000000        0xe c:/program files/microchip/xc8/v2.46/avr/bin/../lib/gcc/avr/5.4.0/../../../../avr/lib/avr5/memx-const\libc.a(__fmt_d.o)
 .note.GNU-stack
                0x0000000000000000        0x0 c:/program files/microchip/xc8/v2.46/avr/bin/../lib/gcc/avr/5.4.0/../../../../avr/lib/avr5/memx-const\libc.a(__fmt_d.o)
 .text          0x0000000000000000        0x0 c:/program files/microchip/xc8/v2.46/avr/bin/../lib/gcc/avr/5.4.0/../../../../avr/lib/avr5/memx-const\libc.a(__fmt_o.o)
 .data          0x0000000000000000        0x0 c:/program files/microchip/xc8/v2.46/avr/bin/../lib/gcc/avr/5.4.0/../../../../avr/lib/avr5/memx-const\libc.a(__fmt_o.o)
 .bss           0x0000000000000000        0x0 c:/program files/microchip/xc8/v2.46/avr/bin/../lib/gcc/avr/5.4.0/../../../../avr/lib/avr5/memx-const\libc.a(__fmt_o.o)
 .stack.descriptors
                0x0000000000000000       0x15 c:/program files/microchip/xc8/v2.46/avr/bin/../lib/gcc/avr/5.4.0/../../../../avr/lib/avr5/memx-const\libc.a(__fmt_o.o)
 .text.__fmt_o  0x0000000000000000       0xb4 c:/program files/microchip/xc8/v2.46/avr/bin/../lib/gcc/avr/5.4.0/../../../../avr/lib/avr5/memx-const\libc.a(__fmt_o.o)
 .comment       0x0000000000000000       0x2d c:/program files/microchip/xc8/v2.46/avr/bin/../lib/gcc/avr/5.4.0/../../../../avr/lib/avr5/memx-const\libc.a(__fmt_o.o)
 .stack.descriptors.hdr
                0x0000000000000000        0xe c:/program files/microchip/xc8/v2.46/avr/bin/../lib/gcc/avr/5.4.0/../../../../avr/lib/avr5/memx-const\libc.a(__fmt_o.o)
 .note.GNU-stack
                0x0000000000000000        0x0 c:/program files/microchip/xc8/v2.46/avr/bin/../lib/gcc/avr/5.4.0/../../../../avr/lib/avr5/memx-const\libc.a(__fmt_o.o)
 .text          0x0000000000000000        0x0 c:/program files/microchip/xc8/v2.46/avr/bin/../lib/gcc/avr/5.4.0/../../../../avr/lib/avr5/memx-const\libc.a(__fmt_s.o)
 .data          0x0000000000000000        0x0 c:/program files/microchip/xc8/v2.46/avr/bin/../lib/gcc/avr/5.4.0/../../../../avr/lib/avr5/memx-const\libc.a(__fmt_s.o)
 .bss           0x0000000000000000        0x0 c:/program files/microchip/xc8/v2.46/avr/bin/../lib/gcc/avr/5.4.0/../../../../avr/lib/avr5/memx-const\libc.a(__fmt_s.o)
 .stack.descriptors
                0x0000000000000000       0x15 c:/program files/microchip/xc8/v2.46/avr/bin/../lib/gcc/avr/5.4.0/../../../../avr/lib/avr5/memx-const\libc.a(__fmt_s.o)
 .text.__fmt_s  0x0000000000000000       0x7a c:/program files/microchip/xc8/v2.46/avr/bin/../lib/gcc/avr/5.4.0/../../../../avr/lib/avr5/memx-const\libc.a(__fmt_s.o)
 .progmemx.data.nuls.2781
                0x0000000000000000        0x7 c:/program files/microchip/xc8/v2.46/avr/bin/../lib/gcc/avr/5.4.0/../../../../avr/lib/avr5/memx-const\libc.a(__fmt_s.o)
 .comment       0x0000000000000000       0x2d c:/program files/microchip/xc8/v2.46/avr/bin/../lib/gcc/avr/5.4.0/../../../../avr/lib/avr5/memx-const\libc.a(__fmt_s.o)
 .stack.descriptors.hdr
                0x0000000000000000        0xe c:/program files/microchip/xc8/v2.46/avr/bin/../lib/gcc/avr/5.4.0/../../../../avr/lib/avr5/memx-const\libc.a(__fmt_s.o)
 .note.GNU-stack
                0x0000000000000000        0x0 c:/program files/microchip/xc8/v2.46/avr/bin/../lib/gcc/avr/5.4.0/../../../../avr/lib/avr5/memx-const\libc.a(__fmt_s.o)
 .text          0x0000000000000000        0x0 c:/program files/microchip/xc8/v2.46/avr/bin/../lib/gcc/avr/5.4.0/../../../../avr/lib/avr5/memx-const\libc.a(__fmt_u.o)
 .data          0x0000000000000000        0x0 c:/program files/microchip/xc8/v2.46/avr/bin/../lib/gcc/avr/5.4.0/../../../../avr/lib/avr5/memx-const\libc.a(__fmt_u.o)
 .bss           0x0000000000000000        0x0 c:/program files/microchip/xc8/v2.46/avr/bin/../lib/gcc/avr/5.4.0/../../../../avr/lib/avr5/memx-const\libc.a(__fmt_u.o)
 .stack.descriptors
                0x0000000000000000       0x2a c:/program files/microchip/xc8/v2.46/avr/bin/../lib/gcc/avr/5.4.0/../../../../avr/lib/avr5/memx-const\libc.a(__fmt_u.o)
 .text.__cvt_u  0x0000000000000000       0xca c:/program files/microchip/xc8/v2.46/avr/bin/../lib/gcc/avr/5.4.0/../../../../avr/lib/avr5/memx-const\libc.a(__fmt_u.o)
 .text.__fmt_u  0x0000000000000000       0x90 c:/program files/microchip/xc8/v2.46/avr/bin/../lib/gcc/avr/5.4.0/../../../../avr/lib/avr5/memx-const\libc.a(__fmt_u.o)
 .comment       0x0000000000000000       0x2d c:/program files/microchip/xc8/v2.46/avr/bin/../lib/gcc/avr/5.4.0/../../../../avr/lib/avr5/memx-const\libc.a(__fmt_u.o)
 .stack.descriptors.hdr
                0x0000000000000000        0xe c:/program files/microchip/xc8/v2.46/avr/bin/../lib/gcc/avr/5.4.0/../../../../avr/lib/avr5/memx-const\libc.a(__fmt_u.o)
 .note.GNU-stack
                0x0000000000000000        0x0 c:/program files/microchip/xc8/v2.46/avr/bin/../lib/gcc/avr/5.4.0/../../../../avr/lib/avr5/memx-const\libc.a(__fmt_u.o)
 .text          0x0000000000000000        0x0 c:/program files/microchip/xc8/v2.46/avr/bin/../lib/gcc/avr/5.4.0/../../../../avr/lib/avr5/memx-const\libc.a(__fmt_x.o)
 .data          0x0000000000000000        0x0 c:/program files/microchip/xc8/v2.46/avr/bin/../lib/gcc/avr/5.4.0/../../../../avr/lib/avr5/memx-const\libc.a(__fmt_x.o)
 .bss           0x0000000000000000        0x0 c:/program files/microchip/xc8/v2.46/avr/bin/../lib/gcc/avr/5.4.0/../../../../avr/lib/avr5/memx-const\libc.a(__fmt_x.o)
 .stack.descriptors
                0x0000000000000000       0x15 c:/program files/microchip/xc8/v2.46/avr/bin/../lib/gcc/avr/5.4.0/../../../../avr/lib/avr5/memx-const\libc.a(__fmt_x.o)
 .text.__fmt_x  0x0000000000000000      0x1da c:/program files/microchip/xc8/v2.46/avr/bin/../lib/gcc/avr/5.4.0/../../../../avr/lib/avr5/memx-const\libc.a(__fmt_x.o)
 .comment       0x0000000000000000       0x2d c:/program files/microchip/xc8/v2.46/avr/bin/../lib/gcc/avr/5.4.0/../../../../avr/lib/avr5/memx-const\libc.a(__fmt_x.o)
 .stack.descriptors.hdr
                0x0000000000000000        0xe c:/program files/microchip/xc8/v2.46/avr/bin/../lib/gcc/avr/5.4.0/../../../../avr/lib/avr5/memx-const\libc.a(__fmt_x.o)
 .note.GNU-stack
                0x0000000000000000        0x0 c:/program files/microchip/xc8/v2.46/avr/bin/../lib/gcc/avr/5.4.0/../../../../avr/lib/avr5/memx-const\libc.a(__fmt_x.o)
 .text          0x0000000000000000        0x0 c:/program files/microchip/xc8/v2.46/avr/bin/../lib/gcc/avr/5.4.0/../../../../avr/lib/avr5/memx-const\libc.a(__pop_int.o)
 .data          0x0000000000000000        0x0 c:/program files/microchip/xc8/v2.46/avr/bin/../lib/gcc/avr/5.4.0/../../../../avr/lib/avr5/memx-const\libc.a(__pop_int.o)
 .bss           0x0000000000000000        0x0 c:/program files/microchip/xc8/v2.46/avr/bin/../lib/gcc/avr/5.4.0/../../../../avr/lib/avr5/memx-const\libc.a(__pop_int.o)
 .stack.descriptors
                0x0000000000000000       0x17 c:/program files/microchip/xc8/v2.46/avr/bin/../lib/gcc/avr/5.4.0/../../../../avr/lib/avr5/memx-const\libc.a(__pop_int.o)
 .text.__pop_int
                0x0000000000000000       0xda c:/program files/microchip/xc8/v2.46/avr/bin/../lib/gcc/avr/5.4.0/../../../../avr/lib/avr5/memx-const\libc.a(__pop_int.o)
 .comment       0x0000000000000000       0x2d c:/program files/microchip/xc8/v2.46/avr/bin/../lib/gcc/avr/5.4.0/../../../../avr/lib/avr5/memx-const\libc.a(__pop_int.o)
 .stack.descriptors.hdr
                0x0000000000000000        0xe c:/program files/microchip/xc8/v2.46/avr/bin/../lib/gcc/avr/5.4.0/../../../../avr/lib/avr5/memx-const\libc.a(__pop_int.o)
 .note.GNU-stack
                0x0000000000000000        0x0 c:/program files/microchip/xc8/v2.46/avr/bin/../lib/gcc/avr/5.4.0/../../../../avr/lib/avr5/memx-const\libc.a(__pop_int.o)
 .text          0x0000000000000000        0x0 c:/program files/microchip/xc8/v2.46/avr/bin/../lib/gcc/avr/5.4.0/../../../../avr/lib/avr5/memx-const\libc.a(__printf_core.o)
 .data          0x0000000000000000        0x0 c:/program files/microchip/xc8/v2.46/avr/bin/../lib/gcc/avr/5.4.0/../../../../avr/lib/avr5/memx-const\libc.a(__printf_core.o)
 .bss           0x0000000000000000        0x0 c:/program files/microchip/xc8/v2.46/avr/bin/../lib/gcc/avr/5.4.0/../../../../avr/lib/avr5/memx-const\libc.a(__printf_core.o)
 .stack.descriptors
                0x0000000000000000       0x91 c:/program files/microchip/xc8/v2.46/avr/bin/../lib/gcc/avr/5.4.0/../../../../avr/lib/avr5/memx-const\libc.a(__printf_core.o)
 .text.read_prec_or_width
                0x0000000000000000       0x78 c:/program files/microchip/xc8/v2.46/avr/bin/../lib/gcc/avr/5.4.0/../../../../avr/lib/avr5/memx-const\libc.a(__printf_core.o)
 .text.__out    0x0000000000000000       0x68 c:/program files/microchip/xc8/v2.46/avr/bin/../lib/gcc/avr/5.4.0/../../../../avr/lib/avr5/memx-const\libc.a(__printf_core.o)
 .text.__pad    0x0000000000000000       0x96 c:/program files/microchip/xc8/v2.46/avr/bin/../lib/gcc/avr/5.4.0/../../../../avr/lib/avr5/memx-const\libc.a(__printf_core.o)
 .text.__fmt_state
                0x0000000000000000       0x9e c:/program files/microchip/xc8/v2.46/avr/bin/../lib/gcc/avr/5.4.0/../../../../avr/lib/avr5/memx-const\libc.a(__printf_core.o)
 .text.vfpfcnvrt
                0x0000000000000000      0x4d8 c:/program files/microchip/xc8/v2.46/avr/bin/../lib/gcc/avr/5.4.0/../../../../avr/lib/avr5/memx-const\libc.a(__printf_core.o)
 .text.__printf_core
                0x0000000000000000       0x94 c:/program files/microchip/xc8/v2.46/avr/bin/../lib/gcc/avr/5.4.0/../../../../avr/lib/avr5/memx-const\libc.a(__printf_core.o)
 .progmemx.data.nilstr.2962
                0x0000000000000000        0x6 c:/program files/microchip/xc8/v2.46/avr/bin/../lib/gcc/avr/5.4.0/../../../../avr/lib/avr5/memx-const\libc.a(__printf_core.o)
 .progmemx.data.state_table
                0x0000000000000000       0x16 c:/program files/microchip/xc8/v2.46/avr/bin/../lib/gcc/avr/5.4.0/../../../../avr/lib/avr5/memx-const\libc.a(__printf_core.o)
 .comment       0x0000000000000000       0x2d c:/program files/microchip/xc8/v2.46/avr/bin/../lib/gcc/avr/5.4.0/../../../../avr/lib/avr5/memx-const\libc.a(__printf_core.o)
 .stack.descriptors.hdr
                0x0000000000000000        0xe c:/program files/microchip/xc8/v2.46/avr/bin/../lib/gcc/avr/5.4.0/../../../../avr/lib/avr5/memx-const\libc.a(__printf_core.o)
 .note.GNU-stack
                0x0000000000000000        0x0 c:/program files/microchip/xc8/v2.46/avr/bin/../lib/gcc/avr/5.4.0/../../../../avr/lib/avr5/memx-const\libc.a(__printf_core.o)
 .text          0x0000000000000000        0x0 c:/program files/microchip/xc8/v2.46/avr/bin/../lib/gcc/avr/5.4.0/../../../../avr/lib/avr5/memx-const\libc.a(fputc.o)
 .data          0x0000000000000000        0x0 c:/program files/microchip/xc8/v2.46/avr/bin/../lib/gcc/avr/5.4.0/../../../../avr/lib/avr5/memx-const\libc.a(fputc.o)
 .bss           0x0000000000000000        0x0 c:/program files/microchip/xc8/v2.46/avr/bin/../lib/gcc/avr/5.4.0/../../../../avr/lib/avr5/memx-const\libc.a(fputc.o)
 .stack.descriptors
                0x0000000000000000       0x13 c:/program files/microchip/xc8/v2.46/avr/bin/../lib/gcc/avr/5.4.0/../../../../avr/lib/avr5/memx-const\libc.a(fputc.o)
 .text.fputc    0x0000000000000000       0x98 c:/program files/microchip/xc8/v2.46/avr/bin/../lib/gcc/avr/5.4.0/../../../../avr/lib/avr5/memx-const\libc.a(fputc.o)
 .comment       0x0000000000000000       0x2d c:/program files/microchip/xc8/v2.46/avr/bin/../lib/gcc/avr/5.4.0/../../../../avr/lib/avr5/memx-const\libc.a(fputc.o)
 .stack.descriptors.hdr
                0x0000000000000000        0xe c:/program files/microchip/xc8/v2.46/avr/bin/../lib/gcc/avr/5.4.0/../../../../avr/lib/avr5/memx-const\libc.a(fputc.o)
 .note.GNU-stack
                0x0000000000000000        0x0 c:/program files/microchip/xc8/v2.46/avr/bin/../lib/gcc/avr/5.4.0/../../../../avr/lib/avr5/memx-const\libc.a(fputc.o)
 .text          0x0000000000000000        0x0 c:/program files/microchip/xc8/v2.46/avr/bin/../lib/gcc/avr/5.4.0/../../../../avr/lib/avr5/memx-const\libc.a(strlen.o)
 .data          0x0000000000000000        0x0 c:/program files/microchip/xc8/v2.46/avr/bin/../lib/gcc/avr/5.4.0/../../../../avr/lib/avr5/memx-const\libc.a(strlen.o)
 .bss           0x0000000000000000        0x0 c:/program files/microchip/xc8/v2.46/avr/bin/../lib/gcc/avr/5.4.0/../../../../avr/lib/avr5/memx-const\libc.a(strlen.o)
 .stack.descriptors
                0x0000000000000000       0x14 c:/program files/microchip/xc8/v2.46/avr/bin/../lib/gcc/avr/5.4.0/../../../../avr/lib/avr5/memx-const\libc.a(strlen.o)
 .text.strlen   0x0000000000000000       0x2c c:/program files/microchip/xc8/v2.46/avr/bin/../lib/gcc/avr/5.4.0/../../../../avr/lib/avr5/memx-const\libc.a(strlen.o)
 .comment       0x0000000000000000       0x2d c:/program files/microchip/xc8/v2.46/avr/bin/../lib/gcc/avr/5.4.0/../../../../avr/lib/avr5/memx-const\libc.a(strlen.o)
 .stack.descriptors.hdr
                0x0000000000000000        0xe c:/program files/microchip/xc8/v2.46/avr/bin/../lib/gcc/avr/5.4.0/../../../../avr/lib/avr5/memx-const\libc.a(strlen.o)
 .note.GNU-stack
                0x0000000000000000        0x0 c:/program files/microchip/xc8/v2.46/avr/bin/../lib/gcc/avr/5.4.0/../../../../avr/lib/avr5/memx-const\libc.a(strlen.o)
 .text          0x0000000000000000        0x0 c:/program files/microchip/xc8/v2.46/avr/bin/../lib/gcc/avr/5.4.0/../../../../avr/lib/avr5/memx-const\libc.a(tolower.o)
 .data          0x0000000000000000        0x0 c:/program files/microchip/xc8/v2.46/avr/bin/../lib/gcc/avr/5.4.0/../../../../avr/lib/avr5/memx-const\libc.a(tolower.o)
 .bss           0x0000000000000000        0x0 c:/program files/microchip/xc8/v2.46/avr/bin/../lib/gcc/avr/5.4.0/../../../../avr/lib/avr5/memx-const\libc.a(tolower.o)
 .stack.descriptors
                0x0000000000000000       0x2e c:/program files/microchip/xc8/v2.46/avr/bin/../lib/gcc/avr/5.4.0/../../../../avr/lib/avr5/memx-const\libc.a(tolower.o)
 .text.tolower  0x0000000000000000       0x10 c:/program files/microchip/xc8/v2.46/avr/bin/../lib/gcc/avr/5.4.0/../../../../avr/lib/avr5/memx-const\libc.a(tolower.o)
 .text.__tolower_l
                0x0000000000000000        0x6 c:/program files/microchip/xc8/v2.46/avr/bin/../lib/gcc/avr/5.4.0/../../../../avr/lib/avr5/memx-const\libc.a(tolower.o)
 .comment       0x0000000000000000       0x2d c:/program files/microchip/xc8/v2.46/avr/bin/../lib/gcc/avr/5.4.0/../../../../avr/lib/avr5/memx-const\libc.a(tolower.o)
 .stack.descriptors.hdr
                0x0000000000000000        0xe c:/program files/microchip/xc8/v2.46/avr/bin/../lib/gcc/avr/5.4.0/../../../../avr/lib/avr5/memx-const\libc.a(tolower.o)
 .note.GNU-stack
                0x0000000000000000        0x0 c:/program files/microchip/xc8/v2.46/avr/bin/../lib/gcc/avr/5.4.0/../../../../avr/lib/avr5/memx-const\libc.a(tolower.o)
 .text          0x0000000000000000        0x0 c:/program files/microchip/xc8/v2.46/avr/bin/../lib/gcc/avr/5.4.0/../../../../avr/lib/avr5/memx-const\libc.a(toupper.o)
 .data          0x0000000000000000        0x0 c:/program files/microchip/xc8/v2.46/avr/bin/../lib/gcc/avr/5.4.0/../../../../avr/lib/avr5/memx-const\libc.a(toupper.o)
 .bss           0x0000000000000000        0x0 c:/program files/microchip/xc8/v2.46/avr/bin/../lib/gcc/avr/5.4.0/../../../../avr/lib/avr5/memx-const\libc.a(toupper.o)
 .stack.descriptors
                0x0000000000000000       0x2e c:/program files/microchip/xc8/v2.46/avr/bin/../lib/gcc/avr/5.4.0/../../../../avr/lib/avr5/memx-const\libc.a(toupper.o)
 .text.toupper  0x0000000000000000       0x12 c:/program files/microchip/xc8/v2.46/avr/bin/../lib/gcc/avr/5.4.0/../../../../avr/lib/avr5/memx-const\libc.a(toupper.o)
 .text.__toupper_l
                0x0000000000000000        0x6 c:/program files/microchip/xc8/v2.46/avr/bin/../lib/gcc/avr/5.4.0/../../../../avr/lib/avr5/memx-const\libc.a(toupper.o)
 .comment       0x0000000000000000       0x2d c:/program files/microchip/xc8/v2.46/avr/bin/../lib/gcc/avr/5.4.0/../../../../avr/lib/avr5/memx-const\libc.a(toupper.o)
 .stack.descriptors.hdr
                0x0000000000000000        0xe c:/program files/microchip/xc8/v2.46/avr/bin/../lib/gcc/avr/5.4.0/../../../../avr/lib/avr5/memx-const\libc.a(toupper.o)
 .note.GNU-stack
                0x0000000000000000        0x0 c:/program files/microchip/xc8/v2.46/avr/bin/../lib/gcc/avr/5.4.0/../../../../avr/lib/avr5/memx-const\libc.a(toupper.o)
 .text          0x0000000000000000        0x0 c:/program files/microchip/xc8/v2.46/avr/bin/../lib/gcc/avr/5.4.0/../../../../avr/lib/avr5/memx-const\libc.a(errno.o)
 .data          0x0000000000000000        0x0 c:/program files/microchip/xc8/v2.46/avr/bin/../lib/gcc/avr/5.4.0/../../../../avr/lib/avr5/memx-const\libc.a(errno.o)
 .bss           0x0000000000000000        0x0 c:/program files/microchip/xc8/v2.46/avr/bin/../lib/gcc/avr/5.4.0/../../../../avr/lib/avr5/memx-const\libc.a(errno.o)
 .comment       0x0000000000000000       0x2d c:/program files/microchip/xc8/v2.46/avr/bin/../lib/gcc/avr/5.4.0/../../../../avr/lib/avr5/memx-const\libc.a(errno.o)
 .stack.descriptors.hdr
                0x0000000000000000        0xe c:/program files/microchip/xc8/v2.46/avr/bin/../lib/gcc/avr/5.4.0/../../../../avr/lib/avr5/memx-const\libc.a(errno.o)
 .note.GNU-stack
                0x0000000000000000        0x0 c:/program files/microchip/xc8/v2.46/avr/bin/../lib/gcc/avr/5.4.0/../../../../avr/lib/avr5/memx-const\libc.a(errno.o)
 COMMON         0x0000000000000000        0x2 c:/program files/microchip/xc8/v2.46/avr/bin/../lib/gcc/avr/5.4.0/../../../../avr/lib/avr5/memx-const\libc.a(errno.o)
 .text          0x0000000000000000        0x0 c:/program files/microchip/xc8/v2.46/avr/bin/../lib/gcc/avr/5.4.0/../../../../avr/lib/avr5/memx-const\libc.a(_Exit.o)
 .data          0x0000000000000000        0x0 c:/program files/microchip/xc8/v2.46/avr/bin/../lib/gcc/avr/5.4.0/../../../../avr/lib/avr5/memx-const\libc.a(_Exit.o)
 .bss           0x0000000000000000        0x0 c:/program files/microchip/xc8/v2.46/avr/bin/../lib/gcc/avr/5.4.0/../../../../avr/lib/avr5/memx-const\libc.a(_Exit.o)
 .stack.descriptors
                0x0000000000000000       0x13 c:/program files/microchip/xc8/v2.46/avr/bin/../lib/gcc/avr/5.4.0/../../../../avr/lib/avr5/memx-const\libc.a(_Exit.o)
 .text          0x0000000000000000        0x0 c:/program files/microchip/xc8/v2.46/avr/bin/../lib/gcc/avr/5.4.0/../../../../avr/lib/avr5/memx-const\libc.a(__int_vsprintf.o)
 .data          0x0000000000000000        0x0 c:/program files/microchip/xc8/v2.46/avr/bin/../lib/gcc/avr/5.4.0/../../../../avr/lib/avr5/memx-const\libc.a(__int_vsprintf.o)
 .bss           0x0000000000000000        0x0 c:/program files/microchip/xc8/v2.46/avr/bin/../lib/gcc/avr/5.4.0/../../../../avr/lib/avr5/memx-const\libc.a(__int_vsprintf.o)
 .stack.descriptors
                0x0000000000000000       0x18 c:/program files/microchip/xc8/v2.46/avr/bin/../lib/gcc/avr/5.4.0/../../../../avr/lib/avr5/memx-const\libc.a(__int_vsprintf.o)
 .text.__vsprintf
                0x0000000000000000       0x18 c:/program files/microchip/xc8/v2.46/avr/bin/../lib/gcc/avr/5.4.0/../../../../avr/lib/avr5/memx-const\libc.a(__int_vsprintf.o)
 .comment       0x0000000000000000       0x2d c:/program files/microchip/xc8/v2.46/avr/bin/../lib/gcc/avr/5.4.0/../../../../avr/lib/avr5/memx-const\libc.a(__int_vsprintf.o)
 .stack.descriptors.hdr
                0x0000000000000000        0xe c:/program files/microchip/xc8/v2.46/avr/bin/../lib/gcc/avr/5.4.0/../../../../avr/lib/avr5/memx-const\libc.a(__int_vsprintf.o)
 .note.GNU-stack
                0x0000000000000000        0x0 c:/program files/microchip/xc8/v2.46/avr/bin/../lib/gcc/avr/5.4.0/../../../../avr/lib/avr5/memx-const\libc.a(__int_vsprintf.o)
 .text          0x0000000000000000        0x0 c:/program files/microchip/xc8/v2.46/avr/bin/../lib/gcc/avr/5.4.0/../../../../avr/lib/avr5/memx-const\libc.a(__int_vsnprintf.o)
 .data          0x0000000000000000        0x0 c:/program files/microchip/xc8/v2.46/avr/bin/../lib/gcc/avr/5.4.0/../../../../avr/lib/avr5/memx-const\libc.a(__int_vsnprintf.o)
 .bss           0x0000000000000000        0x0 c:/program files/microchip/xc8/v2.46/avr/bin/../lib/gcc/avr/5.4.0/../../../../avr/lib/avr5/memx-const\libc.a(__int_vsnprintf.o)
 .stack.descriptors
                0x0000000000000000       0x19 c:/program files/microchip/xc8/v2.46/avr/bin/../lib/gcc/avr/5.4.0/../../../../avr/lib/avr5/memx-const\libc.a(__int_vsnprintf.o)
 .text.__vsnprintf
                0x0000000000000000       0xa4 c:/program files/microchip/xc8/v2.46/avr/bin/../lib/gcc/avr/5.4.0/../../../../avr/lib/avr5/memx-const\libc.a(__int_vsnprintf.o)
 .comment       0x0000000000000000       0x2d c:/program files/microchip/xc8/v2.46/avr/bin/../lib/gcc/avr/5.4.0/../../../../avr/lib/avr5/memx-const\libc.a(__int_vsnprintf.o)
 .stack.descriptors.hdr
                0x0000000000000000        0xe c:/program files/microchip/xc8/v2.46/avr/bin/../lib/gcc/avr/5.4.0/../../../../avr/lib/avr5/memx-const\libc.a(__int_vsnprintf.o)
 .note.GNU-stack
                0x0000000000000000        0x0 c:/program files/microchip/xc8/v2.46/avr/bin/../lib/gcc/avr/5.4.0/../../../../avr/lib/avr5/memx-const\libc.a(__int_vsnprintf.o)
 .text          0x0000000000000000        0x0 c:/program files/microchip/xc8/v2.46/avr/bin/../lib/gcc/avr/5.4.0/../../../../avr/lib/avr5/memx-const\libc.a(__int_vfprintf.o)
 .data          0x0000000000000000        0x0 c:/program files/microchip/xc8/v2.46/avr/bin/../lib/gcc/avr/5.4.0/../../../../avr/lib/avr5/memx-const\libc.a(__int_vfprintf.o)
 .bss           0x0000000000000000        0x0 c:/program files/microchip/xc8/v2.46/avr/bin/../lib/gcc/avr/5.4.0/../../../../avr/lib/avr5/memx-const\libc.a(__int_vfprintf.o)
 .stack.descriptors
                0x0000000000000000       0x18 c:/program files/microchip/xc8/v2.46/avr/bin/../lib/gcc/avr/5.4.0/../../../../avr/lib/avr5/memx-const\libc.a(__int_vfprintf.o)
 .text.__vfprintf
                0x0000000000000000       0x30 c:/program files/microchip/xc8/v2.46/avr/bin/../lib/gcc/avr/5.4.0/../../../../avr/lib/avr5/memx-const\libc.a(__int_vfprintf.o)
 .comment       0x0000000000000000       0x2d c:/program files/microchip/xc8/v2.46/avr/bin/../lib/gcc/avr/5.4.0/../../../../avr/lib/avr5/memx-const\libc.a(__int_vfprintf.o)
 .stack.descriptors.hdr
                0x0000000000000000        0xe c:/program files/microchip/xc8/v2.46/avr/bin/../lib/gcc/avr/5.4.0/../../../../avr/lib/avr5/memx-const\libc.a(__int_vfprintf.o)
 .note.GNU-stack
                0x0000000000000000        0x0 c:/program files/microchip/xc8/v2.46/avr/bin/../lib/gcc/avr/5.4.0/../../../../avr/lib/avr5/memx-const\libc.a(__int_vfprintf.o)
 .text          0x0000000000000000        0x0 c:/program files/microchip/xc8/v2.46/avr/bin/../lib/gcc/avr/5.4.0/avr5/memx-const\libgcc.a(_udivmodsi4.o)
 .data          0x0000000000000000        0x0 c:/program files/microchip/xc8/v2.46/avr/bin/../lib/gcc/avr/5.4.0/avr5/memx-const\libgcc.a(_udivmodsi4.o)
 .bss           0x0000000000000000        0x0 c:/program files/microchip/xc8/v2.46/avr/bin/../lib/gcc/avr/5.4.0/avr5/memx-const\libgcc.a(_udivmodsi4.o)
 .text.libgcc.mul
                0x0000000000000000        0x0 c:/program files/microchip/xc8/v2.46/avr/bin/../lib/gcc/avr/5.4.0/avr5/memx-const\libgcc.a(_udivmodsi4.o)
 .text.libgcc.div
                0x0000000000000000       0x44 c:/program files/microchip/xc8/v2.46/avr/bin/../lib/gcc/avr/5.4.0/avr5/memx-const\libgcc.a(_udivmodsi4.o)
 .stack.descriptors.hdr
                0x0000000000000000        0xe c:/program files/microchip/xc8/v2.46/avr/bin/../lib/gcc/avr/5.4.0/avr5/memx-const\libgcc.a(_udivmodsi4.o)
 .stack.descriptors
                0x0000000000000000       0x1a c:/program files/microchip/xc8/v2.46/avr/bin/../lib/gcc/avr/5.4.0/avr5/memx-const\libgcc.a(_udivmodsi4.o)
 .text.libgcc   0x0000000000000000        0x0 c:/program files/microchip/xc8/v2.46/avr/bin/../lib/gcc/avr/5.4.0/avr5/memx-const\libgcc.a(_udivmodsi4.o)
 .text.libgcc.prologue
                0x0000000000000000        0x0 c:/program files/microchip/xc8/v2.46/avr/bin/../lib/gcc/avr/5.4.0/avr5/memx-const\libgcc.a(_udivmodsi4.o)
 .text.libgcc.builtins
                0x0000000000000000        0x0 c:/program files/microchip/xc8/v2.46/avr/bin/../lib/gcc/avr/5.4.0/avr5/memx-const\libgcc.a(_udivmodsi4.o)
 .text.libgcc.fmul
                0x0000000000000000        0x0 c:/program files/microchip/xc8/v2.46/avr/bin/../lib/gcc/avr/5.4.0/avr5/memx-const\libgcc.a(_udivmodsi4.o)
 .text.libgcc.fixed
                0x0000000000000000        0x0 c:/program files/microchip/xc8/v2.46/avr/bin/../lib/gcc/avr/5.4.0/avr5/memx-const\libgcc.a(_udivmodsi4.o)
 .text          0x0000000000000000        0x0 c:/program files/microchip/xc8/v2.46/avr/bin/../lib/gcc/avr/5.4.0/avr5/memx-const\libgcc.a(_exit.o)
 .data          0x0000000000000000        0x0 c:/program files/microchip/xc8/v2.46/avr/bin/../lib/gcc/avr/5.4.0/avr5/memx-const\libgcc.a(_exit.o)
 .bss           0x0000000000000000        0x0 c:/program files/microchip/xc8/v2.46/avr/bin/../lib/gcc/avr/5.4.0/avr5/memx-const\libgcc.a(_exit.o)
 .text.libgcc.mul
                0x0000000000000000        0x0 c:/program files/microchip/xc8/v2.46/avr/bin/../lib/gcc/avr/5.4.0/avr5/memx-const\libgcc.a(_exit.o)
 .text.libgcc.div
                0x0000000000000000        0x0 c:/program files/microchip/xc8/v2.46/avr/bin/../lib/gcc/avr/5.4.0/avr5/memx-const\libgcc.a(_exit.o)
 .text.libgcc   0x0000000000000000        0x0 c:/program files/microchip/xc8/v2.46/avr/bin/../lib/gcc/avr/5.4.0/avr5/memx-const\libgcc.a(_exit.o)
 .text.libgcc.prologue
                0x0000000000000000        0x0 c:/program files/microchip/xc8/v2.46/avr/bin/../lib/gcc/avr/5.4.0/avr5/memx-const\libgcc.a(_exit.o)
 .stack.descriptors
                0x0000000000000000       0x13 c:/program files/microchip/xc8/v2.46/avr/bin/../lib/gcc/avr/5.4.0/avr5/memx-const\libgcc.a(_exit.o)
 .text.libgcc.builtins
                0x0000000000000000        0x0 c:/program files/microchip/xc8/v2.46/avr/bin/../lib/gcc/avr/5.4.0/avr5/memx-const\libgcc.a(_exit.o)
 .text.libgcc.fmul
                0x0000000000000000        0x0 c:/program files/microchip/xc8/v2.46/avr/bin/../lib/gcc/avr/5.4.0/avr5/memx-const\libgcc.a(_exit.o)
 .text.libgcc.fixed
                0x0000000000000000        0x0 c:/program files/microchip/xc8/v2.46/avr/bin/../lib/gcc/avr/5.4.0/avr5/memx-const\libgcc.a(_exit.o)
 .text          0x0000000000000000        0x0 c:/program files/microchip/xc8/v2.46/avr/bin/../lib/gcc/avr/5.4.0/avr5/memx-const\libgcc.a(_prologue.o)
 .data          0x0000000000000000        0x0 c:/program files/microchip/xc8/v2.46/avr/bin/../lib/gcc/avr/5.4.0/avr5/memx-const\libgcc.a(_prologue.o)
 .bss           0x0000000000000000        0x0 c:/program files/microchip/xc8/v2.46/avr/bin/../lib/gcc/avr/5.4.0/avr5/memx-const\libgcc.a(_prologue.o)
 .text.libgcc.mul
                0x0000000000000000        0x0 c:/program files/microchip/xc8/v2.46/avr/bin/../lib/gcc/avr/5.4.0/avr5/memx-const\libgcc.a(_prologue.o)
 .text.libgcc.div
                0x0000000000000000        0x0 c:/program files/microchip/xc8/v2.46/avr/bin/../lib/gcc/avr/5.4.0/avr5/memx-const\libgcc.a(_prologue.o)
 .text.libgcc   0x0000000000000000        0x0 c:/program files/microchip/xc8/v2.46/avr/bin/../lib/gcc/avr/5.4.0/avr5/memx-const\libgcc.a(_prologue.o)
 .text.libgcc.prologue
                0x0000000000000000       0x38 c:/program files/microchip/xc8/v2.46/avr/bin/../lib/gcc/avr/5.4.0/avr5/memx-const\libgcc.a(_prologue.o)
 .text.libgcc.builtins
                0x0000000000000000        0x0 c:/program files/microchip/xc8/v2.46/avr/bin/../lib/gcc/avr/5.4.0/avr5/memx-const\libgcc.a(_prologue.o)
 .text.libgcc.fmul
                0x0000000000000000        0x0 c:/program files/microchip/xc8/v2.46/avr/bin/../lib/gcc/avr/5.4.0/avr5/memx-const\libgcc.a(_prologue.o)
 .text.libgcc.fixed
                0x0000000000000000        0x0 c:/program files/microchip/xc8/v2.46/avr/bin/../lib/gcc/avr/5.4.0/avr5/memx-const\libgcc.a(_prologue.o)
 .text          0x0000000000000000        0x0 c:/program files/microchip/xc8/v2.46/avr/bin/../lib/gcc/avr/5.4.0/avr5/memx-const\libgcc.a(_epilogue.o)
 .data          0x0000000000000000        0x0 c:/program files/microchip/xc8/v2.46/avr/bin/../lib/gcc/avr/5.4.0/avr5/memx-const\libgcc.a(_epilogue.o)
 .bss           0x0000000000000000        0x0 c:/program files/microchip/xc8/v2.46/avr/bin/../lib/gcc/avr/5.4.0/avr5/memx-const\libgcc.a(_epilogue.o)
 .text.libgcc.mul
                0x0000000000000000        0x0 c:/program files/microchip/xc8/v2.46/avr/bin/../lib/gcc/avr/5.4.0/avr5/memx-const\libgcc.a(_epilogue.o)
 .text.libgcc.div
                0x0000000000000000        0x0 c:/program files/microchip/xc8/v2.46/avr/bin/../lib/gcc/avr/5.4.0/avr5/memx-const\libgcc.a(_epilogue.o)
 .text.libgcc   0x0000000000000000        0x0 c:/program files/microchip/xc8/v2.46/avr/bin/../lib/gcc/avr/5.4.0/avr5/memx-const\libgcc.a(_epilogue.o)
 .text.libgcc.prologue
                0x0000000000000000       0x36 c:/program files/microchip/xc8/v2.46/avr/bin/../lib/gcc/avr/5.4.0/avr5/memx-const\libgcc.a(_epilogue.o)
 .text.libgcc.builtins
                0x0000000000000000        0x0 c:/program files/microchip/xc8/v2.46/avr/bin/../lib/gcc/avr/5.4.0/avr5/memx-const\libgcc.a(_epilogue.o)
 .text.libgcc.fmul
                0x0000000000000000        0x0 c:/program files/microchip/xc8/v2.46/avr/bin/../lib/gcc/avr/5.4.0/avr5/memx-const\libgcc.a(_epilogue.o)
 .text.libgcc.fixed
                0x0000000000000000        0x0 c:/program files/microchip/xc8/v2.46/avr/bin/../lib/gcc/avr/5.4.0/avr5/memx-const\libgcc.a(_epilogue.o)

Memory Configuration

Name             Origin             Length             Attributes
text             0x0000000000000000 0x0000000000008000 xr
data             0x0000000000800060 0x0000000000000800 rw !x
eeprom           0x0000000000810000 0x0000000000000400 rw !x
fuse             0x0000000000820000 0x0000000000000002 rw !x
lock             0x0000000000830000 0x0000000000000400 rw !x
signature        0x0000000000840000 0x0000000000000400 rw !x
user_signatures  0x0000000000850000 0x0000000000000400 rw !x
bootrow          0x0000000000860000 0x0000000000000400 rw !x
*default*        0x0000000000000000 0xffffffffffffffff

Linker script and memory map

LOAD C:/Program Files/Microchip/xc8/v2.46/dfp/xc8/avr/lib/avr5/memx-const/crtatmega32.o
                0x0000000000000001                __MPLAB_BUILD = 0x1
LOAD build/default/production/ECU_Layer/Chr_LCD/ecu_chr_lcd.o
LOAD build/default/production/ECU_Layer/LED/ecu_led.o
LOAD build/default/production/ECU_Layer/ecu_layer_init.o
LOAD build/default/production/MCAL_Layer/GPIO/hal_gpio.o
LOAD build/default/production/MCAL_Layer/Interrupts/EXTI/EXTI.o
LOAD build/default/production/MCAL_Layer/Interrupts/GIE/GIE.o
LOAD build/default/production/MCAL_Layer/Timers/timer.o
LOAD build/default/production/MCAL_Layer/USART/USART_program.o
LOAD build/default/production/application.o
START GROUP
LOAD c:/program files/microchip/xc8/v2.46/avr/bin/../lib/gcc/avr/5.4.0/../../../../avr/lib/avr5/memx-const\libm.a
END GROUP
START GROUP
LOAD c:/program files/microchip/xc8/v2.46/avr/bin/../lib/gcc/avr/5.4.0/avr5/memx-const\libgcc.a
LOAD c:/program files/microchip/xc8/v2.46/avr/bin/../lib/gcc/avr/5.4.0/../../../../avr/lib/avr5/memx-const\libm.a
LOAD c:/program files/microchip/xc8/v2.46/avr/bin/../lib/gcc/avr/5.4.0/../../../../avr/lib/avr5/memx-const\libc.a
LOAD C:/Program Files/Microchip/xc8/v2.46/dfp/xc8/avr/lib/avr5/memx-const\libatmega32.a
END GROUP
                0x0000000000000000                __TEXT_REGION_ORIGIN__ = DEFINED (__TEXT_REGION_ORIGIN__)?__TEXT_REGION_ORIGIN__:0x0
                [0x0000000000800060]                __DATA_REGION_ORIGIN__ = DEFINED (__DATA_REGION_ORIGIN__)?__DATA_REGION_ORIGIN__:0x800060
                [0x0000000000008000]                __TEXT_REGION_LENGTH__ = DEFINED (__TEXT_REGION_LENGTH__)?__TEXT_REGION_LENGTH__:0x20000
                [0x0000000000000800]                __DATA_REGION_LENGTH__ = DEFINED (__DATA_REGION_LENGTH__)?__DATA_REGION_LENGTH__:0xffa0
                [0x0000000000000400]                __EEPROM_REGION_LENGTH__ = DEFINED (__EEPROM_REGION_LENGTH__)?__EEPROM_REGION_LENGTH__:0x10000
                [0x0000000000000002]                __FUSE_REGION_LENGTH__ = DEFINED (__FUSE_REGION_LENGTH__)?__FUSE_REGION_LENGTH__:0x400
                0x0000000000000400                __LOCK_REGION_LENGTH__ = DEFINED (__LOCK_REGION_LENGTH__)?__LOCK_REGION_LENGTH__:0x400
                0x0000000000000400                __SIGNATURE_REGION_LENGTH__ = DEFINED (__SIGNATURE_REGION_LENGTH__)?__SIGNATURE_REGION_LENGTH__:0x400
                0x0000000000000400                __USER_SIGNATURE_REGION_LENGTH__ = DEFINED (__USER_SIGNATURE_REGION_LENGTH__)?__USER_SIGNATURE_REGION_LENGTH__:0x400
                0x0000000000000400                __BOOTROW_REGION_LENGTH__ = DEFINED (__BOOTROW_REGION_LENGTH__)?__BOOTROW_REGION_LENGTH__:0x400

.hash
 *(.hash)

.dynsym
 *(.dynsym)

.dynstr
 *(.dynstr)

.gnu.version
 *(.gnu.version)

.gnu.version_d
 *(.gnu.version_d)

.gnu.version_r
 *(.gnu.version_r)

.rel.init
 *(.rel.init)

.rela.init
 *(.rela.init)

.rel.text
 *(.rel.text)
 *(.rel.text.*)
 *(.rel.gnu.linkonce.t*)

.rela.text
 *(.rela.text)
 *(.rela.text.*)
 *(.rela.gnu.linkonce.t*)

.rel.fini
 *(.rel.fini)

.rela.fini
 *(.rela.fini)

.rel.rodata
 *(.rel.rodata)
 *(.rel.rodata.*)
 *(.rel.gnu.linkonce.r*)

.rela.rodata
 *(.rela.rodata)
 *(.rela.rodata.*)
 *(.rela.gnu.linkonce.r*)

.rel.data
 *(.rel.data)
 *(.rel.data.*)
 *(.rel.gnu.linkonce.d*)

.rela.data
 *(.rela.data)
 *(.rela.data.*)
 *(.rela.gnu.linkonce.d*)

.rel.ctors
 *(.rel.ctors)

.rela.ctors
 *(.rela.ctors)

.rel.dtors
 *(.rel.dtors)

.rela.dtors
 *(.rela.dtors)

.rel.got
 *(.rel.got)

.rela.got
 *(.rela.got)

.rel.bss
 *(.rel.bss)

.rela.bss
 *(.rela.bss)

.rel.plt
 *(.rel.plt)

.rela.plt
 *(.rela.plt)

.text           0x0000000000000000       0xba
 *(.vectors)
 .vectors       0x0000000000000000       0x54 C:/Program Files/Microchip/xc8/v2.46/dfp/xc8/avr/lib/avr5/memx-const/crtatmega32.o
                0x0000000000000000                __vector_default
                0x0000000000000000                __vectors
 *(.vectors)
 *(.progmem.gcc*)
 *(.dinit)
 .dinit         0x0000000000000054       0x11 data_init
                0x0000000000000066                . = ALIGN (0x2)
 *fill*         0x0000000000000065        0x1 
                0x0000000000000066                __trampolines_start = .
 *(.trampolines)
 .trampolines   0x0000000000000066        0x0 linker stubs
 *(.trampolines*)
                0x0000000000000066                __trampolines_end = .
 *libprintf_flt.a:*(.progmem.data)
 *libc.a:*(.progmem.data)
                0x0000000000000066                . = ALIGN (0x2)
 *(.jumptables)
 *(.jumptables*)
 *(.lowtext)
 *(.lowtext*)
                0x0000000000000066                __ctors_start = .
 *(.ctors)
                0x0000000000000066                __ctors_end = .
                0x0000000000000066                __dtors_start = .
 *(.dtors)
                0x0000000000000066                __dtors_end = .
 SORT(*)(.ctors)
 SORT(*)(.dtors)
 *(.init0)
 .init0         0x0000000000000066        0x0 C:/Program Files/Microchip/xc8/v2.46/dfp/xc8/avr/lib/avr5/memx-const/crtatmega32.o
                0x0000000000000066                __init
 *(.init0)
 *(.init1)
 *(.init1)
 *(.init2)
 .init2         0x0000000000000066        0xc C:/Program Files/Microchip/xc8/v2.46/dfp/xc8/avr/lib/avr5/memx-const/crtatmega32.o
 *(.init2)
 *(.init3)
 *(.init3)
 *(.init4)
 .init4         0x0000000000000072       0x3c c:/program files/microchip/xc8/v2.46/avr/bin/../lib/gcc/avr/5.4.0/avr5/memx-const\libgcc.a(_copy_data.o)
                0x0000000000000072                __do_copy_data
                0x00000000000000a0                __do_clear_bss
 *(.init4)
 *(.init5)
 *(.init5)
 *(.init6)
 *(.init6)
 *(.init7)
 *(.init7)
 *(.init8)
 *(.init8)
 *(.init9)
 .init9         0x00000000000000ae        0x8 C:/Program Files/Microchip/xc8/v2.46/dfp/xc8/avr/lib/avr5/memx-const/crtatmega32.o
 *(.init9)
                0x00000000000000b6                . = ALIGN (0x2)
 *(.fini9)
 .fini9         0x00000000000000b6        0x0 c:/program files/microchip/xc8/v2.46/avr/bin/../lib/gcc/avr/5.4.0/avr5/memx-const\libgcc.a(_exit.o)
                0x00000000000000b6                _exit
 *(.fini9)
 *(.fini8)
 *(.fini8)
 *(.fini7)
 *(.fini7)
 *(.fini6)
 *(.fini6)
 *(.fini5)
 *(.fini5)
 *(.fini4)
 *(.fini4)
 *(.fini3)
 *(.fini3)
 *(.fini2)
 *(.fini2)
 *(.fini1)
 *(.fini1)
 *(.fini0)
 .fini0         0x00000000000000b6        0x4 c:/program files/microchip/xc8/v2.46/avr/bin/../lib/gcc/avr/5.4.0/avr5/memx-const\libgcc.a(_exit.o)
 *(.fini0)
                0x00000000000000ba                _etext = .

.data           0x0000000000800060        0x0 load address 0x00000000000000ba
                [!provide]                        PROVIDE (__data_start, .)
 *(.gnu.linkonce.d*)
 *(.gnu.linkonce.r*)
                0x0000000000800060                . = ALIGN (0x2)
 *fill*         0x0000000000800060        0x0 
                0x0000000000800060                _edata = .
                [!provide]                        PROVIDE (__data_end, .)

.bss            0x0000000000800060        0x0
                [!provide]                        PROVIDE (__bss_start, .)
 *(COMMON)
                [!provide]                        PROVIDE (__bss_end, .)
                0x00000000000000ba                __data_load_start = LOADADDR (.data)
                0x00000000000000ba                __data_load_end = (__data_load_start + SIZEOF (.data))

.noinit         0x0000000000800060        0x0
                [!provide]                        PROVIDE (__noinit_start, .)
 *(.noinit*)
                [!provide]                        PROVIDE (__noinit_end, .)
                0x0000000000800060                _end = .

.eeprom         0x0000000000810000        0x0
 *(.eeprom*)
                0x0000000000810000                __eeprom_end = .

.fuse
 *(.fuse)
 *(.lfuse)
 *(.hfuse)
 *(.efuse)

.lock
 *(.lock*)

.signature
 *(.signature*)

.user_signatures
 *(.user_signatures*)

.bootrow
 *(.bootrow*)

.stab
 *(.stab)

.stabstr
 *(.stabstr)

.stab.excl
 *(.stab.excl)

.stab.exclstr
 *(.stab.exclstr)

.stab.index
 *(.stab.index)

.stab.indexstr
 *(.stab.indexstr)

.comment        0x0000000000000000       0x5b
 *(.comment)
 .comment       0x0000000000000000       0x2f build/default/production/ECU_Layer/Chr_LCD/ecu_chr_lcd.o
                                         0x30 (size before relaxing)
 .comment       0x000000000000002f       0x30 build/default/production/ECU_Layer/ecu_layer_init.o
 .comment       0x000000000000002f       0x30 build/default/production/MCAL_Layer/GPIO/hal_gpio.o
 .comment       0x000000000000002f       0x30 build/default/production/MCAL_Layer/Interrupts/EXTI/EXTI.o
 .comment       0x000000000000002f       0x30 build/default/production/MCAL_Layer/Timers/timer.o
 .comment       0x000000000000002f       0x30 build/default/production/MCAL_Layer/USART/USART_program.o
 .comment       0x000000000000002f       0x30 build/default/production/application.o
 .comment       0x000000000000002f       0x2c c:/program files/microchip/xc8/v2.46/avr/bin/../lib/gcc/avr/5.4.0/../../../../avr/lib/avr5/memx-const\libc.a(exit.o)
                                         0x2d (size before relaxing)
 .comment       0x000000000000005b       0x2d c:/program files/microchip/xc8/v2.46/avr/bin/../lib/gcc/avr/5.4.0/../../../../avr/lib/avr5/memx-const\libc.a(_Exit.o)

.stack.descriptors.hdr
                0x0000000000000000       0x2a
 .stack.descriptors.hdr
                0x0000000000000000        0xe c:/program files/microchip/xc8/v2.46/avr/bin/../lib/gcc/avr/5.4.0/../../../../avr/lib/avr5/memx-const\libc.a(exit.o)
 .stack.descriptors.hdr
                0x000000000000000e        0xe c:/program files/microchip/xc8/v2.46/avr/bin/../lib/gcc/avr/5.4.0/../../../../avr/lib/avr5/memx-const\libc.a(_Exit.o)
 .stack.descriptors.hdr
                0x000000000000001c        0xe c:/program files/microchip/xc8/v2.46/avr/bin/../lib/gcc/avr/5.4.0/avr5/memx-const\libgcc.a(_exit.o)

.note.GNU-stack
                0x0000000000000000        0x0
 .note.GNU-stack
                0x0000000000000000        0x0 c:/program files/microchip/xc8/v2.46/avr/bin/../lib/gcc/avr/5.4.0/../../../../avr/lib/avr5/memx-const\libc.a(exit.o)
 .note.GNU-stack
                0x0000000000000000        0x0 c:/program files/microchip/xc8/v2.46/avr/bin/../lib/gcc/avr/5.4.0/../../../../avr/lib/avr5/memx-const\libc.a(_Exit.o)

.note.gnu.build-id
 *(.note.gnu.build-id)

.debug
 *(.debug)

.line
 *(.line)

.debug_srcinfo
 *(.debug_srcinfo)

.debug_sfnames
 *(.debug_sfnames)

.debug_aranges  0x0000000000000000      0x350
 *(.debug_aranges)
 .debug_aranges
                0x0000000000000000       0xc8 build/default/production/ECU_Layer/Chr_LCD/ecu_chr_lcd.o
 .debug_aranges
                0x00000000000000c8       0x20 build/default/production/ECU_Layer/ecu_layer_init.o
 .debug_aranges
                0x00000000000000e8       0x70 build/default/production/MCAL_Layer/GPIO/hal_gpio.o
 .debug_aranges
                0x0000000000000158       0x58 build/default/production/MCAL_Layer/Interrupts/EXTI/EXTI.o
 .debug_aranges
                0x00000000000001b0      0x118 build/default/production/MCAL_Layer/Timers/timer.o
 .debug_aranges
                0x00000000000002c8       0x60 build/default/production/MCAL_Layer/USART/USART_program.o
 .debug_aranges
                0x0000000000000328       0x28 build/default/production/application.o

.debug_pubnames
 *(.debug_pubnames)

.debug_info     0x0000000000000000     0x460f
 *(.debug_info .gnu.linkonce.wi.*)
 .debug_info    0x0000000000000000      0x4e6 C:/Program Files/Microchip/xc8/v2.46/dfp/xc8/avr/lib/avr5/memx-const/crtatmega32.o
 .debug_info    0x00000000000004e6     0x1949 build/default/production/ECU_Layer/Chr_LCD/ecu_chr_lcd.o
 .debug_info    0x0000000000001e2f      0x501 build/default/production/ECU_Layer/ecu_layer_init.o
 .debug_info    0x0000000000002330      0x8c7 build/default/production/MCAL_Layer/GPIO/hal_gpio.o
 .debug_info    0x0000000000002bf7      0x51e build/default/production/MCAL_Layer/Interrupts/EXTI/EXTI.o
 .debug_info    0x0000000000003115      0x940 build/default/production/MCAL_Layer/Timers/timer.o
 .debug_info    0x0000000000003a55      0x6d6 build/default/production/MCAL_Layer/USART/USART_program.o
 .debug_info    0x000000000000412b      0x4e4 build/default/production/application.o

.debug_abbrev   0x0000000000000000      0xe00
 *(.debug_abbrev)
 .debug_abbrev  0x0000000000000000      0x4a3 C:/Program Files/Microchip/xc8/v2.46/dfp/xc8/avr/lib/avr5/memx-const/crtatmega32.o
 .debug_abbrev  0x00000000000004a3      0x279 build/default/production/ECU_Layer/Chr_LCD/ecu_chr_lcd.o
 .debug_abbrev  0x000000000000071c       0xe0 build/default/production/ECU_Layer/ecu_layer_init.o
 .debug_abbrev  0x00000000000007fc      0x12f build/default/production/MCAL_Layer/GPIO/hal_gpio.o
 .debug_abbrev  0x000000000000092b      0x12b build/default/production/MCAL_Layer/Interrupts/EXTI/EXTI.o
 .debug_abbrev  0x0000000000000a56      0x133 build/default/production/MCAL_Layer/Timers/timer.o
 .debug_abbrev  0x0000000000000b89      0x154 build/default/production/MCAL_Layer/USART/USART_program.o
 .debug_abbrev  0x0000000000000cdd      0x123 build/default/production/application.o

.debug_line     0x0000000000000000     0x1870
 *(.debug_line .debug_line.* .debug_line_end)
 .debug_line    0x0000000000000000      0x119 C:/Program Files/Microchip/xc8/v2.46/dfp/xc8/avr/lib/avr5/memx-const/crtatmega32.o
 .debug_line    0x0000000000000119      0x764 build/default/production/ECU_Layer/Chr_LCD/ecu_chr_lcd.o
 .debug_line    0x000000000000087d       0xd0 build/default/production/ECU_Layer/ecu_layer_init.o
 .debug_line    0x000000000000094d      0x398 build/default/production/MCAL_Layer/GPIO/hal_gpio.o
 .debug_line    0x0000000000000ce5      0x232 build/default/production/MCAL_Layer/Interrupts/EXTI/EXTI.o
 .debug_line    0x0000000000000f17      0x4bc build/default/production/MCAL_Layer/Timers/timer.o
 .debug_line    0x00000000000013d3      0x33e build/default/production/MCAL_Layer/USART/USART_program.o
 .debug_line    0x0000000000001711      0x15f build/default/production/application.o

.debug_frame    0x0000000000000000      0xbec
 *(.debug_frame)
 .debug_frame   0x0000000000000000      0x428 build/default/production/ECU_Layer/Chr_LCD/ecu_chr_lcd.o
 .debug_frame   0x0000000000000428       0x24 build/default/production/ECU_Layer/ecu_layer_init.o
 .debug_frame   0x000000000000044c       0xd4 build/default/production/MCAL_Layer/GPIO/hal_gpio.o
 .debug_frame   0x0000000000000520       0xdc build/default/production/MCAL_Layer/Interrupts/EXTI/EXTI.o
 .debug_frame   0x00000000000005fc      0x454 build/default/production/MCAL_Layer/Timers/timer.o
 .debug_frame   0x0000000000000a50      0x168 build/default/production/MCAL_Layer/USART/USART_program.o
 .debug_frame   0x0000000000000bb8       0x34 build/default/production/application.o

.debug_str      0x0000000000000000      0x384
 *(.debug_str)
 .debug_str     0x0000000000000000      0x196 C:/Program Files/Microchip/xc8/v2.46/dfp/xc8/avr/lib/avr5/memx-const/crtatmega32.o
 .debug_str     0x0000000000000196       0x8d build/default/production/ECU_Layer/Chr_LCD/ecu_chr_lcd.o
 .debug_str     0x0000000000000223       0x14 build/default/production/ECU_Layer/ecu_layer_init.o
 .debug_str     0x0000000000000237       0x3d build/default/production/MCAL_Layer/GPIO/hal_gpio.o
 .debug_str     0x0000000000000274       0x1f build/default/production/MCAL_Layer/Interrupts/EXTI/EXTI.o
 .debug_str     0x0000000000000293       0x1a build/default/production/MCAL_Layer/Timers/timer.o
 .debug_str     0x00000000000002ad       0x6d build/default/production/MCAL_Layer/USART/USART_program.o
 .debug_str     0x000000000000031a       0x6a build/default/production/application.o

.debug_loc      0x0000000000000000     0x22e3
 *(.debug_loc)
 .debug_loc     0x0000000000000000     0x18c9 build/default/production/ECU_Layer/Chr_LCD/ecu_chr_lcd.o
 .debug_loc     0x00000000000018c9       0x14 build/default/production/ECU_Layer/ecu_layer_init.o
 .debug_loc     0x00000000000018dd      0x30f build/default/production/MCAL_Layer/GPIO/hal_gpio.o
 .debug_loc     0x0000000000001bec      0x1fd build/default/production/MCAL_Layer/Interrupts/EXTI/EXTI.o
 .debug_loc     0x0000000000001de9       0xd3 build/default/production/MCAL_Layer/Timers/timer.o
 .debug_loc     0x0000000000001ebc      0x427 build/default/production/MCAL_Layer/USART/USART_program.o

.debug_macinfo
 *(.debug_macinfo)

.debug_weaknames
 *(.debug_weaknames)

.debug_funcnames
 *(.debug_funcnames)

.debug_typenames
 *(.debug_typenames)

.debug_varnames
 *(.debug_varnames)

.debug_pubtypes
 *(.debug_pubtypes)

.debug_ranges   0x0000000000000000      0x2e0
 *(.debug_ranges)
 .debug_ranges  0x0000000000000000       0xb8 build/default/production/ECU_Layer/Chr_LCD/ecu_chr_lcd.o
 .debug_ranges  0x00000000000000b8       0x10 build/default/production/ECU_Layer/ecu_layer_init.o
 .debug_ranges  0x00000000000000c8       0x60 build/default/production/MCAL_Layer/GPIO/hal_gpio.o
 .debug_ranges  0x0000000000000128       0x48 build/default/production/MCAL_Layer/Interrupts/EXTI/EXTI.o
 .debug_ranges  0x0000000000000170      0x108 build/default/production/MCAL_Layer/Timers/timer.o
 .debug_ranges  0x0000000000000278       0x50 build/default/production/MCAL_Layer/USART/USART_program.o
 .debug_ranges  0x00000000000002c8       0x18 build/default/production/application.o

.debug_macro
 *(.debug_macro)
OUTPUT(dist/default/production/ECU_1.X.production.elf elf32-avr)
LOAD linker stubs
LOAD data_init

.note.gnu.avr.deviceinfo
                0x0000000000000000       0x3c
 .note.gnu.avr.deviceinfo
                0x0000000000000000       0x3c C:/Program Files/Microchip/xc8/v2.46/dfp/xc8/avr/lib/avr5/memx-const/crtatmega32.o

.bss.EXTI_CallBack
                0x00000000008000a7        0x6
 .bss.EXTI_CallBack
                0x00000000008000a7        0x6 build/default/production/MCAL_Layer/Interrupts/EXTI/EXTI.o
                0x00000000008000a7                EXTI_CallBack

.bss.TIMERS_pvCallBackFunc
                0x0000000000800060       0x20
 .bss.TIMERS_pvCallBackFunc
                0x0000000000800060       0x20 build/default/production/MCAL_Layer/Timers/timer.o

.bss.USART_u8State
                0x00000000008000b6        0x1
 .bss.USART_u8State
                0x00000000008000b6        0x1 build/default/production/MCAL_Layer/USART/USART_program.o

.bss.USART_pvNotificationFunc
                0x00000000008000b0        0x2
 .bss.USART_pvNotificationFunc
                0x00000000008000b0        0x2 build/default/production/MCAL_Layer/USART/USART_program.o

.bss.USART_u8Index
                0x00000000008000b7        0x1
 .bss.USART_u8Index
                0x00000000008000b7        0x1 build/default/production/MCAL_Layer/USART/USART_program.o

.bss.USART_u8BufferSize
                0x00000000008000b8        0x1
 .bss.USART_u8BufferSize
                0x00000000008000b8        0x1 build/default/production/MCAL_Layer/USART/USART_program.o

.bss.USART_pu8ReceiveData
                0x00000000008000b2        0x2
 .bss.USART_pu8ReceiveData
                0x00000000008000b2        0x2 build/default/production/MCAL_Layer/USART/USART_program.o

.bss.USART_pu8SendData
                0x00000000008000ad        0x3
 .bss.USART_pu8SendData
                0x00000000008000ad        0x3 build/default/production/MCAL_Layer/USART/USART_program.o

.bss.data_recevier
                0x00000000008000b4        0x2
 .bss.data_recevier
                0x00000000008000b4        0x2 build/default/production/application.o
                0x00000000008000b4                data_recevier

.text.lcd_4bit_initialize
                0x00000000000000ba       0xf2
 .text.lcd_4bit_initialize
                0x00000000000000ba       0xf2 build/default/production/ECU_Layer/Chr_LCD/ecu_chr_lcd.o
                0x00000000000000ba                lcd_4bit_initialize

.text.gpio_pin_direction_initialize
                0x00000000000001ac       0xa6
 .text.gpio_pin_direction_initialize
                0x00000000000001ac       0xa6 build/default/production/MCAL_Layer/GPIO/hal_gpio.o
                0x00000000000001ac                gpio_pin_direction_initialize

.text.gpio_pin_write_logic
                0x0000000000000252       0x98
 .text.gpio_pin_write_logic
                0x0000000000000252       0x98 build/default/production/MCAL_Layer/GPIO/hal_gpio.o
                0x0000000000000252                gpio_pin_write_logic

.text.__vector_15
                0x00000000000002ea       0x84
 .text.__vector_15
                0x00000000000002ea       0x84 build/default/production/MCAL_Layer/USART/USART_program.o
                0x00000000000002ea                __vector_15

.text.__vector_13
                0x000000000000036e       0x7a
 .text.__vector_13
                0x000000000000036e       0x7a build/default/production/MCAL_Layer/USART/USART_program.o
                0x000000000000036e                __vector_13

.text.lcd_send_4bits
                0x00000000000003e8       0x6c
 .text.lcd_send_4bits
                0x00000000000003e8       0x6c build/default/production/ECU_Layer/Chr_LCD/ecu_chr_lcd.o

.text.lcd_4bit_send_command
                0x0000000000000454       0x60
 .text.lcd_4bit_send_command
                0x0000000000000454       0x60 build/default/production/ECU_Layer/Chr_LCD/ecu_chr_lcd.o
                0x0000000000000454                lcd_4bit_send_command

.text.lcd_4bit_send_char_data
                0x00000000000004b4       0x60
 .text.lcd_4bit_send_char_data
                0x00000000000004b4       0x60 build/default/production/ECU_Layer/Chr_LCD/ecu_chr_lcd.o
                0x00000000000004b4                lcd_4bit_send_char_data

.text.USART_u8SendStringAsynch
                0x0000000000000514       0x60
 .text.USART_u8SendStringAsynch
                0x0000000000000514       0x60 build/default/production/MCAL_Layer/USART/USART_program.o
                0x0000000000000514                USART_u8SendStringAsynch

.text.__vector_2
                0x0000000000000574       0x58
 .text.__vector_2
                0x0000000000000574       0x58 build/default/production/MCAL_Layer/Interrupts/EXTI/EXTI.o
                0x0000000000000574                __vector_2

.text.__vector_11
                0x00000000000005cc       0x52
 .text.__vector_11
                0x00000000000005cc       0x52 build/default/production/MCAL_Layer/Timers/timer.o
                0x00000000000005cc                __vector_11

.text.__vector_10
                0x000000000000061e       0x52
 .text.__vector_10
                0x000000000000061e       0x52 build/default/production/MCAL_Layer/Timers/timer.o
                0x000000000000061e                __vector_10

.text.__vector_9
                0x0000000000000670       0x52
 .text.__vector_9
                0x0000000000000670       0x52 build/default/production/MCAL_Layer/Timers/timer.o
                0x0000000000000670                __vector_9

.text.__vector_8
                0x00000000000006c2       0x52
 .text.__vector_8
                0x00000000000006c2       0x52 build/default/production/MCAL_Layer/Timers/timer.o
                0x00000000000006c2                __vector_8

.text.__vector_7
                0x0000000000000714       0x52
 .text.__vector_7
                0x0000000000000714       0x52 build/default/production/MCAL_Layer/Timers/timer.o
                0x0000000000000714                __vector_7

.text.__vector_6
                0x0000000000000766       0x52
 .text.__vector_6
                0x0000000000000766       0x52 build/default/production/MCAL_Layer/Timers/timer.o
                0x0000000000000766                __vector_6

.text.__vector_5
                0x00000000000007b8       0x52
 .text.__vector_5
                0x00000000000007b8       0x52 build/default/production/MCAL_Layer/Timers/timer.o
                0x00000000000007b8                __vector_5

.text.__vector_4
                0x000000000000080a       0x52
 .text.__vector_4
                0x000000000000080a       0x52 build/default/production/MCAL_Layer/Timers/timer.o
                0x000000000000080a                __vector_4

.text.lcd_4bit_send_string
                0x000000000000085c       0x4a
 .text.lcd_4bit_send_string
                0x000000000000085c       0x4a build/default/production/ECU_Layer/Chr_LCD/ecu_chr_lcd.o
                0x000000000000085c                lcd_4bit_send_string

.text.main      0x00000000000008a6       0x4a
 .text.main     0x00000000000008a6       0x4a build/default/production/application.o
                0x00000000000008a6                main

.text.USART_u8RecevieData
                0x00000000000008f0       0x48
 .text.USART_u8RecevieData
                0x00000000000008f0       0x48 build/default/production/MCAL_Layer/USART/USART_program.o
                0x00000000000008f0                USART_u8RecevieData

.text.lcd_4bit_set_cursor
                0x0000000000000938       0x42
 .text.lcd_4bit_set_cursor
                0x0000000000000938       0x42 build/default/production/ECU_Layer/Chr_LCD/ecu_chr_lcd.o

.text.lcd_4bit_send_string_pos
                0x000000000000097a       0x3e
 .text.lcd_4bit_send_string_pos
                0x000000000000097a       0x3e build/default/production/ECU_Layer/Chr_LCD/ecu_chr_lcd.o
                0x000000000000097a                lcd_4bit_send_string_pos

.text.lcd_4bit_send_enable_signal
                0x00000000000009b8       0x3c
 .text.lcd_4bit_send_enable_signal
                0x00000000000009b8       0x3c build/default/production/ECU_Layer/Chr_LCD/ecu_chr_lcd.o

.text.gpio_pin_initialize
                0x00000000000009f4       0x38
 .text.gpio_pin_initialize
                0x00000000000009f4       0x38 build/default/production/MCAL_Layer/GPIO/hal_gpio.o
                0x00000000000009f4                gpio_pin_initialize

.text.USART_voidInit
                0x0000000000000a2c       0x1c
 .text.USART_voidInit
                0x0000000000000a2c       0x1c build/default/production/MCAL_Layer/USART/USART_program.o
                0x0000000000000a2c                USART_voidInit

.text.EXTI_voidClearFlag
                0x0000000000000a48       0x16
 .text.EXTI_voidClearFlag
                0x0000000000000a48       0x16 build/default/production/MCAL_Layer/Interrupts/EXTI/EXTI.o
                0x0000000000000a48                EXTI_voidClearFlag

.text.exit      0x0000000000000a5e       0x16
 .text.exit     0x0000000000000a5e       0x16 c:/program files/microchip/xc8/v2.46/avr/bin/../lib/gcc/avr/5.4.0/../../../../avr/lib/avr5/memx-const\libc.a(exit.o)
                0x0000000000000a5e                exit

.text.ecu_layer_initialize
                0x0000000000000a74        0xc
 .text.ecu_layer_initialize
                0x0000000000000a74        0xc build/default/production/ECU_Layer/ecu_layer_init.o
                0x0000000000000a74                ecu_layer_initialize

.text.application_initialize
                0x0000000000000a80        0xa
 .text.application_initialize
                0x0000000000000a80        0xa build/default/production/application.o
                0x0000000000000a80                application_initialize

.text           0x0000000000000a8a        0x4
 .text          0x0000000000000a8a        0x4 C:/Program Files/Microchip/xc8/v2.46/dfp/xc8/avr/lib/avr5/memx-const/crtatmega32.o
                0x0000000000000a8a                __vector_1
                0x0000000000000a8a                __vector_12
                0x0000000000000a8a                __bad_interrupt
                0x0000000000000a8a                __vector_3
                0x0000000000000a8a                __vector_17
                0x0000000000000a8a                __vector_19
                0x0000000000000a8a                __vector_14
                0x0000000000000a8a                __vector_16
                0x0000000000000a8a                __vector_18
                0x0000000000000a8a                __vector_20

.text._Exit     0x0000000000000a8e        0x4
 .text._Exit    0x0000000000000a8e        0x4 c:/program files/microchip/xc8/v2.46/avr/bin/../lib/gcc/avr/5.4.0/../../../../avr/lib/avr5/memx-const\libc.a(_Exit.o)
                0x0000000000000a8e                _Exit

.text.__dummy_fini
                0x0000000000000a92        0x2
 .text.__dummy_fini
                0x0000000000000a92        0x2 c:/program files/microchip/xc8/v2.46/avr/bin/../lib/gcc/avr/5.4.0/../../../../avr/lib/avr5/memx-const\libc.a(exit.o)
                0x0000000000000a92                _fini

.text.__dummy_funcs_on_exit
                0x0000000000000a94        0x2
 .text.__dummy_funcs_on_exit
                0x0000000000000a94        0x2 c:/program files/microchip/xc8/v2.46/avr/bin/../lib/gcc/avr/5.4.0/../../../../avr/lib/avr5/memx-const\libc.a(exit.o)
                0x0000000000000a94                __funcs_on_exit

.text.__dummy_simulator_exit
                0x0000000000000a96        0x2
 .text.__dummy_simulator_exit
                0x0000000000000a96        0x2 c:/program files/microchip/xc8/v2.46/avr/bin/../lib/gcc/avr/5.4.0/../../../../avr/lib/avr5/memx-const\libc.a(exit.o)
                0x0000000000000a96                __simulator_exit

.data.data_trasnmitter
                0x0000000000800080       0x11 load address 0x0000000000000a98
 .data.data_trasnmitter
                0x0000000000800080       0x11 build/default/production/application.o
                0x0000000000800080                data_trasnmitter

.data.port_registers
                0x0000000000800091        0x8 load address 0x0000000000000aa9
 .data.port_registers
                0x0000000000800091        0x8 build/default/production/MCAL_Layer/GPIO/hal_gpio.o
                0x0000000000800091                port_registers

.data.data_direction_registers
                0x0000000000800099        0x8 load address 0x0000000000000ab1
 .data.data_direction_registers
                0x0000000000800099        0x8 build/default/production/MCAL_Layer/GPIO/hal_gpio.o
                0x0000000000800099                data_direction_registers

.data.lcd       0x00000000008000a1        0x6 load address 0x0000000000000ab9
 .data.lcd      0x00000000008000a1        0x6 build/default/production/ECU_Layer/ecu_layer_init.o
                0x00000000008000a1                lcd
