Archive member included to satisfy reference by file (symbol)

c:/program files/microchip/xc8/v2.41/avr/bin/../lib/gcc/avr/5.4.0/avr5/memx-const\libgcc.a(_copy_data.o)
                              build/default/production/ECU_Layer/ecu_layer_init.o (__do_copy_data)
c:/program files/microchip/xc8/v2.41/avr/bin/../lib/gcc/avr/5.4.0/../../../../avr/lib/avr5/memx-const\libc.a(exit.o)
                              C:/Program Files/Microchip/MPLABX/v6.10/packs/Microchip/ATmega_DFP/3.0.158/xc8/avr/lib/avr5/memx-const/crtatmega32.o (exit)
c:/program files/microchip/xc8/v2.41/avr/bin/../lib/gcc/avr/5.4.0/../../../../avr/lib/avr5/memx-const\libc.a(_Exit.o)
                              c:/program files/microchip/xc8/v2.41/avr/bin/../lib/gcc/avr/5.4.0/../../../../avr/lib/avr5/memx-const\libc.a(exit.o) (_Exit)
c:/program files/microchip/xc8/v2.41/avr/bin/../lib/gcc/avr/5.4.0/avr5/memx-const\libgcc.a(_exit.o)
                              c:/program files/microchip/xc8/v2.41/avr/bin/../lib/gcc/avr/5.4.0/../../../../avr/lib/avr5/memx-const\libc.a(_Exit.o) (_exit)

Discarded input sections

 .data          0x0000000000000000        0x0 C:/Program Files/Microchip/MPLABX/v6.10/packs/Microchip/ATmega_DFP/3.0.158/xc8/avr/lib/avr5/memx-const/crtatmega32.o
 .bss           0x0000000000000000        0x0 C:/Program Files/Microchip/MPLABX/v6.10/packs/Microchip/ATmega_DFP/3.0.158/xc8/avr/lib/avr5/memx-const/crtatmega32.o
 .text          0x0000000000000000        0x0 build/default/production/ECU_Layer/ecu_layer_init.o
 .data          0x0000000000000000        0x0 build/default/production/ECU_Layer/ecu_layer_init.o
 .bss           0x0000000000000000        0x0 build/default/production/ECU_Layer/ecu_layer_init.o
 .text          0x0000000000000000        0x0 build/default/production/MCAL_Layer/GPIO/hal_gpio.o
 .data          0x0000000000000000        0x0 build/default/production/MCAL_Layer/GPIO/hal_gpio.o
 .bss           0x0000000000000000        0x0 build/default/production/MCAL_Layer/GPIO/hal_gpio.o
 .text.gpio_pin_get_direction_status
                0x0000000000000000       0x5c build/default/production/MCAL_Layer/GPIO/hal_gpio.o
 .text.gpio_pin_read_logic
                0x0000000000000000       0x5c build/default/production/MCAL_Layer/GPIO/hal_gpio.o
 .text.gpio_pin_toggle_logic
                0x0000000000000000       0x52 build/default/production/MCAL_Layer/GPIO/hal_gpio.o
 .text.gpio_port_direction_initialize
                0x0000000000000000       0x20 build/default/production/MCAL_Layer/GPIO/hal_gpio.o
 .text.gpio_port_get_direction_status
                0x0000000000000000       0x2e build/default/production/MCAL_Layer/GPIO/hal_gpio.o
 .text.gpio_port_write_logic
                0x0000000000000000       0x20 build/default/production/MCAL_Layer/GPIO/hal_gpio.o
 .text.gpio_port_read_logic
                0x0000000000000000       0x2e build/default/production/MCAL_Layer/GPIO/hal_gpio.o
 .text.gpio_port_toggle_logic
                0x0000000000000000       0x24 build/default/production/MCAL_Layer/GPIO/hal_gpio.o
 .data.pin_registers
                0x0000000000000000        0x8 build/default/production/MCAL_Layer/GPIO/hal_gpio.o
 .text          0x0000000000000000        0x0 build/default/production/MCAL_Layer/Interrupts/EXTI/EXTI.o
 .data          0x0000000000000000        0x0 build/default/production/MCAL_Layer/Interrupts/EXTI/EXTI.o
 .bss           0x0000000000000000        0x0 build/default/production/MCAL_Layer/Interrupts/EXTI/EXTI.o
 .text.EXTI_voidInit
                0x0000000000000000        0xe build/default/production/MCAL_Layer/Interrupts/EXTI/EXTI.o
 .text.EXTI_voidSetSignalLatch
                0x0000000000000000       0xf6 build/default/production/MCAL_Layer/Interrupts/EXTI/EXTI.o
 .text.EXTI_voidDisableInterrupt
                0x0000000000000000       0x12 build/default/production/MCAL_Layer/Interrupts/EXTI/EXTI.o
 .text.EXTI_voidEnableInterrupt
                0x0000000000000000       0x12 build/default/production/MCAL_Layer/Interrupts/EXTI/EXTI.o
 .text.EXTI_u8GetFlag
                0x0000000000000000       0x16 build/default/production/MCAL_Layer/Interrupts/EXTI/EXTI.o
 .text.EXTI_voidSetCallBack
                0x0000000000000000       0x16 build/default/production/MCAL_Layer/Interrupts/EXTI/EXTI.o
 .text          0x0000000000000000        0x0 build/default/production/application.o
 .data          0x0000000000000000        0x0 build/default/production/application.o
 .bss           0x0000000000000000        0x0 build/default/production/application.o
 .text          0x0000000000000000        0x0 build/default/production/ECU_Layer/LED/ecu_led.o
 .data          0x0000000000000000        0x0 build/default/production/ECU_Layer/LED/ecu_led.o
 .bss           0x0000000000000000        0x0 build/default/production/ECU_Layer/LED/ecu_led.o
 .text.led_toggle
                0x0000000000000000       0x66 build/default/production/ECU_Layer/LED/ecu_led.o
 .text          0x0000000000000000        0x0 build/default/production/MCAL_Layer/Interrupts/GIE/GIE.o
 .data          0x0000000000000000        0x0 build/default/production/MCAL_Layer/Interrupts/GIE/GIE.o
 .bss           0x0000000000000000        0x0 build/default/production/MCAL_Layer/Interrupts/GIE/GIE.o
 .text.GIE_VoidEnable
                0x0000000000000000        0x4 build/default/production/MCAL_Layer/Interrupts/GIE/GIE.o
 .text.GIE_VoidDisable
                0x0000000000000000        0x8 build/default/production/MCAL_Layer/Interrupts/GIE/GIE.o
 .debug_info    0x0000000000000000      0x320 build/default/production/MCAL_Layer/Interrupts/GIE/GIE.o
 .debug_abbrev  0x0000000000000000       0x46 build/default/production/MCAL_Layer/Interrupts/GIE/GIE.o
 .debug_aranges
                0x0000000000000000       0x28 build/default/production/MCAL_Layer/Interrupts/GIE/GIE.o
 .debug_ranges  0x0000000000000000       0x18 build/default/production/MCAL_Layer/Interrupts/GIE/GIE.o
 .debug_line    0x0000000000000000       0xe5 build/default/production/MCAL_Layer/Interrupts/GIE/GIE.o
 .debug_str     0x0000000000000000        0x0 build/default/production/MCAL_Layer/Interrupts/GIE/GIE.o
 .comment       0x0000000000000000       0x30 build/default/production/MCAL_Layer/Interrupts/GIE/GIE.o
 .debug_frame   0x0000000000000000       0x34 build/default/production/MCAL_Layer/Interrupts/GIE/GIE.o
 .text          0x0000000000000000        0x0 build/default/production/MCAL_Layer/ADC/ADC.o
 .data          0x0000000000000000        0x0 build/default/production/MCAL_Layer/ADC/ADC.o
 .bss           0x0000000000000000        0x0 build/default/production/MCAL_Layer/ADC/ADC.o
 .text.ADC_voidEnable
                0x0000000000000000        0x4 build/default/production/MCAL_Layer/ADC/ADC.o
 .text.ADC_voidDisable
                0x0000000000000000        0x4 build/default/production/MCAL_Layer/ADC/ADC.o
 .text.ADC_voidInterruptEnable
                0x0000000000000000        0x4 build/default/production/MCAL_Layer/ADC/ADC.o
 .text.ADC_voidInterruptDisable
                0x0000000000000000        0x4 build/default/production/MCAL_Layer/ADC/ADC.o
 .text.ADC_u8SetPrescaler
                0x0000000000000000       0x14 build/default/production/MCAL_Layer/ADC/ADC.o
 .text.ADC_u8StartConversionAsynch
                0x0000000000000000       0x4e build/default/production/MCAL_Layer/ADC/ADC.o
 .text.ADC_u8StartChainAsynch
                0x0000000000000000       0x94 build/default/production/MCAL_Layer/ADC/ADC.o
 .text          0x0000000000000000        0x0 c:/program files/microchip/xc8/v2.41/avr/bin/../lib/gcc/avr/5.4.0/avr5/memx-const\libgcc.a(_copy_data.o)
 .data          0x0000000000000000        0x0 c:/program files/microchip/xc8/v2.41/avr/bin/../lib/gcc/avr/5.4.0/avr5/memx-const\libgcc.a(_copy_data.o)
 .bss           0x0000000000000000        0x0 c:/program files/microchip/xc8/v2.41/avr/bin/../lib/gcc/avr/5.4.0/avr5/memx-const\libgcc.a(_copy_data.o)
 .text.libgcc.mul
                0x0000000000000000        0x0 c:/program files/microchip/xc8/v2.41/avr/bin/../lib/gcc/avr/5.4.0/avr5/memx-const\libgcc.a(_copy_data.o)
 .text.libgcc.div
                0x0000000000000000        0x0 c:/program files/microchip/xc8/v2.41/avr/bin/../lib/gcc/avr/5.4.0/avr5/memx-const\libgcc.a(_copy_data.o)
 .text.libgcc   0x0000000000000000        0x0 c:/program files/microchip/xc8/v2.41/avr/bin/../lib/gcc/avr/5.4.0/avr5/memx-const\libgcc.a(_copy_data.o)
 .text.libgcc.prologue
                0x0000000000000000        0x0 c:/program files/microchip/xc8/v2.41/avr/bin/../lib/gcc/avr/5.4.0/avr5/memx-const\libgcc.a(_copy_data.o)
 .text.libgcc.builtins
                0x0000000000000000        0x0 c:/program files/microchip/xc8/v2.41/avr/bin/../lib/gcc/avr/5.4.0/avr5/memx-const\libgcc.a(_copy_data.o)
 .text.libgcc.fmul
                0x0000000000000000        0x0 c:/program files/microchip/xc8/v2.41/avr/bin/../lib/gcc/avr/5.4.0/avr5/memx-const\libgcc.a(_copy_data.o)
 .text.libgcc.fixed
                0x0000000000000000        0x0 c:/program files/microchip/xc8/v2.41/avr/bin/../lib/gcc/avr/5.4.0/avr5/memx-const\libgcc.a(_copy_data.o)
 .text          0x0000000000000000        0x0 c:/program files/microchip/xc8/v2.41/avr/bin/../lib/gcc/avr/5.4.0/../../../../avr/lib/avr5/memx-const\libc.a(exit.o)
 .data          0x0000000000000000        0x0 c:/program files/microchip/xc8/v2.41/avr/bin/../lib/gcc/avr/5.4.0/../../../../avr/lib/avr5/memx-const\libc.a(exit.o)
 .bss           0x0000000000000000        0x0 c:/program files/microchip/xc8/v2.41/avr/bin/../lib/gcc/avr/5.4.0/../../../../avr/lib/avr5/memx-const\libc.a(exit.o)
 .stack.descriptors
                0x0000000000000000       0x73 c:/program files/microchip/xc8/v2.41/avr/bin/../lib/gcc/avr/5.4.0/../../../../avr/lib/avr5/memx-const\libc.a(exit.o)
 .text          0x0000000000000000        0x0 c:/program files/microchip/xc8/v2.41/avr/bin/../lib/gcc/avr/5.4.0/../../../../avr/lib/avr5/memx-const\libc.a(_Exit.o)
 .data          0x0000000000000000        0x0 c:/program files/microchip/xc8/v2.41/avr/bin/../lib/gcc/avr/5.4.0/../../../../avr/lib/avr5/memx-const\libc.a(_Exit.o)
 .bss           0x0000000000000000        0x0 c:/program files/microchip/xc8/v2.41/avr/bin/../lib/gcc/avr/5.4.0/../../../../avr/lib/avr5/memx-const\libc.a(_Exit.o)
 .stack.descriptors
                0x0000000000000000       0x13 c:/program files/microchip/xc8/v2.41/avr/bin/../lib/gcc/avr/5.4.0/../../../../avr/lib/avr5/memx-const\libc.a(_Exit.o)
 .text          0x0000000000000000        0x0 c:/program files/microchip/xc8/v2.41/avr/bin/../lib/gcc/avr/5.4.0/avr5/memx-const\libgcc.a(_exit.o)
 .data          0x0000000000000000        0x0 c:/program files/microchip/xc8/v2.41/avr/bin/../lib/gcc/avr/5.4.0/avr5/memx-const\libgcc.a(_exit.o)
 .bss           0x0000000000000000        0x0 c:/program files/microchip/xc8/v2.41/avr/bin/../lib/gcc/avr/5.4.0/avr5/memx-const\libgcc.a(_exit.o)
 .text.libgcc.mul
                0x0000000000000000        0x0 c:/program files/microchip/xc8/v2.41/avr/bin/../lib/gcc/avr/5.4.0/avr5/memx-const\libgcc.a(_exit.o)
 .text.libgcc.div
                0x0000000000000000        0x0 c:/program files/microchip/xc8/v2.41/avr/bin/../lib/gcc/avr/5.4.0/avr5/memx-const\libgcc.a(_exit.o)
 .text.libgcc   0x0000000000000000        0x0 c:/program files/microchip/xc8/v2.41/avr/bin/../lib/gcc/avr/5.4.0/avr5/memx-const\libgcc.a(_exit.o)
 .text.libgcc.prologue
                0x0000000000000000        0x0 c:/program files/microchip/xc8/v2.41/avr/bin/../lib/gcc/avr/5.4.0/avr5/memx-const\libgcc.a(_exit.o)
 .stack.descriptors
                0x0000000000000000       0x13 c:/program files/microchip/xc8/v2.41/avr/bin/../lib/gcc/avr/5.4.0/avr5/memx-const\libgcc.a(_exit.o)
 .text.libgcc.builtins
                0x0000000000000000        0x0 c:/program files/microchip/xc8/v2.41/avr/bin/../lib/gcc/avr/5.4.0/avr5/memx-const\libgcc.a(_exit.o)
 .text.libgcc.fmul
                0x0000000000000000        0x0 c:/program files/microchip/xc8/v2.41/avr/bin/../lib/gcc/avr/5.4.0/avr5/memx-const\libgcc.a(_exit.o)
 .text.libgcc.fixed
                0x0000000000000000        0x0 c:/program files/microchip/xc8/v2.41/avr/bin/../lib/gcc/avr/5.4.0/avr5/memx-const\libgcc.a(_exit.o)

Memory Configuration

Name             Origin             Length             Attributes
text             0x0000000000000000 0x0000000000008000 xr
data             0x0000000000800060 0x0000000000000800 rw !x
eeprom           0x0000000000810000 0x0000000000000400 rw !x
fuse             0x0000000000820000 0x0000000000000002 rw !x
lock             0x0000000000830000 0x0000000000000400 rw !x
signature        0x0000000000840000 0x0000000000000400 rw !x
user_signatures  0x0000000000850000 0x0000000000000400 rw !x
bootrow          0x0000000000860000 0x0000000000000400 rw !x
*default*        0x0000000000000000 0xffffffffffffffff

Linker script and memory map

LOAD C:/Program Files/Microchip/MPLABX/v6.10/packs/Microchip/ATmega_DFP/3.0.158/xc8/avr/lib/avr5/memx-const/crtatmega32.o
                0x0000000000000001                __MPLAB_BUILD = 0x1
LOAD build/default/production/ECU_Layer/ecu_layer_init.o
LOAD build/default/production/MCAL_Layer/GPIO/hal_gpio.o
LOAD build/default/production/MCAL_Layer/Interrupts/EXTI/EXTI.o
LOAD build/default/production/application.o
LOAD build/default/production/ECU_Layer/LED/ecu_led.o
LOAD build/default/production/MCAL_Layer/Interrupts/GIE/GIE.o
LOAD build/default/production/MCAL_Layer/ADC/ADC.o
START GROUP
LOAD c:/program files/microchip/xc8/v2.41/avr/bin/../lib/gcc/avr/5.4.0/../../../../avr/lib/avr5/memx-const\libm.a
END GROUP
START GROUP
LOAD c:/program files/microchip/xc8/v2.41/avr/bin/../lib/gcc/avr/5.4.0/avr5/memx-const\libgcc.a
LOAD c:/program files/microchip/xc8/v2.41/avr/bin/../lib/gcc/avr/5.4.0/../../../../avr/lib/avr5/memx-const\libm.a
LOAD c:/program files/microchip/xc8/v2.41/avr/bin/../lib/gcc/avr/5.4.0/../../../../avr/lib/avr5/memx-const\libc.a
LOAD C:/Program Files/Microchip/MPLABX/v6.10/packs/Microchip/ATmega_DFP/3.0.158/xc8/avr/lib/avr5/memx-const\libatmega32.a
END GROUP
                0x0000000000000000                __TEXT_REGION_ORIGIN__ = DEFINED (__TEXT_REGION_ORIGIN__)?__TEXT_REGION_ORIGIN__:0x0
                [0x0000000000800060]                __DATA_REGION_ORIGIN__ = DEFINED (__DATA_REGION_ORIGIN__)?__DATA_REGION_ORIGIN__:0x800060
                [0x0000000000008000]                __TEXT_REGION_LENGTH__ = DEFINED (__TEXT_REGION_LENGTH__)?__TEXT_REGION_LENGTH__:0x20000
                [0x0000000000000800]                __DATA_REGION_LENGTH__ = DEFINED (__DATA_REGION_LENGTH__)?__DATA_REGION_LENGTH__:0xffa0
                [0x0000000000000400]                __EEPROM_REGION_LENGTH__ = DEFINED (__EEPROM_REGION_LENGTH__)?__EEPROM_REGION_LENGTH__:0x10000
                [0x0000000000000002]                __FUSE_REGION_LENGTH__ = DEFINED (__FUSE_REGION_LENGTH__)?__FUSE_REGION_LENGTH__:0x400
                0x0000000000000400                __LOCK_REGION_LENGTH__ = DEFINED (__LOCK_REGION_LENGTH__)?__LOCK_REGION_LENGTH__:0x400
                0x0000000000000400                __SIGNATURE_REGION_LENGTH__ = DEFINED (__SIGNATURE_REGION_LENGTH__)?__SIGNATURE_REGION_LENGTH__:0x400
                0x0000000000000400                __USER_SIGNATURE_REGION_LENGTH__ = DEFINED (__USER_SIGNATURE_REGION_LENGTH__)?__USER_SIGNATURE_REGION_LENGTH__:0x400
                0x0000000000000400                __BOOTROW_REGION_LENGTH__ = DEFINED (__BOOTROW_REGION_LENGTH__)?__BOOTROW_REGION_LENGTH__:0x400

.hash
 *(.hash)

.dynsym
 *(.dynsym)

.dynstr
 *(.dynstr)

.gnu.version
 *(.gnu.version)

.gnu.version_d
 *(.gnu.version_d)

.gnu.version_r
 *(.gnu.version_r)

.rel.init
 *(.rel.init)

.rela.init
 *(.rela.init)

.rel.text
 *(.rel.text)
 *(.rel.text.*)
 *(.rel.gnu.linkonce.t*)

.rela.text
 *(.rela.text)
 *(.rela.text.*)
 *(.rela.gnu.linkonce.t*)

.rel.fini
 *(.rel.fini)

.rela.fini
 *(.rela.fini)

.rel.rodata
 *(.rel.rodata)
 *(.rel.rodata.*)
 *(.rel.gnu.linkonce.r*)

.rela.rodata
 *(.rela.rodata)
 *(.rela.rodata.*)
 *(.rela.gnu.linkonce.r*)

.rel.data
 *(.rel.data)
 *(.rel.data.*)
 *(.rel.gnu.linkonce.d*)

.rela.data
 *(.rela.data)
 *(.rela.data.*)
 *(.rela.gnu.linkonce.d*)

.rel.ctors
 *(.rel.ctors)

.rela.ctors
 *(.rela.ctors)

.rel.dtors
 *(.rel.dtors)

.rela.dtors
 *(.rela.dtors)

.rel.got
 *(.rel.got)

.rela.got
 *(.rela.got)

.rel.bss
 *(.rel.bss)

.rela.bss
 *(.rela.bss)

.rel.plt
 *(.rel.plt)

.rela.plt
 *(.rela.plt)

.text           0x0000000000000000       0xc0
 *(.vectors)
 .vectors       0x0000000000000000       0x54 C:/Program Files/Microchip/MPLABX/v6.10/packs/Microchip/ATmega_DFP/3.0.158/xc8/avr/lib/avr5/memx-const/crtatmega32.o
                0x0000000000000000                __vector_default
                0x0000000000000000                __vectors
 *(.vectors)
 *(.progmem.gcc*)
 *(.dinit)
 .dinit         0x0000000000000054       0x18 data_init
                0x000000000000006c                . = ALIGN (0x2)
 *fill*         0x000000000000006c        0x0 
                0x000000000000006c                __trampolines_start = .
 *(.trampolines)
 .trampolines   0x000000000000006c        0x0 linker stubs
 *(.trampolines*)
                0x000000000000006c                __trampolines_end = .
 *libprintf_flt.a:*(.progmem.data)
 *libc.a:*(.progmem.data)
                0x000000000000006c                . = ALIGN (0x2)
 *(.jumptables)
 *(.jumptables*)
 *(.lowtext)
 *(.lowtext*)
                0x000000000000006c                __ctors_start = .
 *(.ctors)
                0x000000000000006c                __ctors_end = .
                0x000000000000006c                __dtors_start = .
 *(.dtors)
                0x000000000000006c                __dtors_end = .
 SORT(*)(.ctors)
 SORT(*)(.dtors)
 *(.init0)
 .init0         0x000000000000006c        0x0 C:/Program Files/Microchip/MPLABX/v6.10/packs/Microchip/ATmega_DFP/3.0.158/xc8/avr/lib/avr5/memx-const/crtatmega32.o
                0x000000000000006c                __init
 *(.init0)
 *(.init1)
 *(.init1)
 *(.init2)
 .init2         0x000000000000006c        0xc C:/Program Files/Microchip/MPLABX/v6.10/packs/Microchip/ATmega_DFP/3.0.158/xc8/avr/lib/avr5/memx-const/crtatmega32.o
 *(.init2)
 *(.init3)
 *(.init3)
 *(.init4)
 .init4         0x0000000000000078       0x3c c:/program files/microchip/xc8/v2.41/avr/bin/../lib/gcc/avr/5.4.0/avr5/memx-const\libgcc.a(_copy_data.o)
                0x0000000000000078                __do_copy_data
                0x00000000000000a6                __do_clear_bss
 *(.init4)
 *(.init5)
 *(.init5)
 *(.init6)
 *(.init6)
 *(.init7)
 *(.init7)
 *(.init8)
 *(.init8)
 *(.init9)
 .init9         0x00000000000000b4        0x8 C:/Program Files/Microchip/MPLABX/v6.10/packs/Microchip/ATmega_DFP/3.0.158/xc8/avr/lib/avr5/memx-const/crtatmega32.o
 *(.init9)
                0x00000000000000bc                . = ALIGN (0x2)
 *(.fini9)
 .fini9         0x00000000000000bc        0x0 c:/program files/microchip/xc8/v2.41/avr/bin/../lib/gcc/avr/5.4.0/avr5/memx-const\libgcc.a(_exit.o)
                0x00000000000000bc                _exit
 *(.fini9)
 *(.fini8)
 *(.fini8)
 *(.fini7)
 *(.fini7)
 *(.fini6)
 *(.fini6)
 *(.fini5)
 *(.fini5)
 *(.fini4)
 *(.fini4)
 *(.fini3)
 *(.fini3)
 *(.fini2)
 *(.fini2)
 *(.fini1)
 *(.fini1)
 *(.fini0)
 .fini0         0x00000000000000bc        0x4 c:/program files/microchip/xc8/v2.41/avr/bin/../lib/gcc/avr/5.4.0/avr5/memx-const\libgcc.a(_exit.o)
 *(.fini0)
                0x00000000000000c0                _etext = .

.data           0x0000000000800060        0x0 load address 0x00000000000000c0
                [!provide]                        PROVIDE (__data_start, .)
 *(.gnu.linkonce.d*)
 *(.gnu.linkonce.r*)
                0x0000000000800060                . = ALIGN (0x2)
                0x0000000000800060                _edata = .
                [!provide]                        PROVIDE (__data_end, .)

.bss            0x0000000000800060        0x0
                [!provide]                        PROVIDE (__bss_start, .)
 *(COMMON)
                [!provide]                        PROVIDE (__bss_end, .)
                0x00000000000000c0                __data_load_start = LOADADDR (.data)
                0x00000000000000c0                __data_load_end = (__data_load_start + SIZEOF (.data))

.noinit         0x0000000000800060        0x0
                [!provide]                        PROVIDE (__noinit_start, .)
 *(.noinit*)
                [!provide]                        PROVIDE (__noinit_end, .)
                0x0000000000800060                _end = .

.eeprom         0x0000000000810000        0x0
 *(.eeprom*)
                0x0000000000810000                __eeprom_end = .

.fuse
 *(.fuse)
 *(.lfuse)
 *(.hfuse)
 *(.efuse)

.lock
 *(.lock*)

.signature
 *(.signature*)

.user_signatures
 *(.user_signatures*)

.bootrow
 *(.bootrow*)

.stab
 *(.stab)

.stabstr
 *(.stabstr)

.stab.excl
 *(.stab.excl)

.stab.exclstr
 *(.stab.exclstr)

.stab.index
 *(.stab.index)

.stab.indexstr
 *(.stab.indexstr)

.comment        0x0000000000000000       0x5b
 *(.comment)
 .comment       0x0000000000000000       0x2f build/default/production/ECU_Layer/ecu_layer_init.o
                                         0x30 (size before relaxing)
 .comment       0x000000000000002f       0x30 build/default/production/MCAL_Layer/GPIO/hal_gpio.o
 .comment       0x000000000000002f       0x30 build/default/production/MCAL_Layer/Interrupts/EXTI/EXTI.o
 .comment       0x000000000000002f       0x30 build/default/production/application.o
 .comment       0x000000000000002f       0x30 build/default/production/ECU_Layer/LED/ecu_led.o
 .comment       0x000000000000002f       0x30 build/default/production/MCAL_Layer/ADC/ADC.o
 .comment       0x000000000000002f       0x2c c:/program files/microchip/xc8/v2.41/avr/bin/../lib/gcc/avr/5.4.0/../../../../avr/lib/avr5/memx-const\libc.a(exit.o)
                                         0x2d (size before relaxing)
 .comment       0x000000000000005b       0x2d c:/program files/microchip/xc8/v2.41/avr/bin/../lib/gcc/avr/5.4.0/../../../../avr/lib/avr5/memx-const\libc.a(_Exit.o)

.stack.descriptors.hdr
                0x0000000000000000       0x2a
 .stack.descriptors.hdr
                0x0000000000000000        0xe c:/program files/microchip/xc8/v2.41/avr/bin/../lib/gcc/avr/5.4.0/../../../../avr/lib/avr5/memx-const\libc.a(exit.o)
 .stack.descriptors.hdr
                0x000000000000000e        0xe c:/program files/microchip/xc8/v2.41/avr/bin/../lib/gcc/avr/5.4.0/../../../../avr/lib/avr5/memx-const\libc.a(_Exit.o)
 .stack.descriptors.hdr
                0x000000000000001c        0xe c:/program files/microchip/xc8/v2.41/avr/bin/../lib/gcc/avr/5.4.0/avr5/memx-const\libgcc.a(_exit.o)

.note.GNU-stack
                0x0000000000000000        0x0
 .note.GNU-stack
                0x0000000000000000        0x0 c:/program files/microchip/xc8/v2.41/avr/bin/../lib/gcc/avr/5.4.0/../../../../avr/lib/avr5/memx-const\libc.a(exit.o)
 .note.GNU-stack
                0x0000000000000000        0x0 c:/program files/microchip/xc8/v2.41/avr/bin/../lib/gcc/avr/5.4.0/../../../../avr/lib/avr5/memx-const\libc.a(_Exit.o)

.note.gnu.build-id
 *(.note.gnu.build-id)

.debug
 *(.debug)

.line
 *(.line)

.debug_srcinfo
 *(.debug_srcinfo)

.debug_sfnames
 *(.debug_sfnames)

.debug_aranges  0x0000000000000000      0x1b0
 *(.debug_aranges)
 .debug_aranges
                0x0000000000000000       0x20 build/default/production/ECU_Layer/ecu_layer_init.o
 .debug_aranges
                0x0000000000000020       0x70 build/default/production/MCAL_Layer/GPIO/hal_gpio.o
 .debug_aranges
                0x0000000000000090       0x58 build/default/production/MCAL_Layer/Interrupts/EXTI/EXTI.o
 .debug_aranges
                0x00000000000000e8       0x28 build/default/production/application.o
 .debug_aranges
                0x0000000000000110       0x38 build/default/production/ECU_Layer/LED/ecu_led.o
 .debug_aranges
                0x0000000000000148       0x68 build/default/production/MCAL_Layer/ADC/ADC.o

.debug_pubnames
 *(.debug_pubnames)

.debug_info     0x0000000000000000     0x2ac7
 *(.debug_info .gnu.linkonce.wi.*)
 .debug_info    0x0000000000000000      0x4e6 C:/Program Files/Microchip/MPLABX/v6.10/packs/Microchip/ATmega_DFP/3.0.158/xc8/avr/lib/avr5/memx-const/crtatmega32.o
 .debug_info    0x00000000000004e6      0x557 build/default/production/ECU_Layer/ecu_layer_init.o
 .debug_info    0x0000000000000a3d      0x8ec build/default/production/MCAL_Layer/GPIO/hal_gpio.o
 .debug_info    0x0000000000001329      0x543 build/default/production/MCAL_Layer/Interrupts/EXTI/EXTI.o
 .debug_info    0x000000000000186c      0x5cf build/default/production/application.o
 .debug_info    0x0000000000001e3b      0x5d8 build/default/production/ECU_Layer/LED/ecu_led.o
 .debug_info    0x0000000000002413      0x6b4 build/default/production/MCAL_Layer/ADC/ADC.o

.debug_abbrev   0x0000000000000000      0xb61
 *(.debug_abbrev)
 .debug_abbrev  0x0000000000000000      0x4a3 C:/Program Files/Microchip/MPLABX/v6.10/packs/Microchip/ATmega_DFP/3.0.158/xc8/avr/lib/avr5/memx-const/crtatmega32.o
 .debug_abbrev  0x00000000000004a3       0xbf build/default/production/ECU_Layer/ecu_layer_init.o
 .debug_abbrev  0x0000000000000562      0x12f build/default/production/MCAL_Layer/GPIO/hal_gpio.o
 .debug_abbrev  0x0000000000000691      0x12b build/default/production/MCAL_Layer/Interrupts/EXTI/EXTI.o
 .debug_abbrev  0x00000000000007bc      0x187 build/default/production/application.o
 .debug_abbrev  0x0000000000000943      0x100 build/default/production/ECU_Layer/LED/ecu_led.o
 .debug_abbrev  0x0000000000000a43      0x11e build/default/production/MCAL_Layer/ADC/ADC.o

.debug_line     0x0000000000000000      0xf30
 *(.debug_line .debug_line.* .debug_line_end)
 .debug_line    0x0000000000000000      0x119 C:/Program Files/Microchip/MPLABX/v6.10/packs/Microchip/ATmega_DFP/3.0.158/xc8/avr/lib/avr5/memx-const/crtatmega32.o
 .debug_line    0x0000000000000119       0xf2 build/default/production/ECU_Layer/ecu_layer_init.o
 .debug_line    0x000000000000020b      0x398 build/default/production/MCAL_Layer/GPIO/hal_gpio.o
 .debug_line    0x00000000000005a3      0x232 build/default/production/MCAL_Layer/Interrupts/EXTI/EXTI.o
 .debug_line    0x00000000000007d5      0x258 build/default/production/application.o
 .debug_line    0x0000000000000a2d      0x1e1 build/default/production/ECU_Layer/LED/ecu_led.o
 .debug_line    0x0000000000000c0e      0x322 build/default/production/MCAL_Layer/ADC/ADC.o

.debug_frame    0x0000000000000000      0x398
 *(.debug_frame)
 .debug_frame   0x0000000000000000       0x24 build/default/production/ECU_Layer/ecu_layer_init.o
 .debug_frame   0x0000000000000024       0xd4 build/default/production/MCAL_Layer/GPIO/hal_gpio.o
 .debug_frame   0x00000000000000f8       0xdc build/default/production/MCAL_Layer/Interrupts/EXTI/EXTI.o
 .debug_frame   0x00000000000001d4       0x34 build/default/production/application.o
 .debug_frame   0x0000000000000208       0x94 build/default/production/ECU_Layer/LED/ecu_led.o
 .debug_frame   0x000000000000029c       0xfc build/default/production/MCAL_Layer/ADC/ADC.o

.debug_str      0x0000000000000000      0x2d4
 *(.debug_str)
 .debug_str     0x0000000000000000      0x196 C:/Program Files/Microchip/MPLABX/v6.10/packs/Microchip/ATmega_DFP/3.0.158/xc8/avr/lib/avr5/memx-const/crtatmega32.o
 .debug_str     0x0000000000000196        0xf build/default/production/ECU_Layer/ecu_layer_init.o
 .debug_str     0x00000000000001a5       0x3d build/default/production/MCAL_Layer/GPIO/hal_gpio.o
 .debug_str     0x00000000000001e2       0x1f build/default/production/MCAL_Layer/Interrupts/EXTI/EXTI.o
 .debug_str     0x0000000000000201       0x4f build/default/production/application.o
 .debug_str     0x0000000000000250       0x52 build/default/production/ECU_Layer/LED/ecu_led.o
 .debug_str     0x00000000000002a2       0x32 build/default/production/MCAL_Layer/ADC/ADC.o

.debug_loc      0x0000000000000000      0xa6e
 *(.debug_loc)
 .debug_loc     0x0000000000000000       0x14 build/default/production/ECU_Layer/ecu_layer_init.o
 .debug_loc     0x0000000000000014      0x30f build/default/production/MCAL_Layer/GPIO/hal_gpio.o
 .debug_loc     0x0000000000000323      0x1fd build/default/production/MCAL_Layer/Interrupts/EXTI/EXTI.o
 .debug_loc     0x0000000000000520       0x8c build/default/production/application.o
 .debug_loc     0x00000000000005ac      0x24c build/default/production/ECU_Layer/LED/ecu_led.o
 .debug_loc     0x00000000000007f8      0x276 build/default/production/MCAL_Layer/ADC/ADC.o

.debug_macinfo
 *(.debug_macinfo)

.debug_weaknames
 *(.debug_weaknames)

.debug_funcnames
 *(.debug_funcnames)

.debug_typenames
 *(.debug_typenames)

.debug_varnames
 *(.debug_varnames)

.debug_pubtypes
 *(.debug_pubtypes)

.debug_ranges   0x0000000000000000      0x150
 *(.debug_ranges)
 .debug_ranges  0x0000000000000000       0x10 build/default/production/ECU_Layer/ecu_layer_init.o
 .debug_ranges  0x0000000000000010       0x60 build/default/production/MCAL_Layer/GPIO/hal_gpio.o
 .debug_ranges  0x0000000000000070       0x48 build/default/production/MCAL_Layer/Interrupts/EXTI/EXTI.o
 .debug_ranges  0x00000000000000b8       0x18 build/default/production/application.o
 .debug_ranges  0x00000000000000d0       0x28 build/default/production/ECU_Layer/LED/ecu_led.o
 .debug_ranges  0x00000000000000f8       0x58 build/default/production/MCAL_Layer/ADC/ADC.o

.debug_macro
 *(.debug_macro)
OUTPUT(dist/default/production/Test_AVR.X.production.elf elf32-avr)
LOAD linker stubs
LOAD data_init

.note.gnu.avr.deviceinfo
                0x0000000000000000       0x3c
 .note.gnu.avr.deviceinfo
                0x0000000000000000       0x3c C:/Program Files/Microchip/MPLABX/v6.10/packs/Microchip/ATmega_DFP/3.0.158/xc8/avr/lib/avr5/memx-const/crtatmega32.o

.bss.EXTI_CallBack
                0x0000000000800080        0x6
 .bss.EXTI_CallBack
                0x0000000000800080        0x6 build/default/production/MCAL_Layer/Interrupts/EXTI/EXTI.o
                0x0000000000800080                EXTI_CallBack

.bss.leds_on_counter
                0x0000000000800096        0x1
 .bss.leds_on_counter
                0x0000000000800096        0x1 build/default/production/application.o
                0x0000000000800096                leds_on_counter

.bss.Pot_value  0x0000000000800086        0x2
 .bss.Pot_value
                0x0000000000800086        0x2 build/default/production/application.o
                0x0000000000800086                Pot_value

.bss.ADC_u8State
                0x0000000000800097        0x1
 .bss.ADC_u8State
                0x0000000000800097        0x1 build/default/production/MCAL_Layer/ADC/ADC.o

.bss.ADC_u8Index
                0x0000000000800098        0x1
 .bss.ADC_u8Index
                0x0000000000800098        0x1 build/default/production/MCAL_Layer/ADC/ADC.o

.bss.ADC_u8ChainSize
                0x0000000000800099        0x1
 .bss.ADC_u8ChainSize
                0x0000000000800099        0x1 build/default/production/MCAL_Layer/ADC/ADC.o

.bss.ADC_pu8ChainChannel
                0x0000000000800088        0x2
 .bss.ADC_pu8ChainChannel
                0x0000000000800088        0x2 build/default/production/MCAL_Layer/ADC/ADC.o

.bss.ADC_u8ISRState
                0x000000000080009a        0x1
 .bss.ADC_u8ISRState
                0x000000000080009a        0x1 build/default/production/MCAL_Layer/ADC/ADC.o

.bss.ADC_pvNotificationFunc
                0x000000000080008a        0x2
 .bss.ADC_pvNotificationFunc
                0x000000000080008a        0x2 build/default/production/MCAL_Layer/ADC/ADC.o

.bss.ADC_pu16AsynchConversionResult
                0x000000000080008c        0x2
 .bss.ADC_pu16AsynchConversionResult
                0x000000000080008c        0x2 build/default/production/MCAL_Layer/ADC/ADC.o

.text.main      0x00000000000000c0      0x10e
 .text.main     0x00000000000000c0      0x10e build/default/production/application.o
                0x00000000000000c0                main

.text.__vector_16
                0x00000000000001ce       0xca
 .text.__vector_16
                0x00000000000001ce       0xca build/default/production/MCAL_Layer/ADC/ADC.o
                0x00000000000001ce                __vector_16

.text.gpio_pin_direction_initialize
                0x0000000000000298       0xa6
 .text.gpio_pin_direction_initialize
                0x0000000000000298       0xa6 build/default/production/MCAL_Layer/GPIO/hal_gpio.o
                0x0000000000000298                gpio_pin_direction_initialize

.text.gpio_pin_write_logic
                0x000000000000033e       0x98
 .text.gpio_pin_write_logic
                0x000000000000033e       0x98 build/default/production/MCAL_Layer/GPIO/hal_gpio.o
                0x000000000000033e                gpio_pin_write_logic

.text.led_turn_on
                0x00000000000003d6       0x68
 .text.led_turn_on
                0x00000000000003d6       0x68 build/default/production/ECU_Layer/LED/ecu_led.o
                0x00000000000003d6                led_turn_on

.text.led_turn_off
                0x000000000000043e       0x68
 .text.led_turn_off
                0x000000000000043e       0x68 build/default/production/ECU_Layer/LED/ecu_led.o
                0x000000000000043e                led_turn_off

.text.led_initialize
                0x00000000000004a6       0x66
 .text.led_initialize
                0x00000000000004a6       0x66 build/default/production/ECU_Layer/LED/ecu_led.o
                0x00000000000004a6                led_initialize

.text.ADC_u8GetResultSync
                0x000000000000050c       0x66
 .text.ADC_u8GetResultSync
                0x000000000000050c       0x66 build/default/production/MCAL_Layer/ADC/ADC.o
                0x000000000000050c                ADC_u8GetResultSync

.text.__vector_2
                0x0000000000000572       0x58
 .text.__vector_2
                0x0000000000000572       0x58 build/default/production/MCAL_Layer/Interrupts/EXTI/EXTI.o
                0x0000000000000572                __vector_2

.text.ecu_layer_initialize
                0x00000000000005ca       0x52
 .text.ecu_layer_initialize
                0x00000000000005ca       0x52 build/default/production/ECU_Layer/ecu_layer_init.o
                0x00000000000005ca                ecu_layer_initialize

.text.gpio_pin_initialize
                0x000000000000061c       0x38
 .text.gpio_pin_initialize
                0x000000000000061c       0x38 build/default/production/MCAL_Layer/GPIO/hal_gpio.o
                0x000000000000061c                gpio_pin_initialize

.text.ADC_voidInit
                0x0000000000000654       0x18
 .text.ADC_voidInit
                0x0000000000000654       0x18 build/default/production/MCAL_Layer/ADC/ADC.o
                0x0000000000000654                ADC_voidInit

.text.EXTI_voidClearFlag
                0x000000000000066c       0x16
 .text.EXTI_voidClearFlag
                0x000000000000066c       0x16 build/default/production/MCAL_Layer/Interrupts/EXTI/EXTI.o
                0x000000000000066c                EXTI_voidClearFlag

.text.exit      0x0000000000000682       0x16
 .text.exit     0x0000000000000682       0x16 c:/program files/microchip/xc8/v2.41/avr/bin/../lib/gcc/avr/5.4.0/../../../../avr/lib/avr5/memx-const\libc.a(exit.o)
                0x0000000000000682                exit

.text.application_initialize
                0x0000000000000698        0xa
 .text.application_initialize
                0x0000000000000698        0xa build/default/production/application.o
                0x0000000000000698                application_initialize

.text           0x00000000000006a2        0x4
 .text          0x00000000000006a2        0x4 C:/Program Files/Microchip/MPLABX/v6.10/packs/Microchip/ATmega_DFP/3.0.158/xc8/avr/lib/avr5/memx-const/crtatmega32.o
                0x00000000000006a2                __vector_1
                0x00000000000006a2                __vector_12
                0x00000000000006a2                __bad_interrupt
                0x00000000000006a2                __vector_6
                0x00000000000006a2                __vector_3
                0x00000000000006a2                __vector_11
                0x00000000000006a2                __vector_13
                0x00000000000006a2                __vector_17
                0x00000000000006a2                __vector_19
                0x00000000000006a2                __vector_7
                0x00000000000006a2                __vector_5
                0x00000000000006a2                __vector_4
                0x00000000000006a2                __vector_9
                0x00000000000006a2                __vector_15
                0x00000000000006a2                __vector_8
                0x00000000000006a2                __vector_14
                0x00000000000006a2                __vector_10
                0x00000000000006a2                __vector_18
                0x00000000000006a2                __vector_20

.text._Exit     0x00000000000006a6        0x4
 .text._Exit    0x00000000000006a6        0x4 c:/program files/microchip/xc8/v2.41/avr/bin/../lib/gcc/avr/5.4.0/../../../../avr/lib/avr5/memx-const\libc.a(_Exit.o)
                0x00000000000006a6                _Exit

.text.__dummy_fini
                0x00000000000006aa        0x2
 .text.__dummy_fini
                0x00000000000006aa        0x2 c:/program files/microchip/xc8/v2.41/avr/bin/../lib/gcc/avr/5.4.0/../../../../avr/lib/avr5/memx-const\libc.a(exit.o)
                0x00000000000006aa                _fini

.text.__dummy_funcs_on_exit
                0x00000000000006ac        0x2
 .text.__dummy_funcs_on_exit
                0x00000000000006ac        0x2 c:/program files/microchip/xc8/v2.41/avr/bin/../lib/gcc/avr/5.4.0/../../../../avr/lib/avr5/memx-const\libc.a(exit.o)
                0x00000000000006ac                __funcs_on_exit

.text.__dummy_simulator_exit
                0x00000000000006ae        0x2
 .text.__dummy_simulator_exit
                0x00000000000006ae        0x2 c:/program files/microchip/xc8/v2.41/avr/bin/../lib/gcc/avr/5.4.0/../../../../avr/lib/avr5/memx-const\libc.a(exit.o)
                0x00000000000006ae                __simulator_exit

.data.leds      0x0000000000800060       0x10 load address 0x00000000000006b0
 .data.leds     0x0000000000800060       0x10 build/default/production/application.o
                0x0000000000800060                leds

.data.port_registers
                0x0000000000800070        0x8 load address 0x00000000000006c0
 .data.port_registers
                0x0000000000800070        0x8 build/default/production/MCAL_Layer/GPIO/hal_gpio.o
                0x0000000000800070                port_registers

.data.data_direction_registers
                0x0000000000800078        0x8 load address 0x00000000000006c8
 .data.data_direction_registers
                0x0000000000800078        0x8 build/default/production/MCAL_Layer/GPIO/hal_gpio.o
                0x0000000000800078                data_direction_registers

.data.led_8     0x000000000080008e        0x1 load address 0x00000000000006d0
 .data.led_8    0x000000000080008e        0x1 build/default/production/ECU_Layer/ecu_layer_init.o
                0x000000000080008e                led_8

.data.led_7     0x000000000080008f        0x1 load address 0x00000000000006d1
 .data.led_7    0x000000000080008f        0x1 build/default/production/ECU_Layer/ecu_layer_init.o
                0x000000000080008f                led_7

.data.led_6     0x0000000000800090        0x1 load address 0x00000000000006d2
 .data.led_6    0x0000000000800090        0x1 build/default/production/ECU_Layer/ecu_layer_init.o
                0x0000000000800090                led_6

.data.led_5     0x0000000000800091        0x1 load address 0x00000000000006d3
 .data.led_5    0x0000000000800091        0x1 build/default/production/ECU_Layer/ecu_layer_init.o
                0x0000000000800091                led_5

.data.led_4     0x0000000000800092        0x1 load address 0x00000000000006d4
 .data.led_4    0x0000000000800092        0x1 build/default/production/ECU_Layer/ecu_layer_init.o
                0x0000000000800092                led_4

.data.led_3     0x0000000000800093        0x1 load address 0x00000000000006d5
 .data.led_3    0x0000000000800093        0x1 build/default/production/ECU_Layer/ecu_layer_init.o
                0x0000000000800093                led_3

.data.led_2     0x0000000000800094        0x1 load address 0x00000000000006d6
 .data.led_2    0x0000000000800094        0x1 build/default/production/ECU_Layer/ecu_layer_init.o
                0x0000000000800094                led_2

.data.led_1     0x0000000000800095        0x1 load address 0x00000000000006d7
 .data.led_1    0x0000000000800095        0x1 build/default/production/ECU_Layer/ecu_layer_init.o
                0x0000000000800095                led_1
